2026-09-16 17:12:38,183 [INFO] ============================================================
2026-09-16 17:12:38,183 [INFO]   NSE Fetcher v2 (Cloudflare-proof) -- 2026-09-16
2026-09-16 17:12:38,183 [INFO] ============================================================
2026-09-16 17:12:38,313 [INFO]   HTTP engine: curl_cffi
2026-09-16 17:12:38,447 [INFO]   Warm-up https://www.nseindia.com -> 200
2026-09-16 17:12:40,495 [INFO]   Warm-up market-data -> 200
2026-09-16 17:12:41,004 [INFO]   Session engine: curl_cffi
2026-09-16 17:12:41,130 [INFO] 
-- 1/6  EQUITY --
2026-09-16 17:12:41,130 [INFO]   [1/3] GET https://archives.nseindia.com/content/historical/EQUITIES/2026/SEP/cm16SEP2026bhav.csv.zip
2026-09-16 17:12:41,591 [WARNING]   404 — file not on NSE (holiday or wrong date)
2026-09-16 17:12:41,592 [INFO]   [1/3] GET https://archives.nseindia.com/archives/equities/bhavcopy/cm16SEP2026.csv.zip
2026-09-16 17:12:41,862 [WARNING]   404 — file not on NSE (holiday or wrong date)
2026-09-16 17:12:41,862 [INFO]   [1/3] GET https://nsearchives.nseindia.com/content/cm/BhavCopy_NSE_CM_0_0_0_20260916_F_0000.csv.zip
2026-09-16 17:12:42,270 [INFO]   OK 205,671 bytes
2026-09-16 17:12:42,284 [INFO]   Extracted 'BhavCopy_NSE_CM_0_0_0_20260916_F_0000.csv': 3,669 rows x 34 cols
2026-09-16 17:12:42,339 [INFO]   Saved -> data/equity/2026/09/2026-09-16.csv
2026-09-16 17:12:42,340 [INFO] 
-- 2/6  F&O --
2026-09-16 17:12:42,340 [INFO]   [1/3] GET https://archives.nseindia.com/content/historical/DERIVATIVES/2026/SEP/fo16SEP2026bhav.csv.zip
2026-09-16 17:12:42,630 [WARNING]   404 — file not on NSE (holiday or wrong date)
2026-09-16 17:12:42,630 [INFO]   [1/3] GET https://archives.nseindia.com/archives/derivatives/bhavcopy/fo16SEP2026.csv.zip
2026-09-16 17:12:42,911 [WARNING]   404 — file not on NSE (holiday or wrong date)
2026-09-16 17:12:42,911 [INFO]   [1/3] GET https://nsearchives.nseindia.com/content/fo/BhavCopy_NSE_FO_0_0_0_20260916_F_0000.csv.zip
2026-09-16 17:12:43,246 [INFO]   OK 1,121,793 bytes
2026-09-16 17:12:43,316 [INFO]   Extracted 'BhavCopy_NSE_FO_0_0_0_20260916_F_0000.csv': 35,657 rows x 34 cols
2026-09-16 17:12:43,758 [INFO]   Saved -> data/fo/2026/09/2026-09-16.csv
2026-09-16 17:12:43,761 [INFO] 
-- 3/6  INDEX --
2026-09-16 17:12:43,761 [INFO]   [1/3] GET https://archives.nseindia.com/content/indices/ind_close_all_16092026.csv
2026-09-16 17:12:44,038 [INFO]   OK 15,566 bytes
2026-09-16 17:12:44,041 [INFO]   Saved -> data/index/2026/09/2026-09-16.csv
2026-09-16 17:12:44,041 [INFO] 
-- 4/6  DELIVERY --
2026-09-16 17:12:44,041 [INFO]   [1/3] GET https://archives.nseindia.com/archives/equities/mto/MTO_16092026.DAT
2026-09-16 17:12:44,372 [INFO]   OK 127,265 bytes
2026-09-16 17:12:44,377 [INFO]   [1/3] GET https://archives.nseindia.com/archives/equities/bhavcopy/sec_bhavdata16SEP2026.csv
2026-09-16 17:12:44,666 [WARNING]   404 — file not on NSE (holiday or wrong date)
2026-09-16 17:12:44,667 [INFO] 
-- 5/6  CORPORATE ACTIONS --
2026-09-16 17:12:44,667 [INFO]   [1/3] GET https://www.nseindia.com/corporates/shownCorporateActions?index=equities&from_date=09-09-2026&to_date=16-09-2026
2026-09-16 17:12:45,071 [WARNING]   404 — file not on NSE (holiday or wrong date)
2026-09-16 17:12:45,071 [INFO] 
-- 6/6  SME --
2026-09-16 17:12:45,071 [INFO]   [1/3] GET https://archives.nseindia.com/content/historical/EQUITIES/2026/SEP/SME16SEP2026BHAV.csv.zip
2026-09-16 17:12:45,355 [WARNING]   404 — file not on NSE (holiday or wrong date)
2026-09-16 17:12:45,355 [INFO]   [1/3] GET https://nsearchives.nseindia.com/content/cm/BhavCopy_NSE_SME_0_0_0_20260916_F_0000.csv.zip
2026-09-16 17:12:45,690 [WARNING]   404 — file not on NSE (holiday or wrong date)
2026-09-16 17:12:45,690 [INFO] 
-- MANIFEST --
2026-09-16 17:12:45,705 [INFO]   Manifest + summary updated.
2026-09-16 17:12:45,705 [INFO] 
============================================================
2026-09-16 17:12:45,705 [INFO]   OK  equity
2026-09-16 17:12:45,705 [INFO]   OK  fo
2026-09-16 17:12:45,705 [INFO]   OK  index
2026-09-16 17:12:45,705 [INFO]   FAIL  delivery
2026-09-16 17:12:45,705 [INFO]   FAIL  corporate_actions
2026-09-16 17:12:45,705 [INFO]   FAIL  sme
2026-09-16 17:12:45,705 [INFO] ============================================================
