2026-06-08 16:35:21,830 [INFO] ============================================================
2026-06-08 16:35:21,830 [INFO]   NSE Fetcher v2 (Cloudflare-proof) -- 2026-06-08
2026-06-08 16:35:21,830 [INFO] ============================================================
2026-06-08 16:35:23,329 [INFO]   HTTP engine: curl_cffi
2026-06-08 16:35:23,444 [INFO]   Warm-up https://www.nseindia.com -> 200
2026-06-08 16:35:25,295 [INFO]   Warm-up market-data -> 200
2026-06-08 16:35:25,854 [INFO]   Session engine: curl_cffi
2026-06-08 16:35:25,994 [INFO] 
-- 1/6  EQUITY --
2026-06-08 16:35:25,994 [INFO]   [1/3] GET https://archives.nseindia.com/content/historical/EQUITIES/2026/JUN/cm08JUN2026bhav.csv.zip
2026-06-08 16:35:26,252 [WARNING]   404 — file not on NSE (holiday or wrong date)
2026-06-08 16:35:26,252 [INFO]   [1/3] GET https://archives.nseindia.com/archives/equities/bhavcopy/cm08JUN2026.csv.zip
2026-06-08 16:35:26,512 [WARNING]   404 — file not on NSE (holiday or wrong date)
2026-06-08 16:35:26,512 [INFO]   [1/3] GET https://nsearchives.nseindia.com/content/cm/BhavCopy_NSE_CM_0_0_0_20260608_F_0000.csv.zip
2026-06-08 16:35:27,238 [INFO]   OK 191,508 bytes
2026-06-08 16:35:27,255 [INFO]   Extracted 'BhavCopy_NSE_CM_0_0_0_20260608_F_0000.csv': 3,414 rows x 34 cols
2026-06-08 16:35:27,316 [INFO]   Saved -> data/equity/2026/06/2026-06-08.csv
2026-06-08 16:35:27,316 [INFO] 
-- 2/6  F&O --
2026-06-08 16:35:27,317 [INFO]   [1/3] GET https://archives.nseindia.com/content/historical/DERIVATIVES/2026/JUN/fo08JUN2026bhav.csv.zip
2026-06-08 16:35:27,591 [WARNING]   404 — file not on NSE (holiday or wrong date)
2026-06-08 16:35:27,591 [INFO]   [1/3] GET https://archives.nseindia.com/archives/derivatives/bhavcopy/fo08JUN2026.csv.zip
2026-06-08 16:35:27,884 [WARNING]   404 — file not on NSE (holiday or wrong date)
2026-06-08 16:35:27,884 [INFO]   [1/3] GET https://nsearchives.nseindia.com/content/fo/BhavCopy_NSE_FO_0_0_0_20260608_F_0000.csv.zip
2026-06-08 16:35:29,508 [INFO]   OK 1,231,769 bytes
2026-06-08 16:35:29,606 [INFO]   Extracted 'BhavCopy_NSE_FO_0_0_0_20260608_F_0000.csv': 40,604 rows x 34 cols
2026-06-08 16:35:30,239 [INFO]   Saved -> data/fo/2026/06/2026-06-08.csv
2026-06-08 16:35:30,242 [INFO] 
-- 3/6  INDEX --
2026-06-08 16:35:30,242 [INFO]   [1/3] GET https://archives.nseindia.com/content/indices/ind_close_all_08062026.csv
2026-06-08 16:35:30,568 [INFO]   OK 15,938 bytes
2026-06-08 16:35:30,572 [INFO]   Saved -> data/index/2026/06/2026-06-08.csv
2026-06-08 16:35:30,572 [INFO] 
-- 4/6  DELIVERY --
2026-06-08 16:35:30,572 [INFO]   [1/3] GET https://archives.nseindia.com/archives/equities/mto/MTO_08062026.DAT
2026-06-08 16:35:31,250 [INFO]   OK 118,022 bytes
2026-06-08 16:35:31,255 [INFO]   [1/3] GET https://archives.nseindia.com/archives/equities/bhavcopy/sec_bhavdata08JUN2026.csv
2026-06-08 16:35:31,568 [WARNING]   404 — file not on NSE (holiday or wrong date)
2026-06-08 16:35:31,568 [INFO] 
-- 5/6  CORPORATE ACTIONS --
2026-06-08 16:35:31,568 [INFO]   [1/3] GET https://www.nseindia.com/corporates/shownCorporateActions?index=equities&from_date=01-06-2026&to_date=08-06-2026
2026-06-08 16:35:32,055 [WARNING]   404 — file not on NSE (holiday or wrong date)
2026-06-08 16:35:32,055 [INFO] 
-- 6/6  SME --
2026-06-08 16:35:32,055 [INFO]   [1/3] GET https://archives.nseindia.com/content/historical/EQUITIES/2026/JUN/SME08JUN2026BHAV.csv.zip
2026-06-08 16:35:32,291 [WARNING]   404 — file not on NSE (holiday or wrong date)
2026-06-08 16:35:32,291 [INFO]   [1/3] GET https://nsearchives.nseindia.com/content/cm/BhavCopy_NSE_SME_0_0_0_20260608_F_0000.csv.zip
2026-06-08 16:35:32,569 [WARNING]   404 — file not on NSE (holiday or wrong date)
2026-06-08 16:35:32,570 [INFO] 
-- MANIFEST --
2026-06-08 16:35:32,587 [INFO]   Manifest + summary updated.
2026-06-08 16:35:32,588 [INFO] 
============================================================
2026-06-08 16:35:32,588 [INFO]   OK  equity
2026-06-08 16:35:32,588 [INFO]   OK  fo
2026-06-08 16:35:32,588 [INFO]   OK  index
2026-06-08 16:35:32,588 [INFO]   FAIL  delivery
2026-06-08 16:35:32,588 [INFO]   FAIL  corporate_actions
2026-06-08 16:35:32,588 [INFO]   FAIL  sme
2026-06-08 16:35:32,588 [INFO] ============================================================
