2026-05-22 15:30:41,565 [INFO] ============================================================
2026-05-22 15:30:41,565 [INFO]   NSE Fetcher v2 (Cloudflare-proof) -- 2026-05-22
2026-05-22 15:30:41,565 [INFO] ============================================================
2026-05-22 15:30:41,685 [INFO]   HTTP engine: curl_cffi
2026-05-22 15:30:45,777 [INFO]   Warm-up https://www.nseindia.com -> 200
2026-05-22 15:30:52,893 [INFO]   Warm-up market-data -> 200
2026-05-22 15:30:53,455 [INFO]   Session engine: curl_cffi
2026-05-22 15:30:53,705 [INFO] 
-- 1/6  EQUITY --
2026-05-22 15:30:53,706 [INFO]   [1/3] GET https://archives.nseindia.com/content/historical/EQUITIES/2026/MAY/cm22MAY2026bhav.csv.zip
2026-05-22 15:30:54,587 [WARNING]   404 — file not on NSE (holiday or wrong date)
2026-05-22 15:30:54,587 [INFO]   [1/3] GET https://archives.nseindia.com/archives/equities/bhavcopy/cm22MAY2026.csv.zip
2026-05-22 15:30:54,901 [WARNING]   404 — file not on NSE (holiday or wrong date)
2026-05-22 15:30:54,901 [INFO]   [1/3] GET https://nsearchives.nseindia.com/content/cm/BhavCopy_NSE_CM_0_0_0_20260522_F_0000.csv.zip
2026-05-22 15:30:55,052 [INFO]   OK 189,303 bytes
2026-05-22 15:30:55,069 [INFO]   Extracted 'BhavCopy_NSE_CM_0_0_0_20260522_F_0000.csv': 3,374 rows x 34 cols
2026-05-22 15:30:55,129 [INFO]   Saved -> data/equity/2026/05/2026-05-22.csv
2026-05-22 15:30:55,129 [INFO] 
-- 2/6  F&O --
2026-05-22 15:30:55,129 [INFO]   [1/3] GET https://archives.nseindia.com/content/historical/DERIVATIVES/2026/MAY/fo22MAY2026bhav.csv.zip
2026-05-22 15:30:55,408 [WARNING]   404 — file not on NSE (holiday or wrong date)
2026-05-22 15:30:55,408 [INFO]   [1/3] GET https://archives.nseindia.com/archives/derivatives/bhavcopy/fo22MAY2026.csv.zip
2026-05-22 15:30:55,656 [WARNING]   404 — file not on NSE (holiday or wrong date)
2026-05-22 15:30:55,656 [INFO]   [1/3] GET https://nsearchives.nseindia.com/content/fo/BhavCopy_NSE_FO_0_0_0_20260522_F_0000.csv.zip
2026-05-22 15:30:55,972 [INFO]   OK 1,491,776 bytes
2026-05-22 15:30:56,088 [INFO]   Extracted 'BhavCopy_NSE_FO_0_0_0_20260522_F_0000.csv': 45,900 rows x 34 cols
2026-05-22 15:30:56,845 [INFO]   Saved -> data/fo/2026/05/2026-05-22.csv
2026-05-22 15:30:56,849 [INFO] 
-- 3/6  INDEX --
2026-05-22 15:30:56,849 [INFO]   [1/3] GET https://archives.nseindia.com/content/indices/ind_close_all_22052026.csv
2026-05-22 15:30:57,224 [INFO]   OK 15,609 bytes
2026-05-22 15:30:57,228 [INFO]   Saved -> data/index/2026/05/2026-05-22.csv
2026-05-22 15:30:57,228 [INFO] 
-- 4/6  DELIVERY --
2026-05-22 15:30:57,228 [INFO]   [1/3] GET https://archives.nseindia.com/archives/equities/mto/MTO_22052026.DAT
2026-05-22 15:30:58,046 [INFO]   OK 117,626 bytes
2026-05-22 15:30:58,051 [INFO]   [1/3] GET https://archives.nseindia.com/archives/equities/bhavcopy/sec_bhavdata22MAY2026.csv
2026-05-22 15:30:58,369 [WARNING]   404 — file not on NSE (holiday or wrong date)
2026-05-22 15:30:58,369 [INFO] 
-- 5/6  CORPORATE ACTIONS --
2026-05-22 15:30:58,370 [INFO]   [1/3] GET https://www.nseindia.com/corporates/shownCorporateActions?index=equities&from_date=15-05-2026&to_date=22-05-2026
2026-05-22 15:30:59,480 [WARNING]   404 — file not on NSE (holiday or wrong date)
2026-05-22 15:30:59,480 [INFO] 
-- 6/6  SME --
2026-05-22 15:30:59,481 [INFO]   [1/3] GET https://archives.nseindia.com/content/historical/EQUITIES/2026/MAY/SME22MAY2026BHAV.csv.zip
2026-05-22 15:30:59,729 [WARNING]   404 — file not on NSE (holiday or wrong date)
2026-05-22 15:30:59,729 [INFO]   [1/3] GET https://nsearchives.nseindia.com/content/cm/BhavCopy_NSE_SME_0_0_0_20260522_F_0000.csv.zip
2026-05-22 15:31:00,075 [WARNING]   404 — file not on NSE (holiday or wrong date)
2026-05-22 15:31:00,075 [INFO] 
-- MANIFEST --
2026-05-22 15:31:00,094 [INFO]   Manifest + summary updated.
2026-05-22 15:31:00,094 [INFO] 
============================================================
2026-05-22 15:31:00,094 [INFO]   OK  equity
2026-05-22 15:31:00,094 [INFO]   OK  fo
2026-05-22 15:31:00,094 [INFO]   OK  index
2026-05-22 15:31:00,094 [INFO]   FAIL  delivery
2026-05-22 15:31:00,094 [INFO]   FAIL  corporate_actions
2026-05-22 15:31:00,094 [INFO]   FAIL  sme
2026-05-22 15:31:00,094 [INFO] ============================================================
