2026-08-25 13:28:12,177 [INFO] ============================================================
2026-08-25 13:28:12,177 [INFO]   NSE Fetcher v2 (Cloudflare-proof) -- 2026-08-25
2026-08-25 13:28:12,177 [INFO] ============================================================
2026-08-25 13:28:12,581 [INFO]   HTTP engine: curl_cffi
2026-08-25 13:28:12,714 [INFO]   Warm-up https://www.nseindia.com -> 200
2026-08-25 13:28:14,867 [INFO]   Warm-up market-data -> 200
2026-08-25 13:28:15,730 [INFO]   Session engine: curl_cffi
2026-08-25 13:28:15,800 [INFO] 
-- 1/6  EQUITY --
2026-08-25 13:28:15,800 [INFO]   [1/3] GET https://archives.nseindia.com/content/historical/EQUITIES/2026/AUG/cm25AUG2026bhav.csv.zip
2026-08-25 13:28:16,215 [WARNING]   404 — file not on NSE (holiday or wrong date)
2026-08-25 13:28:16,216 [INFO]   [1/3] GET https://archives.nseindia.com/archives/equities/bhavcopy/cm25AUG2026.csv.zip
2026-08-25 13:28:16,493 [WARNING]   404 — file not on NSE (holiday or wrong date)
2026-08-25 13:28:16,493 [INFO]   [1/3] GET https://nsearchives.nseindia.com/content/cm/BhavCopy_NSE_CM_0_0_0_20260825_F_0000.csv.zip
2026-08-25 13:28:16,551 [INFO]   OK 203,526 bytes
2026-08-25 13:28:16,567 [INFO]   Extracted 'BhavCopy_NSE_CM_0_0_0_20260825_F_0000.csv': 3,641 rows x 34 cols
2026-08-25 13:28:16,632 [INFO]   Saved -> data/equity/2026/08/2026-08-25.csv
2026-08-25 13:28:16,633 [INFO] 
-- 2/6  F&O --
2026-08-25 13:28:16,633 [INFO]   [1/3] GET https://archives.nseindia.com/content/historical/DERIVATIVES/2026/AUG/fo25AUG2026bhav.csv.zip
2026-08-25 13:28:16,928 [WARNING]   404 — file not on NSE (holiday or wrong date)
2026-08-25 13:28:16,928 [INFO]   [1/3] GET https://archives.nseindia.com/archives/derivatives/bhavcopy/fo25AUG2026.csv.zip
2026-08-25 13:28:17,238 [WARNING]   404 — file not on NSE (holiday or wrong date)
2026-08-25 13:28:17,238 [INFO]   [1/3] GET https://nsearchives.nseindia.com/content/fo/BhavCopy_NSE_FO_0_0_0_20260825_F_0000.csv.zip
2026-08-25 13:28:17,443 [WARNING]   404 — file not on NSE (holiday or wrong date)
2026-08-25 13:28:17,443 [INFO]   [1/3] GET https://nsearchives.nseindia.com/archives/derivatives/bhavcopy/fo25AUG2026.csv.zip
2026-08-25 13:28:17,798 [WARNING]   404 — file not on NSE (holiday or wrong date)
2026-08-25 13:28:17,798 [INFO] 
-- 3/6  INDEX --
2026-08-25 13:28:17,798 [INFO]   [1/3] GET https://archives.nseindia.com/content/indices/ind_close_all_25082026.csv
2026-08-25 13:28:18,094 [INFO]   OK 15,799 bytes
2026-08-25 13:28:18,098 [INFO]   Saved -> data/index/2026/08/2026-08-25.csv
2026-08-25 13:28:18,098 [INFO] 
-- 4/6  DELIVERY --
2026-08-25 13:28:18,098 [INFO]   [1/3] GET https://archives.nseindia.com/archives/equities/mto/MTO_25082026.DAT
2026-08-25 13:28:18,409 [INFO]   OK 126,257 bytes
2026-08-25 13:28:18,414 [INFO]   [1/3] GET https://archives.nseindia.com/archives/equities/bhavcopy/sec_bhavdata25AUG2026.csv
2026-08-25 13:28:18,684 [WARNING]   404 — file not on NSE (holiday or wrong date)
2026-08-25 13:28:18,684 [INFO] 
-- 5/6  CORPORATE ACTIONS --
2026-08-25 13:28:18,684 [INFO]   [1/3] GET https://www.nseindia.com/corporates/shownCorporateActions?index=equities&from_date=18-08-2026&to_date=25-08-2026
2026-08-25 13:28:18,959 [WARNING]   404 — file not on NSE (holiday or wrong date)
2026-08-25 13:28:18,959 [INFO] 
-- 6/6  SME --
2026-08-25 13:28:18,960 [INFO]   [1/3] GET https://archives.nseindia.com/content/historical/EQUITIES/2026/AUG/SME25AUG2026BHAV.csv.zip
2026-08-25 13:28:19,302 [WARNING]   404 — file not on NSE (holiday or wrong date)
2026-08-25 13:28:19,302 [INFO]   [1/3] GET https://nsearchives.nseindia.com/content/cm/BhavCopy_NSE_SME_0_0_0_20260825_F_0000.csv.zip
2026-08-25 13:28:19,632 [WARNING]   404 — file not on NSE (holiday or wrong date)
2026-08-25 13:28:19,632 [INFO] 
-- MANIFEST --
2026-08-25 13:28:19,652 [INFO]   Manifest + summary updated.
2026-08-25 13:28:19,652 [INFO] 
============================================================
2026-08-25 13:28:19,652 [INFO]   OK  equity
2026-08-25 13:28:19,652 [INFO]   FAIL  fo
2026-08-25 13:28:19,652 [INFO]   OK  index
2026-08-25 13:28:19,652 [INFO]   FAIL  delivery
2026-08-25 13:28:19,652 [INFO]   FAIL  corporate_actions
2026-08-25 13:28:19,652 [INFO]   FAIL  sme
2026-08-25 13:28:19,652 [INFO] ============================================================
