2026-06-22 17:16:35,708 [INFO] ============================================================
2026-06-22 17:16:35,708 [INFO]   NSE Fetcher v2 (Cloudflare-proof) -- 2026-06-22
2026-06-22 17:16:35,708 [INFO] ============================================================
2026-06-22 17:16:35,772 [INFO]   HTTP engine: curl_cffi
2026-06-22 17:16:36,406 [INFO]   Warm-up https://www.nseindia.com -> 200
2026-06-22 17:16:37,970 [INFO]   Warm-up market-data -> 200
2026-06-22 17:16:38,603 [INFO]   Session engine: curl_cffi
2026-06-22 17:16:38,852 [INFO] 
-- 1/6  EQUITY --
2026-06-22 17:16:38,852 [INFO]   [1/3] GET https://archives.nseindia.com/content/historical/EQUITIES/2026/JUN/cm22JUN2026bhav.csv.zip
2026-06-22 17:16:39,342 [WARNING]   404 — file not on NSE (holiday or wrong date)
2026-06-22 17:16:39,343 [INFO]   [1/3] GET https://archives.nseindia.com/archives/equities/bhavcopy/cm22JUN2026.csv.zip
2026-06-22 17:16:40,130 [WARNING]   404 — file not on NSE (holiday or wrong date)
2026-06-22 17:16:40,130 [INFO]   [1/3] GET https://nsearchives.nseindia.com/content/cm/BhavCopy_NSE_CM_0_0_0_20260622_F_0000.csv.zip
2026-06-22 17:16:40,323 [INFO]   OK 194,179 bytes
2026-06-22 17:16:40,339 [INFO]   Extracted 'BhavCopy_NSE_CM_0_0_0_20260622_F_0000.csv': 3,457 rows x 34 cols
2026-06-22 17:16:40,403 [INFO]   Saved -> data/equity/2026/06/2026-06-22.csv
2026-06-22 17:16:40,404 [INFO] 
-- 2/6  F&O --
2026-06-22 17:16:40,404 [INFO]   [1/3] GET https://archives.nseindia.com/content/historical/DERIVATIVES/2026/JUN/fo22JUN2026bhav.csv.zip
2026-06-22 17:16:40,839 [WARNING]   404 — file not on NSE (holiday or wrong date)
2026-06-22 17:16:40,839 [INFO]   [1/3] GET https://archives.nseindia.com/archives/derivatives/bhavcopy/fo22JUN2026.csv.zip
2026-06-22 17:16:41,161 [WARNING]   404 — file not on NSE (holiday or wrong date)
2026-06-22 17:16:41,161 [INFO]   [1/3] GET https://nsearchives.nseindia.com/content/fo/BhavCopy_NSE_FO_0_0_0_20260622_F_0000.csv.zip
2026-06-22 17:16:41,524 [INFO]   OK 1,416,913 bytes
2026-06-22 17:16:41,635 [INFO]   Extracted 'BhavCopy_NSE_FO_0_0_0_20260622_F_0000.csv': 45,463 rows x 34 cols
2026-06-22 17:16:42,384 [INFO]   Saved -> data/fo/2026/06/2026-06-22.csv
2026-06-22 17:16:42,387 [INFO] 
-- 3/6  INDEX --
2026-06-22 17:16:42,387 [INFO]   [1/3] GET https://archives.nseindia.com/content/indices/ind_close_all_22062026.csv
2026-06-22 17:16:42,796 [INFO]   OK 15,558 bytes
2026-06-22 17:16:42,801 [INFO]   Saved -> data/index/2026/06/2026-06-22.csv
2026-06-22 17:16:42,801 [INFO] 
-- 4/6  DELIVERY --
2026-06-22 17:16:42,801 [INFO]   [1/3] GET https://archives.nseindia.com/archives/equities/mto/MTO_22062026.DAT
2026-06-22 17:16:43,249 [INFO]   OK 118,549 bytes
2026-06-22 17:16:43,255 [INFO]   [1/3] GET https://archives.nseindia.com/archives/equities/bhavcopy/sec_bhavdata22JUN2026.csv
2026-06-22 17:16:43,591 [WARNING]   404 — file not on NSE (holiday or wrong date)
2026-06-22 17:16:43,591 [INFO] 
-- 5/6  CORPORATE ACTIONS --
2026-06-22 17:16:43,591 [INFO]   [1/3] GET https://www.nseindia.com/corporates/shownCorporateActions?index=equities&from_date=15-06-2026&to_date=22-06-2026
2026-06-22 17:16:44,043 [WARNING]   404 — file not on NSE (holiday or wrong date)
2026-06-22 17:16:44,043 [INFO] 
-- 6/6  SME --
2026-06-22 17:16:44,043 [INFO]   [1/3] GET https://archives.nseindia.com/content/historical/EQUITIES/2026/JUN/SME22JUN2026BHAV.csv.zip
2026-06-22 17:16:44,388 [WARNING]   404 — file not on NSE (holiday or wrong date)
2026-06-22 17:16:44,388 [INFO]   [1/3] GET https://nsearchives.nseindia.com/content/cm/BhavCopy_NSE_SME_0_0_0_20260622_F_0000.csv.zip
2026-06-22 17:16:44,675 [WARNING]   404 — file not on NSE (holiday or wrong date)
2026-06-22 17:16:44,675 [INFO] 
-- MANIFEST --
2026-06-22 17:16:44,693 [INFO]   Manifest + summary updated.
2026-06-22 17:16:44,693 [INFO] 
============================================================
2026-06-22 17:16:44,693 [INFO]   OK  equity
2026-06-22 17:16:44,694 [INFO]   OK  fo
2026-06-22 17:16:44,694 [INFO]   OK  index
2026-06-22 17:16:44,694 [INFO]   FAIL  delivery
2026-06-22 17:16:44,694 [INFO]   FAIL  corporate_actions
2026-06-22 17:16:44,694 [INFO]   FAIL  sme
2026-06-22 17:16:44,694 [INFO] ============================================================
