2026-09-29 18:12:00,375 [INFO] ============================================================
2026-09-29 18:12:00,375 [INFO]   NSE Fetcher v2 (Cloudflare-proof) -- 2026-09-29
2026-09-29 18:12:00,375 [INFO] ============================================================
2026-09-29 18:12:00,496 [INFO]   HTTP engine: curl_cffi
2026-09-29 18:12:00,874 [INFO]   Warm-up https://www.nseindia.com -> 200
2026-09-29 18:12:02,631 [INFO]   Warm-up market-data -> 200
2026-09-29 18:12:03,369 [INFO]   Session engine: curl_cffi
2026-09-29 18:12:03,501 [INFO] 
-- 1/6  EQUITY --
2026-09-29 18:12:03,501 [INFO]   [1/3] GET https://archives.nseindia.com/content/historical/EQUITIES/2026/SEP/cm29SEP2026bhav.csv.zip
2026-09-29 18:12:03,809 [WARNING]   404 — file not on NSE (holiday or wrong date)
2026-09-29 18:12:03,809 [INFO]   [1/3] GET https://archives.nseindia.com/archives/equities/bhavcopy/cm29SEP2026.csv.zip
2026-09-29 18:12:04,104 [WARNING]   404 — file not on NSE (holiday or wrong date)
2026-09-29 18:12:04,105 [INFO]   [1/3] GET https://nsearchives.nseindia.com/content/cm/BhavCopy_NSE_CM_0_0_0_20260929_F_0000.csv.zip
2026-09-29 18:12:04,445 [INFO]   OK 206,858 bytes
2026-09-29 18:12:04,459 [INFO]   Extracted 'BhavCopy_NSE_CM_0_0_0_20260929_F_0000.csv': 3,688 rows x 34 cols
2026-09-29 18:12:04,504 [INFO]   Saved -> data/equity/2026/09/2026-09-29.csv
2026-09-29 18:12:04,505 [INFO] 
-- 2/6  F&O --
2026-09-29 18:12:04,505 [INFO]   [1/3] GET https://archives.nseindia.com/content/historical/DERIVATIVES/2026/SEP/fo29SEP2026bhav.csv.zip
2026-09-29 18:12:04,811 [WARNING]   404 — file not on NSE (holiday or wrong date)
2026-09-29 18:12:04,811 [INFO]   [1/3] GET https://archives.nseindia.com/archives/derivatives/bhavcopy/fo29SEP2026.csv.zip
2026-09-29 18:12:05,130 [WARNING]   404 — file not on NSE (holiday or wrong date)
2026-09-29 18:12:05,130 [INFO]   [1/3] GET https://nsearchives.nseindia.com/content/fo/BhavCopy_NSE_FO_0_0_0_20260929_F_0000.csv.zip
2026-09-29 18:12:05,421 [INFO]   OK 1,266,256 bytes
2026-09-29 18:12:05,510 [INFO]   Extracted 'BhavCopy_NSE_FO_0_0_0_20260929_F_0000.csv': 37,922 rows x 34 cols
2026-09-29 18:12:05,917 [INFO]   Saved -> data/fo/2026/09/2026-09-29.csv
2026-09-29 18:12:05,920 [INFO] 
-- 3/6  INDEX --
2026-09-29 18:12:05,920 [INFO]   [1/3] GET https://archives.nseindia.com/content/indices/ind_close_all_29092026.csv
2026-09-29 18:12:06,289 [INFO]   OK 17,673 bytes
2026-09-29 18:12:06,292 [INFO]   Saved -> data/index/2026/09/2026-09-29.csv
2026-09-29 18:12:06,293 [INFO] 
-- 4/6  DELIVERY --
2026-09-29 18:12:06,293 [INFO]   [1/3] GET https://archives.nseindia.com/archives/equities/mto/MTO_29092026.DAT
2026-09-29 18:12:06,967 [INFO]   OK 128,482 bytes
2026-09-29 18:12:06,971 [INFO]   [1/3] GET https://archives.nseindia.com/archives/equities/bhavcopy/sec_bhavdata29SEP2026.csv
2026-09-29 18:12:07,284 [WARNING]   404 — file not on NSE (holiday or wrong date)
2026-09-29 18:12:07,284 [INFO] 
-- 5/6  CORPORATE ACTIONS --
2026-09-29 18:12:07,284 [INFO]   [1/3] GET https://www.nseindia.com/corporates/shownCorporateActions?index=equities&from_date=22-09-2026&to_date=29-09-2026
2026-09-29 18:12:07,626 [WARNING]   404 — file not on NSE (holiday or wrong date)
2026-09-29 18:12:07,626 [INFO] 
-- 6/6  SME --
2026-09-29 18:12:07,626 [INFO]   [1/3] GET https://archives.nseindia.com/content/historical/EQUITIES/2026/SEP/SME29SEP2026BHAV.csv.zip
2026-09-29 18:12:07,918 [WARNING]   404 — file not on NSE (holiday or wrong date)
2026-09-29 18:12:07,918 [INFO]   [1/3] GET https://nsearchives.nseindia.com/content/cm/BhavCopy_NSE_SME_0_0_0_20260929_F_0000.csv.zip
2026-09-29 18:12:08,189 [WARNING]   404 — file not on NSE (holiday or wrong date)
2026-09-29 18:12:08,189 [INFO] 
-- MANIFEST --
2026-09-29 18:12:08,202 [INFO]   Manifest + summary updated.
2026-09-29 18:12:08,203 [INFO] 
============================================================
2026-09-29 18:12:08,203 [INFO]   OK  equity
2026-09-29 18:12:08,203 [INFO]   OK  fo
2026-09-29 18:12:08,203 [INFO]   OK  index
2026-09-29 18:12:08,203 [INFO]   FAIL  delivery
2026-09-29 18:12:08,203 [INFO]   FAIL  corporate_actions
2026-09-29 18:12:08,203 [INFO]   FAIL  sme
2026-09-29 18:12:08,203 [INFO] ============================================================
