2026-08-07 13:47:37,316 [INFO] ============================================================
2026-08-07 13:47:37,317 [INFO]   NSE Fetcher v2 (Cloudflare-proof) -- 2026-08-07
2026-08-07 13:47:37,317 [INFO] ============================================================
2026-08-07 13:47:37,391 [INFO]   HTTP engine: curl_cffi
2026-08-07 13:47:37,650 [INFO]   Warm-up https://www.nseindia.com -> 200
2026-08-07 13:47:39,943 [INFO]   Warm-up market-data -> 200
2026-08-07 13:47:40,524 [INFO]   Session engine: curl_cffi
2026-08-07 13:47:40,603 [INFO] 
-- 1/6  EQUITY --
2026-08-07 13:47:40,603 [INFO]   [1/3] GET https://archives.nseindia.com/content/historical/EQUITIES/2026/AUG/cm07AUG2026bhav.csv.zip
2026-08-07 13:47:41,009 [WARNING]   404 — file not on NSE (holiday or wrong date)
2026-08-07 13:47:41,009 [INFO]   [1/3] GET https://archives.nseindia.com/archives/equities/bhavcopy/cm07AUG2026.csv.zip
2026-08-07 13:47:41,434 [WARNING]   404 — file not on NSE (holiday or wrong date)
2026-08-07 13:47:41,434 [INFO]   [1/3] GET https://nsearchives.nseindia.com/content/cm/BhavCopy_NSE_CM_0_0_0_20260807_F_0000.csv.zip
2026-08-07 13:47:41,789 [INFO]   OK 194,665 bytes
2026-08-07 13:47:41,805 [INFO]   Extracted 'BhavCopy_NSE_CM_0_0_0_20260807_F_0000.csv': 3,473 rows x 34 cols
2026-08-07 13:47:41,871 [INFO]   Saved -> data/equity/2026/08/2026-08-07.csv
2026-08-07 13:47:41,871 [INFO] 
-- 2/6  F&O --
2026-08-07 13:47:41,871 [INFO]   [1/3] GET https://archives.nseindia.com/content/historical/DERIVATIVES/2026/AUG/fo07AUG2026bhav.csv.zip
2026-08-07 13:47:42,181 [WARNING]   404 — file not on NSE (holiday or wrong date)
2026-08-07 13:47:42,181 [INFO]   [1/3] GET https://archives.nseindia.com/archives/derivatives/bhavcopy/fo07AUG2026.csv.zip
2026-08-07 13:47:42,515 [WARNING]   404 — file not on NSE (holiday or wrong date)
2026-08-07 13:47:42,515 [INFO]   [1/3] GET https://nsearchives.nseindia.com/content/fo/BhavCopy_NSE_FO_0_0_0_20260807_F_0000.csv.zip
2026-08-07 13:47:42,747 [WARNING]   404 — file not on NSE (holiday or wrong date)
2026-08-07 13:47:42,747 [INFO]   [1/3] GET https://nsearchives.nseindia.com/archives/derivatives/bhavcopy/fo07AUG2026.csv.zip
2026-08-07 13:47:43,847 [WARNING]   404 — file not on NSE (holiday or wrong date)
2026-08-07 13:47:43,847 [INFO] 
-- 3/6  INDEX --
2026-08-07 13:47:43,847 [INFO]   [1/3] GET https://archives.nseindia.com/content/indices/ind_close_all_07082026.csv
2026-08-07 13:47:44,320 [INFO]   OK 16,651 bytes
2026-08-07 13:47:44,324 [INFO]   Saved -> data/index/2026/08/2026-08-07.csv
2026-08-07 13:47:44,324 [INFO] 
-- 4/6  DELIVERY --
2026-08-07 13:47:44,325 [INFO]   [1/3] GET https://archives.nseindia.com/archives/equities/mto/MTO_07082026.DAT
2026-08-07 13:47:44,931 [INFO]   OK 118,158 bytes
2026-08-07 13:47:44,936 [INFO]   [1/3] GET https://archives.nseindia.com/archives/equities/bhavcopy/sec_bhavdata07AUG2026.csv
2026-08-07 13:47:45,272 [WARNING]   404 — file not on NSE (holiday or wrong date)
2026-08-07 13:47:45,272 [INFO] 
-- 5/6  CORPORATE ACTIONS --
2026-08-07 13:47:45,272 [INFO]   [1/3] GET https://www.nseindia.com/corporates/shownCorporateActions?index=equities&from_date=31-07-2026&to_date=07-08-2026
2026-08-07 13:47:45,535 [WARNING]   404 — file not on NSE (holiday or wrong date)
2026-08-07 13:47:45,536 [INFO] 
-- 6/6  SME --
2026-08-07 13:47:45,536 [INFO]   [1/3] GET https://archives.nseindia.com/content/historical/EQUITIES/2026/AUG/SME07AUG2026BHAV.csv.zip
2026-08-07 13:47:45,856 [WARNING]   404 — file not on NSE (holiday or wrong date)
2026-08-07 13:47:45,856 [INFO]   [1/3] GET https://nsearchives.nseindia.com/content/cm/BhavCopy_NSE_SME_0_0_0_20260807_F_0000.csv.zip
2026-08-07 13:47:46,201 [WARNING]   404 — file not on NSE (holiday or wrong date)
2026-08-07 13:47:46,201 [INFO] 
-- MANIFEST --
2026-08-07 13:47:46,220 [INFO]   Manifest + summary updated.
2026-08-07 13:47:46,220 [INFO] 
============================================================
2026-08-07 13:47:46,220 [INFO]   OK  equity
2026-08-07 13:47:46,220 [INFO]   FAIL  fo
2026-08-07 13:47:46,221 [INFO]   OK  index
2026-08-07 13:47:46,221 [INFO]   FAIL  delivery
2026-08-07 13:47:46,221 [INFO]   FAIL  corporate_actions
2026-08-07 13:47:46,221 [INFO]   FAIL  sme
2026-08-07 13:47:46,221 [INFO] ============================================================
