2026-05-14 15:05:27,149 [INFO] ============================================================
2026-05-14 15:05:27,149 [INFO]   NSE Fetcher v2 (Cloudflare-proof) -- 2026-05-14
2026-05-14 15:05:27,149 [INFO] ============================================================
2026-05-14 15:05:27,213 [INFO]   HTTP engine: curl_cffi
2026-05-14 15:05:28,095 [INFO]   Warm-up https://www.nseindia.com -> 200
2026-05-14 15:05:29,867 [INFO]   Warm-up market-data -> 200
2026-05-14 15:05:30,552 [INFO]   Session engine: curl_cffi
2026-05-14 15:05:30,684 [INFO] 
-- 1/6  EQUITY --
2026-05-14 15:05:30,684 [INFO]   [1/3] GET https://archives.nseindia.com/content/historical/EQUITIES/2026/MAY/cm14MAY2026bhav.csv.zip
2026-05-14 15:05:31,003 [WARNING]   404 — file not on NSE (holiday or wrong date)
2026-05-14 15:05:31,003 [INFO]   [1/3] GET https://archives.nseindia.com/archives/equities/bhavcopy/cm14MAY2026.csv.zip
2026-05-14 15:05:31,376 [WARNING]   404 — file not on NSE (holiday or wrong date)
2026-05-14 15:05:31,376 [INFO]   [1/3] GET https://nsearchives.nseindia.com/content/cm/BhavCopy_NSE_CM_0_0_0_20260514_F_0000.csv.zip
2026-05-14 15:05:31,665 [INFO]   OK 190,508 bytes
2026-05-14 15:05:31,680 [INFO]   Extracted 'BhavCopy_NSE_CM_0_0_0_20260514_F_0000.csv': 3,378 rows x 34 cols
2026-05-14 15:05:31,743 [INFO]   Saved -> data/equity/2026/05/2026-05-14.csv
2026-05-14 15:05:31,744 [INFO] 
-- 2/6  F&O --
2026-05-14 15:05:31,744 [INFO]   [1/3] GET https://archives.nseindia.com/content/historical/DERIVATIVES/2026/MAY/fo14MAY2026bhav.csv.zip
2026-05-14 15:05:32,092 [WARNING]   404 — file not on NSE (holiday or wrong date)
2026-05-14 15:05:32,092 [INFO]   [1/3] GET https://archives.nseindia.com/archives/derivatives/bhavcopy/fo14MAY2026.csv.zip
2026-05-14 15:05:32,414 [WARNING]   404 — file not on NSE (holiday or wrong date)
2026-05-14 15:05:32,414 [INFO]   [1/3] GET https://nsearchives.nseindia.com/content/fo/BhavCopy_NSE_FO_0_0_0_20260514_F_0000.csv.zip
2026-05-14 15:05:33,799 [INFO]   OK 1,375,507 bytes
2026-05-14 15:05:33,906 [INFO]   Extracted 'BhavCopy_NSE_FO_0_0_0_20260514_F_0000.csv': 44,034 rows x 34 cols
2026-05-14 15:05:34,623 [INFO]   Saved -> data/fo/2026/05/2026-05-14.csv
2026-05-14 15:05:34,627 [INFO] 
-- 3/6  INDEX --
2026-05-14 15:05:34,627 [INFO]   [1/3] GET https://archives.nseindia.com/content/indices/ind_close_all_14052026.csv
2026-05-14 15:05:35,093 [INFO]   OK 15,738 bytes
2026-05-14 15:05:35,097 [INFO]   Saved -> data/index/2026/05/2026-05-14.csv
2026-05-14 15:05:35,097 [INFO] 
-- 4/6  DELIVERY --
2026-05-14 15:05:35,097 [INFO]   [1/3] GET https://archives.nseindia.com/archives/equities/mto/MTO_14052026.DAT
2026-05-14 15:05:35,453 [INFO]   OK 116,988 bytes
2026-05-14 15:05:35,458 [INFO]   [1/3] GET https://archives.nseindia.com/archives/equities/bhavcopy/sec_bhavdata14MAY2026.csv
2026-05-14 15:05:35,781 [WARNING]   404 — file not on NSE (holiday or wrong date)
2026-05-14 15:05:35,781 [INFO] 
-- 5/6  CORPORATE ACTIONS --
2026-05-14 15:05:35,781 [INFO]   [1/3] GET https://www.nseindia.com/corporates/shownCorporateActions?index=equities&from_date=07-05-2026&to_date=14-05-2026
2026-05-14 15:05:36,054 [WARNING]   404 — file not on NSE (holiday or wrong date)
2026-05-14 15:05:36,054 [INFO] 
-- 6/6  SME --
2026-05-14 15:05:36,054 [INFO]   [1/3] GET https://archives.nseindia.com/content/historical/EQUITIES/2026/MAY/SME14MAY2026BHAV.csv.zip
2026-05-14 15:05:36,356 [WARNING]   404 — file not on NSE (holiday or wrong date)
2026-05-14 15:05:36,356 [INFO]   [1/3] GET https://nsearchives.nseindia.com/content/cm/BhavCopy_NSE_SME_0_0_0_20260514_F_0000.csv.zip
2026-05-14 15:05:36,609 [WARNING]   404 — file not on NSE (holiday or wrong date)
2026-05-14 15:05:36,609 [INFO] 
-- MANIFEST --
2026-05-14 15:05:36,627 [INFO]   Manifest + summary updated.
2026-05-14 15:05:36,627 [INFO] 
============================================================
2026-05-14 15:05:36,627 [INFO]   OK  equity
2026-05-14 15:05:36,627 [INFO]   OK  fo
2026-05-14 15:05:36,627 [INFO]   OK  index
2026-05-14 15:05:36,627 [INFO]   FAIL  delivery
2026-05-14 15:05:36,628 [INFO]   FAIL  corporate_actions
2026-05-14 15:05:36,628 [INFO]   FAIL  sme
2026-05-14 15:05:36,628 [INFO] ============================================================
