2026-04-13 12:28:14,378 [INFO] ============================================================
2026-04-13 12:28:14,378 [INFO]   NSE Fetcher v2 (Cloudflare-proof) -- 2026-04-13
2026-04-13 12:28:14,378 [INFO] ============================================================
2026-04-13 12:28:14,506 [INFO]   HTTP engine: curl_cffi
2026-04-13 12:28:14,801 [INFO]   Warm-up https://www.nseindia.com -> 200
2026-04-13 12:28:16,683 [INFO]   Warm-up market-data -> 200
2026-04-13 12:28:17,513 [INFO]   Session engine: curl_cffi
2026-04-13 12:28:17,571 [INFO] 
-- 1/6  EQUITY --
2026-04-13 12:28:17,571 [INFO]   [1/3] GET https://archives.nseindia.com/content/historical/EQUITIES/2026/APR/cm13APR2026bhav.csv.zip
2026-04-13 12:28:17,972 [WARNING]   404 — file not on NSE (holiday or wrong date)
2026-04-13 12:28:17,972 [INFO]   [1/3] GET https://archives.nseindia.com/archives/equities/bhavcopy/cm13APR2026.csv.zip
2026-04-13 12:28:18,285 [WARNING]   404 — file not on NSE (holiday or wrong date)
2026-04-13 12:28:18,286 [INFO]   [1/3] GET https://nsearchives.nseindia.com/content/cm/BhavCopy_NSE_CM_0_0_0_20260413_F_0000.csv.zip
2026-04-13 12:28:18,620 [INFO]   OK 187,396 bytes
2026-04-13 12:28:18,635 [INFO]   Extracted 'BhavCopy_NSE_CM_0_0_0_20260413_F_0000.csv': 3,329 rows x 34 cols
2026-04-13 12:28:18,695 [INFO]   Saved -> data/equity/2026/04/2026-04-13.csv
2026-04-13 12:28:18,696 [INFO] 
-- 2/6  F&O --
2026-04-13 12:28:18,696 [INFO]   [1/3] GET https://archives.nseindia.com/content/historical/DERIVATIVES/2026/APR/fo13APR2026bhav.csv.zip
2026-04-13 12:28:18,970 [WARNING]   404 — file not on NSE (holiday or wrong date)
2026-04-13 12:28:18,970 [INFO]   [1/3] GET https://archives.nseindia.com/archives/derivatives/bhavcopy/fo13APR2026.csv.zip
2026-04-13 12:28:19,253 [WARNING]   404 — file not on NSE (holiday or wrong date)
2026-04-13 12:28:19,253 [INFO]   [1/3] GET https://nsearchives.nseindia.com/content/fo/BhavCopy_NSE_FO_0_0_0_20260413_F_0000.csv.zip
2026-04-13 12:28:19,535 [WARNING]   404 — file not on NSE (holiday or wrong date)
2026-04-13 12:28:19,535 [INFO]   [1/3] GET https://nsearchives.nseindia.com/archives/derivatives/bhavcopy/fo13APR2026.csv.zip
2026-04-13 12:28:20,015 [WARNING]   404 — file not on NSE (holiday or wrong date)
2026-04-13 12:28:20,016 [INFO] 
-- 3/6  INDEX --
2026-04-13 12:28:20,016 [INFO]   [1/3] GET https://archives.nseindia.com/content/indices/ind_close_all_13042026.csv
2026-04-13 12:28:20,309 [INFO]   OK 14,509 bytes
2026-04-13 12:28:20,314 [INFO]   Saved -> data/index/2026/04/2026-04-13.csv
2026-04-13 12:28:20,314 [INFO] 
-- 4/6  DELIVERY --
2026-04-13 12:28:20,314 [INFO]   [1/3] GET https://archives.nseindia.com/archives/equities/mto/MTO_13042026.DAT
2026-04-13 12:28:20,635 [INFO]   OK 119,451 bytes
2026-04-13 12:28:20,640 [INFO]   [1/3] GET https://archives.nseindia.com/archives/equities/bhavcopy/sec_bhavdata13APR2026.csv
2026-04-13 12:28:20,910 [WARNING]   404 — file not on NSE (holiday or wrong date)
2026-04-13 12:28:20,911 [INFO] 
-- 5/6  CORPORATE ACTIONS --
2026-04-13 12:28:20,911 [INFO]   [1/3] GET https://www.nseindia.com/corporates/shownCorporateActions?index=equities&from_date=06-04-2026&to_date=13-04-2026
2026-04-13 12:28:21,160 [WARNING]   404 — file not on NSE (holiday or wrong date)
2026-04-13 12:28:21,161 [INFO] 
-- 6/6  SME --
2026-04-13 12:28:21,161 [INFO]   [1/3] GET https://archives.nseindia.com/content/historical/EQUITIES/2026/APR/SME13APR2026BHAV.csv.zip
2026-04-13 12:28:21,430 [WARNING]   404 — file not on NSE (holiday or wrong date)
2026-04-13 12:28:21,430 [INFO]   [1/3] GET https://nsearchives.nseindia.com/content/cm/BhavCopy_NSE_SME_0_0_0_20260413_F_0000.csv.zip
2026-04-13 12:28:21,847 [WARNING]   404 — file not on NSE (holiday or wrong date)
2026-04-13 12:28:21,847 [INFO] 
-- MANIFEST --
2026-04-13 12:28:21,866 [INFO]   Manifest + summary updated.
2026-04-13 12:28:21,866 [INFO] 
============================================================
2026-04-13 12:28:21,866 [INFO]   OK  equity
2026-04-13 12:28:21,867 [INFO]   FAIL  fo
2026-04-13 12:28:21,867 [INFO]   OK  index
2026-04-13 12:28:21,867 [INFO]   FAIL  delivery
2026-04-13 12:28:21,867 [INFO]   FAIL  corporate_actions
2026-04-13 12:28:21,867 [INFO]   FAIL  sme
2026-04-13 12:28:21,867 [INFO] ============================================================
