2026-07-31 14:46:58,875 [INFO] ============================================================
2026-07-31 14:46:58,875 [INFO]   NSE Fetcher v2 (Cloudflare-proof) -- 2026-07-31
2026-07-31 14:46:58,875 [INFO] ============================================================
2026-07-31 14:46:59,105 [INFO]   HTTP engine: curl_cffi
2026-07-31 14:46:59,209 [INFO]   Warm-up https://www.nseindia.com -> 200
2026-07-31 14:47:00,959 [INFO]   Warm-up market-data -> 200
2026-07-31 14:47:01,952 [INFO]   Session engine: curl_cffi
2026-07-31 14:47:02,103 [INFO] 
-- 1/6  EQUITY --
2026-07-31 14:47:02,103 [INFO]   [1/3] GET https://archives.nseindia.com/content/historical/EQUITIES/2026/JUL/cm31JUL2026bhav.csv.zip
2026-07-31 14:47:02,329 [WARNING]   404 — file not on NSE (holiday or wrong date)
2026-07-31 14:47:02,329 [INFO]   [1/3] GET https://archives.nseindia.com/archives/equities/bhavcopy/cm31JUL2026.csv.zip
2026-07-31 14:47:02,598 [WARNING]   404 — file not on NSE (holiday or wrong date)
2026-07-31 14:47:02,598 [INFO]   [1/3] GET https://nsearchives.nseindia.com/content/cm/BhavCopy_NSE_CM_0_0_0_20260731_F_0000.csv.zip
2026-07-31 14:47:03,645 [INFO]   OK 192,421 bytes
2026-07-31 14:47:03,662 [INFO]   Extracted 'BhavCopy_NSE_CM_0_0_0_20260731_F_0000.csv': 3,440 rows x 34 cols
2026-07-31 14:47:03,724 [INFO]   Saved -> data/equity/2026/07/2026-07-31.csv
2026-07-31 14:47:03,725 [INFO] 
-- 2/6  F&O --
2026-07-31 14:47:03,725 [INFO]   [1/3] GET https://archives.nseindia.com/content/historical/DERIVATIVES/2026/JUL/fo31JUL2026bhav.csv.zip
2026-07-31 14:47:03,958 [WARNING]   404 — file not on NSE (holiday or wrong date)
2026-07-31 14:47:03,958 [INFO]   [1/3] GET https://archives.nseindia.com/archives/derivatives/bhavcopy/fo31JUL2026.csv.zip
2026-07-31 14:47:04,183 [WARNING]   404 — file not on NSE (holiday or wrong date)
2026-07-31 14:47:04,183 [INFO]   [1/3] GET https://nsearchives.nseindia.com/content/fo/BhavCopy_NSE_FO_0_0_0_20260731_F_0000.csv.zip
2026-07-31 14:47:05,083 [INFO]   OK 958,195 bytes
2026-07-31 14:47:05,164 [INFO]   Extracted 'BhavCopy_NSE_FO_0_0_0_20260731_F_0000.csv': 30,456 rows x 34 cols
2026-07-31 14:47:05,640 [INFO]   Saved -> data/fo/2026/07/2026-07-31.csv
2026-07-31 14:47:05,643 [INFO] 
-- 3/6  INDEX --
2026-07-31 14:47:05,644 [INFO]   [1/3] GET https://archives.nseindia.com/content/indices/ind_close_all_31072026.csv
2026-07-31 14:47:05,894 [INFO]   OK 16,640 bytes
2026-07-31 14:47:05,899 [INFO]   Saved -> data/index/2026/07/2026-07-31.csv
2026-07-31 14:47:05,899 [INFO] 
-- 4/6  DELIVERY --
2026-07-31 14:47:05,899 [INFO]   [1/3] GET https://archives.nseindia.com/archives/equities/mto/MTO_31072026.DAT
2026-07-31 14:47:06,158 [INFO]   OK 116,954 bytes
2026-07-31 14:47:06,164 [INFO]   [1/3] GET https://archives.nseindia.com/archives/equities/bhavcopy/sec_bhavdata31JUL2026.csv
2026-07-31 14:47:06,430 [WARNING]   404 — file not on NSE (holiday or wrong date)
2026-07-31 14:47:06,431 [INFO] 
-- 5/6  CORPORATE ACTIONS --
2026-07-31 14:47:06,431 [INFO]   [1/3] GET https://www.nseindia.com/corporates/shownCorporateActions?index=equities&from_date=24-07-2026&to_date=31-07-2026
2026-07-31 14:47:06,752 [WARNING]   404 — file not on NSE (holiday or wrong date)
2026-07-31 14:47:06,752 [INFO] 
-- 6/6  SME --
2026-07-31 14:47:06,752 [INFO]   [1/3] GET https://archives.nseindia.com/content/historical/EQUITIES/2026/JUL/SME31JUL2026BHAV.csv.zip
2026-07-31 14:47:06,975 [WARNING]   404 — file not on NSE (holiday or wrong date)
2026-07-31 14:47:06,975 [INFO]   [1/3] GET https://nsearchives.nseindia.com/content/cm/BhavCopy_NSE_SME_0_0_0_20260731_F_0000.csv.zip
2026-07-31 14:47:07,339 [WARNING]   404 — file not on NSE (holiday or wrong date)
2026-07-31 14:47:07,339 [INFO] 
-- MANIFEST --
2026-07-31 14:47:07,357 [INFO]   Manifest + summary updated.
2026-07-31 14:47:07,357 [INFO] 
============================================================
2026-07-31 14:47:07,357 [INFO]   OK  equity
2026-07-31 14:47:07,357 [INFO]   OK  fo
2026-07-31 14:47:07,357 [INFO]   OK  index
2026-07-31 14:47:07,357 [INFO]   FAIL  delivery
2026-07-31 14:47:07,357 [INFO]   FAIL  corporate_actions
2026-07-31 14:47:07,357 [INFO]   FAIL  sme
2026-07-31 14:47:07,358 [INFO] ============================================================
