2026-07-02 14:36:39,953 [INFO] ============================================================
2026-07-02 14:36:39,953 [INFO]   NSE Fetcher v2 (Cloudflare-proof) -- 2026-07-02
2026-07-02 14:36:39,953 [INFO] ============================================================
2026-07-02 14:36:40,023 [INFO]   HTTP engine: curl_cffi
2026-07-02 14:36:40,121 [INFO]   Warm-up https://www.nseindia.com -> 200
2026-07-02 14:36:41,989 [INFO]   Warm-up market-data -> 200
2026-07-02 14:36:42,511 [INFO]   Session engine: curl_cffi
2026-07-02 14:36:42,604 [INFO] 
-- 1/6  EQUITY --
2026-07-02 14:36:42,604 [INFO]   [1/3] GET https://archives.nseindia.com/content/historical/EQUITIES/2026/JUL/cm02JUL2026bhav.csv.zip
2026-07-02 14:36:42,927 [WARNING]   404 — file not on NSE (holiday or wrong date)
2026-07-02 14:36:42,927 [INFO]   [1/3] GET https://archives.nseindia.com/archives/equities/bhavcopy/cm02JUL2026.csv.zip
2026-07-02 14:36:43,223 [WARNING]   404 — file not on NSE (holiday or wrong date)
2026-07-02 14:36:43,223 [INFO]   [1/3] GET https://nsearchives.nseindia.com/content/cm/BhavCopy_NSE_CM_0_0_0_20260702_F_0000.csv.zip
2026-07-02 14:36:43,515 [INFO]   OK 194,155 bytes
2026-07-02 14:36:43,531 [INFO]   Extracted 'BhavCopy_NSE_CM_0_0_0_20260702_F_0000.csv': 3,463 rows x 34 cols
2026-07-02 14:36:43,595 [INFO]   Saved -> data/equity/2026/07/2026-07-02.csv
2026-07-02 14:36:43,595 [INFO] 
-- 2/6  F&O --
2026-07-02 14:36:43,595 [INFO]   [1/3] GET https://archives.nseindia.com/content/historical/DERIVATIVES/2026/JUL/fo02JUL2026bhav.csv.zip
2026-07-02 14:36:43,892 [WARNING]   404 — file not on NSE (holiday or wrong date)
2026-07-02 14:36:43,892 [INFO]   [1/3] GET https://archives.nseindia.com/archives/derivatives/bhavcopy/fo02JUL2026.csv.zip
2026-07-02 14:36:44,184 [WARNING]   404 — file not on NSE (holiday or wrong date)
2026-07-02 14:36:44,184 [INFO]   [1/3] GET https://nsearchives.nseindia.com/content/fo/BhavCopy_NSE_FO_0_0_0_20260702_F_0000.csv.zip
2026-07-02 14:36:44,465 [INFO]   OK 1,012,770 bytes
2026-07-02 14:36:44,543 [INFO]   Extracted 'BhavCopy_NSE_FO_0_0_0_20260702_F_0000.csv': 32,350 rows x 34 cols
2026-07-02 14:36:45,061 [INFO]   Saved -> data/fo/2026/07/2026-07-02.csv
2026-07-02 14:36:45,064 [INFO] 
-- 3/6  INDEX --
2026-07-02 14:36:45,064 [INFO]   [1/3] GET https://archives.nseindia.com/content/indices/ind_close_all_02072026.csv
2026-07-02 14:36:45,411 [INFO]   OK 16,396 bytes
2026-07-02 14:36:45,415 [INFO]   Saved -> data/index/2026/07/2026-07-02.csv
2026-07-02 14:36:45,415 [INFO] 
-- 4/6  DELIVERY --
2026-07-02 14:36:45,416 [INFO]   [1/3] GET https://archives.nseindia.com/archives/equities/mto/MTO_02072026.DAT
2026-07-02 14:36:45,724 [INFO]   OK 118,036 bytes
2026-07-02 14:36:45,729 [INFO]   [1/3] GET https://archives.nseindia.com/archives/equities/bhavcopy/sec_bhavdata02JUL2026.csv
2026-07-02 14:36:46,031 [WARNING]   404 — file not on NSE (holiday or wrong date)
2026-07-02 14:36:46,031 [INFO] 
-- 5/6  CORPORATE ACTIONS --
2026-07-02 14:36:46,031 [INFO]   [1/3] GET https://www.nseindia.com/corporates/shownCorporateActions?index=equities&from_date=25-06-2026&to_date=02-07-2026
2026-07-02 14:36:46,358 [WARNING]   404 — file not on NSE (holiday or wrong date)
2026-07-02 14:36:46,358 [INFO] 
-- 6/6  SME --
2026-07-02 14:36:46,358 [INFO]   [1/3] GET https://archives.nseindia.com/content/historical/EQUITIES/2026/JUL/SME02JUL2026BHAV.csv.zip
2026-07-02 14:36:46,664 [WARNING]   404 — file not on NSE (holiday or wrong date)
2026-07-02 14:36:46,664 [INFO]   [1/3] GET https://nsearchives.nseindia.com/content/cm/BhavCopy_NSE_SME_0_0_0_20260702_F_0000.csv.zip
2026-07-02 14:36:46,930 [WARNING]   404 — file not on NSE (holiday or wrong date)
2026-07-02 14:36:46,930 [INFO] 
-- MANIFEST --
2026-07-02 14:36:46,948 [INFO]   Manifest + summary updated.
2026-07-02 14:36:46,948 [INFO] 
============================================================
2026-07-02 14:36:46,948 [INFO]   OK  equity
2026-07-02 14:36:46,948 [INFO]   OK  fo
2026-07-02 14:36:46,949 [INFO]   OK  index
2026-07-02 14:36:46,949 [INFO]   FAIL  delivery
2026-07-02 14:36:46,949 [INFO]   FAIL  corporate_actions
2026-07-02 14:36:46,949 [INFO]   FAIL  sme
2026-07-02 14:36:46,949 [INFO] ============================================================
