2026-04-27 14:25:03,705 [INFO] ============================================================
2026-04-27 14:25:03,705 [INFO]   NSE Fetcher v2 (Cloudflare-proof) -- 2026-04-27
2026-04-27 14:25:03,705 [INFO] ============================================================
2026-04-27 14:25:03,781 [INFO]   HTTP engine: curl_cffi
2026-04-27 14:25:05,011 [INFO]   Warm-up https://www.nseindia.com -> 200
2026-04-27 14:25:06,706 [INFO]   Warm-up market-data -> 200
2026-04-27 14:25:07,328 [INFO]   Session engine: curl_cffi
2026-04-27 14:25:07,430 [INFO] 
-- 1/6  EQUITY --
2026-04-27 14:25:07,431 [INFO]   [1/3] GET https://archives.nseindia.com/content/historical/EQUITIES/2026/APR/cm27APR2026bhav.csv.zip
2026-04-27 14:25:07,774 [WARNING]   404 — file not on NSE (holiday or wrong date)
2026-04-27 14:25:07,775 [INFO]   [1/3] GET https://archives.nseindia.com/archives/equities/bhavcopy/cm27APR2026.csv.zip
2026-04-27 14:25:08,160 [WARNING]   404 — file not on NSE (holiday or wrong date)
2026-04-27 14:25:08,160 [INFO]   [1/3] GET https://nsearchives.nseindia.com/content/cm/BhavCopy_NSE_CM_0_0_0_20260427_F_0000.csv.zip
2026-04-27 14:25:08,553 [INFO]   OK 193,520 bytes
2026-04-27 14:25:08,569 [INFO]   Extracted 'BhavCopy_NSE_CM_0_0_0_20260427_F_0000.csv': 3,451 rows x 34 cols
2026-04-27 14:25:08,633 [INFO]   Saved -> data/equity/2026/04/2026-04-27.csv
2026-04-27 14:25:08,633 [INFO] 
-- 2/6  F&O --
2026-04-27 14:25:08,633 [INFO]   [1/3] GET https://archives.nseindia.com/content/historical/DERIVATIVES/2026/APR/fo27APR2026bhav.csv.zip
2026-04-27 14:25:08,960 [WARNING]   404 — file not on NSE (holiday or wrong date)
2026-04-27 14:25:08,961 [INFO]   [1/3] GET https://archives.nseindia.com/archives/derivatives/bhavcopy/fo27APR2026.csv.zip
2026-04-27 14:25:09,308 [WARNING]   404 — file not on NSE (holiday or wrong date)
2026-04-27 14:25:09,308 [INFO]   [1/3] GET https://nsearchives.nseindia.com/content/fo/BhavCopy_NSE_FO_0_0_0_20260427_F_0000.csv.zip
2026-04-27 14:25:09,592 [WARNING]   404 — file not on NSE (holiday or wrong date)
2026-04-27 14:25:09,592 [INFO]   [1/3] GET https://nsearchives.nseindia.com/archives/derivatives/bhavcopy/fo27APR2026.csv.zip
2026-04-27 14:25:10,623 [WARNING]   404 — file not on NSE (holiday or wrong date)
2026-04-27 14:25:10,623 [INFO] 
-- 3/6  INDEX --
2026-04-27 14:25:10,623 [INFO]   [1/3] GET https://archives.nseindia.com/content/indices/ind_close_all_27042026.csv
2026-04-27 14:25:11,014 [INFO]   OK 15,271 bytes
2026-04-27 14:25:11,018 [INFO]   Saved -> data/index/2026/04/2026-04-27.csv
2026-04-27 14:25:11,018 [INFO] 
-- 4/6  DELIVERY --
2026-04-27 14:25:11,018 [INFO]   [1/3] GET https://archives.nseindia.com/archives/equities/mto/MTO_27042026.DAT
2026-04-27 14:25:11,901 [INFO]   OK 120,900 bytes
2026-04-27 14:25:11,906 [INFO]   [1/3] GET https://archives.nseindia.com/archives/equities/bhavcopy/sec_bhavdata27APR2026.csv
2026-04-27 14:25:12,225 [WARNING]   404 — file not on NSE (holiday or wrong date)
2026-04-27 14:25:12,226 [INFO] 
-- 5/6  CORPORATE ACTIONS --
2026-04-27 14:25:12,226 [INFO]   [1/3] GET https://www.nseindia.com/corporates/shownCorporateActions?index=equities&from_date=20-04-2026&to_date=27-04-2026
2026-04-27 14:25:12,558 [WARNING]   404 — file not on NSE (holiday or wrong date)
2026-04-27 14:25:12,558 [INFO] 
-- 6/6  SME --
2026-04-27 14:25:12,558 [INFO]   [1/3] GET https://archives.nseindia.com/content/historical/EQUITIES/2026/APR/SME27APR2026BHAV.csv.zip
2026-04-27 14:25:12,885 [WARNING]   404 — file not on NSE (holiday or wrong date)
2026-04-27 14:25:12,885 [INFO]   [1/3] GET https://nsearchives.nseindia.com/content/cm/BhavCopy_NSE_SME_0_0_0_20260427_F_0000.csv.zip
2026-04-27 14:25:13,183 [WARNING]   404 — file not on NSE (holiday or wrong date)
2026-04-27 14:25:13,183 [INFO] 
-- MANIFEST --
2026-04-27 14:25:13,201 [INFO]   Manifest + summary updated.
2026-04-27 14:25:13,201 [INFO] 
============================================================
2026-04-27 14:25:13,201 [INFO]   OK  equity
2026-04-27 14:25:13,201 [INFO]   FAIL  fo
2026-04-27 14:25:13,202 [INFO]   OK  index
2026-04-27 14:25:13,202 [INFO]   FAIL  delivery
2026-04-27 14:25:13,202 [INFO]   FAIL  corporate_actions
2026-04-27 14:25:13,202 [INFO]   FAIL  sme
2026-04-27 14:25:13,202 [INFO] ============================================================
