2026-06-11 16:35:44,352 [INFO] ============================================================
2026-06-11 16:35:44,353 [INFO]   NSE Fetcher v2 (Cloudflare-proof) -- 2026-06-11
2026-06-11 16:35:44,353 [INFO] ============================================================
2026-06-11 16:35:44,492 [INFO]   HTTP engine: curl_cffi
2026-06-11 16:35:44,817 [INFO]   Warm-up https://www.nseindia.com -> 200
2026-06-11 16:35:46,361 [INFO]   Warm-up market-data -> 200
2026-06-11 16:35:46,911 [INFO]   Session engine: curl_cffi
2026-06-11 16:35:47,156 [INFO] 
-- 1/6  EQUITY --
2026-06-11 16:35:47,156 [INFO]   [1/3] GET https://archives.nseindia.com/content/historical/EQUITIES/2026/JUN/cm11JUN2026bhav.csv.zip
2026-06-11 16:35:47,664 [WARNING]   404 — file not on NSE (holiday or wrong date)
2026-06-11 16:35:47,664 [INFO]   [1/3] GET https://archives.nseindia.com/archives/equities/bhavcopy/cm11JUN2026.csv.zip
2026-06-11 16:35:47,945 [WARNING]   404 — file not on NSE (holiday or wrong date)
2026-06-11 16:35:47,945 [INFO]   [1/3] GET https://nsearchives.nseindia.com/content/cm/BhavCopy_NSE_CM_0_0_0_20260611_F_0000.csv.zip
2026-06-11 16:35:48,982 [INFO]   OK 189,223 bytes
2026-06-11 16:35:48,997 [INFO]   Extracted 'BhavCopy_NSE_CM_0_0_0_20260611_F_0000.csv': 3,368 rows x 34 cols
2026-06-11 16:35:49,058 [INFO]   Saved -> data/equity/2026/06/2026-06-11.csv
2026-06-11 16:35:49,058 [INFO] 
-- 2/6  F&O --
2026-06-11 16:35:49,058 [INFO]   [1/3] GET https://archives.nseindia.com/content/historical/DERIVATIVES/2026/JUN/fo11JUN2026bhav.csv.zip
2026-06-11 16:35:49,455 [WARNING]   404 — file not on NSE (holiday or wrong date)
2026-06-11 16:35:49,455 [INFO]   [1/3] GET https://archives.nseindia.com/archives/derivatives/bhavcopy/fo11JUN2026.csv.zip
2026-06-11 16:35:49,764 [WARNING]   404 — file not on NSE (holiday or wrong date)
2026-06-11 16:35:49,764 [INFO]   [1/3] GET https://nsearchives.nseindia.com/content/fo/BhavCopy_NSE_FO_0_0_0_20260611_F_0000.csv.zip
2026-06-11 16:35:50,005 [INFO]   OK 1,276,959 bytes
2026-06-11 16:35:50,104 [INFO]   Extracted 'BhavCopy_NSE_FO_0_0_0_20260611_F_0000.csv': 42,108 rows x 34 cols
2026-06-11 16:35:50,772 [INFO]   Saved -> data/fo/2026/06/2026-06-11.csv
2026-06-11 16:35:50,775 [INFO] 
-- 3/6  INDEX --
2026-06-11 16:35:50,776 [INFO]   [1/3] GET https://archives.nseindia.com/content/indices/ind_close_all_11062026.csv
2026-06-11 16:35:51,089 [INFO]   OK 15,826 bytes
2026-06-11 16:35:51,093 [INFO]   Saved -> data/index/2026/06/2026-06-11.csv
2026-06-11 16:35:51,093 [INFO] 
-- 4/6  DELIVERY --
2026-06-11 16:35:51,093 [INFO]   [1/3] GET https://archives.nseindia.com/archives/equities/mto/MTO_11062026.DAT
2026-06-11 16:35:51,557 [INFO]   OK 116,056 bytes
2026-06-11 16:35:51,562 [INFO]   [1/3] GET https://archives.nseindia.com/archives/equities/bhavcopy/sec_bhavdata11JUN2026.csv
2026-06-11 16:35:51,880 [WARNING]   404 — file not on NSE (holiday or wrong date)
2026-06-11 16:35:51,880 [INFO] 
-- 5/6  CORPORATE ACTIONS --
2026-06-11 16:35:51,880 [INFO]   [1/3] GET https://www.nseindia.com/corporates/shownCorporateActions?index=equities&from_date=04-06-2026&to_date=11-06-2026
2026-06-11 16:35:52,238 [WARNING]   404 — file not on NSE (holiday or wrong date)
2026-06-11 16:35:52,238 [INFO] 
-- 6/6  SME --
2026-06-11 16:35:52,238 [INFO]   [1/3] GET https://archives.nseindia.com/content/historical/EQUITIES/2026/JUN/SME11JUN2026BHAV.csv.zip
2026-06-11 16:35:52,539 [WARNING]   404 — file not on NSE (holiday or wrong date)
2026-06-11 16:35:52,539 [INFO]   [1/3] GET https://nsearchives.nseindia.com/content/cm/BhavCopy_NSE_SME_0_0_0_20260611_F_0000.csv.zip
2026-06-11 16:35:52,895 [WARNING]   404 — file not on NSE (holiday or wrong date)
2026-06-11 16:35:52,895 [INFO] 
-- MANIFEST --
2026-06-11 16:35:52,912 [INFO]   Manifest + summary updated.
2026-06-11 16:35:52,913 [INFO] 
============================================================
2026-06-11 16:35:52,913 [INFO]   OK  equity
2026-06-11 16:35:52,913 [INFO]   OK  fo
2026-06-11 16:35:52,913 [INFO]   OK  index
2026-06-11 16:35:52,913 [INFO]   FAIL  delivery
2026-06-11 16:35:52,913 [INFO]   FAIL  corporate_actions
2026-06-11 16:35:52,913 [INFO]   FAIL  sme
2026-06-11 16:35:52,913 [INFO] ============================================================
