2026-08-10 13:53:14,486 [INFO] ============================================================
2026-08-10 13:53:14,486 [INFO]   NSE Fetcher v2 (Cloudflare-proof) -- 2026-08-10
2026-08-10 13:53:14,486 [INFO] ============================================================
2026-08-10 13:53:14,550 [INFO]   HTTP engine: curl_cffi
2026-08-10 13:53:14,924 [INFO]   Warm-up https://www.nseindia.com -> 200
2026-08-10 13:53:16,789 [INFO]   Warm-up market-data -> 200
2026-08-10 13:53:17,606 [INFO]   Session engine: curl_cffi
2026-08-10 13:53:17,747 [INFO] 
-- 1/6  EQUITY --
2026-08-10 13:53:17,748 [INFO]   [1/3] GET https://archives.nseindia.com/content/historical/EQUITIES/2026/AUG/cm10AUG2026bhav.csv.zip
2026-08-10 13:53:18,211 [WARNING]   404 — file not on NSE (holiday or wrong date)
2026-08-10 13:53:18,212 [INFO]   [1/3] GET https://archives.nseindia.com/archives/equities/bhavcopy/cm10AUG2026.csv.zip
2026-08-10 13:53:18,554 [WARNING]   404 — file not on NSE (holiday or wrong date)
2026-08-10 13:53:18,554 [INFO]   [1/3] GET https://nsearchives.nseindia.com/content/cm/BhavCopy_NSE_CM_0_0_0_20260810_F_0000.csv.zip
2026-08-10 13:53:18,906 [INFO]   OK 198,559 bytes
2026-08-10 13:53:18,923 [INFO]   Extracted 'BhavCopy_NSE_CM_0_0_0_20260810_F_0000.csv': 3,564 rows x 34 cols
2026-08-10 13:53:18,986 [INFO]   Saved -> data/equity/2026/08/2026-08-10.csv
2026-08-10 13:53:18,987 [INFO] 
-- 2/6  F&O --
2026-08-10 13:53:18,987 [INFO]   [1/3] GET https://archives.nseindia.com/content/historical/DERIVATIVES/2026/AUG/fo10AUG2026bhav.csv.zip
2026-08-10 13:53:19,308 [WARNING]   404 — file not on NSE (holiday or wrong date)
2026-08-10 13:53:19,308 [INFO]   [1/3] GET https://archives.nseindia.com/archives/derivatives/bhavcopy/fo10AUG2026.csv.zip
2026-08-10 13:53:23,173 [WARNING]   404 — file not on NSE (holiday or wrong date)
2026-08-10 13:53:23,174 [INFO]   [1/3] GET https://nsearchives.nseindia.com/content/fo/BhavCopy_NSE_FO_0_0_0_20260810_F_0000.csv.zip
2026-08-10 13:53:25,463 [INFO]   OK 1,072,115 bytes
2026-08-10 13:53:25,550 [INFO]   Extracted 'BhavCopy_NSE_FO_0_0_0_20260810_F_0000.csv': 33,601 rows x 34 cols
2026-08-10 13:53:26,069 [INFO]   Saved -> data/fo/2026/08/2026-08-10.csv
2026-08-10 13:53:26,073 [INFO] 
-- 3/6  INDEX --
2026-08-10 13:53:26,073 [INFO]   [1/3] GET https://archives.nseindia.com/content/indices/ind_close_all_10082026.csv
2026-08-10 13:53:26,416 [INFO]   OK 16,615 bytes
2026-08-10 13:53:26,420 [INFO]   Saved -> data/index/2026/08/2026-08-10.csv
2026-08-10 13:53:26,420 [INFO] 
-- 4/6  DELIVERY --
2026-08-10 13:53:26,420 [INFO]   [1/3] GET https://archives.nseindia.com/archives/equities/mto/MTO_10082026.DAT
2026-08-10 13:53:26,783 [INFO]   OK 121,328 bytes
2026-08-10 13:53:26,789 [INFO]   [1/3] GET https://archives.nseindia.com/archives/equities/bhavcopy/sec_bhavdata10AUG2026.csv
2026-08-10 13:53:27,078 [WARNING]   404 — file not on NSE (holiday or wrong date)
2026-08-10 13:53:27,078 [INFO] 
-- 5/6  CORPORATE ACTIONS --
2026-08-10 13:53:27,078 [INFO]   [1/3] GET https://www.nseindia.com/corporates/shownCorporateActions?index=equities&from_date=03-08-2026&to_date=10-08-2026
2026-08-10 13:53:27,412 [WARNING]   404 — file not on NSE (holiday or wrong date)
2026-08-10 13:53:27,412 [INFO] 
-- 6/6  SME --
2026-08-10 13:53:27,412 [INFO]   [1/3] GET https://archives.nseindia.com/content/historical/EQUITIES/2026/AUG/SME10AUG2026BHAV.csv.zip
2026-08-10 13:53:27,677 [WARNING]   404 — file not on NSE (holiday or wrong date)
2026-08-10 13:53:27,677 [INFO]   [1/3] GET https://nsearchives.nseindia.com/content/cm/BhavCopy_NSE_SME_0_0_0_20260810_F_0000.csv.zip
2026-08-10 13:53:28,627 [WARNING]   404 — file not on NSE (holiday or wrong date)
2026-08-10 13:53:28,628 [INFO] 
-- MANIFEST --
2026-08-10 13:53:28,646 [INFO]   Manifest + summary updated.
2026-08-10 13:53:28,646 [INFO] 
============================================================
2026-08-10 13:53:28,646 [INFO]   OK  equity
2026-08-10 13:53:28,646 [INFO]   OK  fo
2026-08-10 13:53:28,646 [INFO]   OK  index
2026-08-10 13:53:28,646 [INFO]   FAIL  delivery
2026-08-10 13:53:28,646 [INFO]   FAIL  corporate_actions
2026-08-10 13:53:28,646 [INFO]   FAIL  sme
2026-08-10 13:53:28,647 [INFO] ============================================================
