2026-07-28 14:57:52,722 [INFO] ============================================================
2026-07-28 14:57:52,722 [INFO]   NSE Fetcher v2 (Cloudflare-proof) -- 2026-07-28
2026-07-28 14:57:52,722 [INFO] ============================================================
2026-07-28 14:57:52,791 [INFO]   HTTP engine: curl_cffi
2026-07-28 14:57:53,126 [INFO]   Warm-up https://www.nseindia.com -> 200
2026-07-28 14:57:55,064 [INFO]   Warm-up market-data -> 200
2026-07-28 14:57:56,007 [INFO]   Session engine: curl_cffi
2026-07-28 14:57:56,142 [INFO] 
-- 1/6  EQUITY --
2026-07-28 14:57:56,142 [INFO]   [1/3] GET https://archives.nseindia.com/content/historical/EQUITIES/2026/JUL/cm28JUL2026bhav.csv.zip
2026-07-28 14:57:56,428 [WARNING]   404 — file not on NSE (holiday or wrong date)
2026-07-28 14:57:56,429 [INFO]   [1/3] GET https://archives.nseindia.com/archives/equities/bhavcopy/cm28JUL2026.csv.zip
2026-07-28 14:57:56,842 [WARNING]   404 — file not on NSE (holiday or wrong date)
2026-07-28 14:57:56,842 [INFO]   [1/3] GET https://nsearchives.nseindia.com/content/cm/BhavCopy_NSE_CM_0_0_0_20260728_F_0000.csv.zip
2026-07-28 14:57:57,123 [INFO]   OK 191,011 bytes
2026-07-28 14:57:57,140 [INFO]   Extracted 'BhavCopy_NSE_CM_0_0_0_20260728_F_0000.csv': 3,413 rows x 34 cols
2026-07-28 14:57:57,204 [INFO]   Saved -> data/equity/2026/07/2026-07-28.csv
2026-07-28 14:57:57,205 [INFO] 
-- 2/6  F&O --
2026-07-28 14:57:57,205 [INFO]   [1/3] GET https://archives.nseindia.com/content/historical/DERIVATIVES/2026/JUL/fo28JUL2026bhav.csv.zip
2026-07-28 14:57:57,542 [WARNING]   404 — file not on NSE (holiday or wrong date)
2026-07-28 14:57:57,542 [INFO]   [1/3] GET https://archives.nseindia.com/archives/derivatives/bhavcopy/fo28JUL2026.csv.zip
2026-07-28 14:57:57,851 [WARNING]   404 — file not on NSE (holiday or wrong date)
2026-07-28 14:57:57,851 [INFO]   [1/3] GET https://nsearchives.nseindia.com/content/fo/BhavCopy_NSE_FO_0_0_0_20260728_F_0000.csv.zip
2026-07-28 14:57:57,890 [INFO]   OK 1,295,404 bytes
2026-07-28 14:57:57,986 [INFO]   Extracted 'BhavCopy_NSE_FO_0_0_0_20260728_F_0000.csv': 39,184 rows x 34 cols
2026-07-28 14:57:58,666 [INFO]   Saved -> data/fo/2026/07/2026-07-28.csv
2026-07-28 14:57:58,670 [INFO] 
-- 3/6  INDEX --
2026-07-28 14:57:58,670 [INFO]   [1/3] GET https://archives.nseindia.com/content/indices/ind_close_all_28072026.csv
2026-07-28 14:57:59,002 [INFO]   OK 15,734 bytes
2026-07-28 14:57:59,006 [INFO]   Saved -> data/index/2026/07/2026-07-28.csv
2026-07-28 14:57:59,006 [INFO] 
-- 4/6  DELIVERY --
2026-07-28 14:57:59,006 [INFO]   [1/3] GET https://archives.nseindia.com/archives/equities/mto/MTO_28072026.DAT
2026-07-28 14:57:59,580 [INFO]   OK 115,838 bytes
2026-07-28 14:57:59,585 [INFO]   [1/3] GET https://archives.nseindia.com/archives/equities/bhavcopy/sec_bhavdata28JUL2026.csv
2026-07-28 14:57:59,878 [WARNING]   404 — file not on NSE (holiday or wrong date)
2026-07-28 14:57:59,878 [INFO] 
-- 5/6  CORPORATE ACTIONS --
2026-07-28 14:57:59,878 [INFO]   [1/3] GET https://www.nseindia.com/corporates/shownCorporateActions?index=equities&from_date=21-07-2026&to_date=28-07-2026
2026-07-28 14:58:00,173 [WARNING]   404 — file not on NSE (holiday or wrong date)
2026-07-28 14:58:00,173 [INFO] 
-- 6/6  SME --
2026-07-28 14:58:00,173 [INFO]   [1/3] GET https://archives.nseindia.com/content/historical/EQUITIES/2026/JUL/SME28JUL2026BHAV.csv.zip
2026-07-28 14:58:00,460 [WARNING]   404 — file not on NSE (holiday or wrong date)
2026-07-28 14:58:00,460 [INFO]   [1/3] GET https://nsearchives.nseindia.com/content/cm/BhavCopy_NSE_SME_0_0_0_20260728_F_0000.csv.zip
2026-07-28 14:58:00,736 [WARNING]   404 — file not on NSE (holiday or wrong date)
2026-07-28 14:58:00,736 [INFO] 
-- MANIFEST --
2026-07-28 14:58:00,754 [INFO]   Manifest + summary updated.
2026-07-28 14:58:00,755 [INFO] 
============================================================
2026-07-28 14:58:00,755 [INFO]   OK  equity
2026-07-28 14:58:00,755 [INFO]   OK  fo
2026-07-28 14:58:00,755 [INFO]   OK  index
2026-07-28 14:58:00,755 [INFO]   FAIL  delivery
2026-07-28 14:58:00,755 [INFO]   FAIL  corporate_actions
2026-07-28 14:58:00,755 [INFO]   FAIL  sme
2026-07-28 14:58:00,755 [INFO] ============================================================
