2026-07-21 14:32:24,609 [INFO] ============================================================
2026-07-21 14:32:24,609 [INFO]   NSE Fetcher v2 (Cloudflare-proof) -- 2026-07-21
2026-07-21 14:32:24,610 [INFO] ============================================================
2026-07-21 14:32:24,746 [INFO]   HTTP engine: curl_cffi
2026-07-21 14:32:25,246 [INFO]   Warm-up https://www.nseindia.com -> 200
2026-07-21 14:32:26,653 [INFO]   Warm-up market-data -> 200
2026-07-21 14:32:27,441 [INFO]   Session engine: curl_cffi
2026-07-21 14:32:27,636 [INFO] 
-- 1/6  EQUITY --
2026-07-21 14:32:27,636 [INFO]   [1/3] GET https://archives.nseindia.com/content/historical/EQUITIES/2026/JUL/cm21JUL2026bhav.csv.zip
2026-07-21 14:32:28,099 [WARNING]   404 — file not on NSE (holiday or wrong date)
2026-07-21 14:32:28,099 [INFO]   [1/3] GET https://archives.nseindia.com/archives/equities/bhavcopy/cm21JUL2026.csv.zip
2026-07-21 14:32:28,437 [WARNING]   404 — file not on NSE (holiday or wrong date)
2026-07-21 14:32:28,437 [INFO]   [1/3] GET https://nsearchives.nseindia.com/content/cm/BhavCopy_NSE_CM_0_0_0_20260721_F_0000.csv.zip
2026-07-21 14:32:28,675 [INFO]   OK 192,006 bytes
2026-07-21 14:32:28,691 [INFO]   Extracted 'BhavCopy_NSE_CM_0_0_0_20260721_F_0000.csv': 3,442 rows x 34 cols
2026-07-21 14:32:28,751 [INFO]   Saved -> data/equity/2026/07/2026-07-21.csv
2026-07-21 14:32:28,752 [INFO] 
-- 2/6  F&O --
2026-07-21 14:32:28,752 [INFO]   [1/3] GET https://archives.nseindia.com/content/historical/DERIVATIVES/2026/JUL/fo21JUL2026bhav.csv.zip
2026-07-21 14:32:29,125 [WARNING]   404 — file not on NSE (holiday or wrong date)
2026-07-21 14:32:29,125 [INFO]   [1/3] GET https://archives.nseindia.com/archives/derivatives/bhavcopy/fo21JUL2026.csv.zip
2026-07-21 14:32:29,445 [WARNING]   404 — file not on NSE (holiday or wrong date)
2026-07-21 14:32:29,446 [INFO]   [1/3] GET https://nsearchives.nseindia.com/content/fo/BhavCopy_NSE_FO_0_0_0_20260721_F_0000.csv.zip
2026-07-21 14:32:32,588 [INFO]   OK 1,239,856 bytes
2026-07-21 14:32:32,684 [INFO]   Extracted 'BhavCopy_NSE_FO_0_0_0_20260721_F_0000.csv': 38,175 rows x 34 cols
2026-07-21 14:32:33,277 [INFO]   Saved -> data/fo/2026/07/2026-07-21.csv
2026-07-21 14:32:33,280 [INFO] 
-- 3/6  INDEX --
2026-07-21 14:32:33,280 [INFO]   [1/3] GET https://archives.nseindia.com/content/indices/ind_close_all_21072026.csv
2026-07-21 14:32:33,641 [INFO]   OK 15,592 bytes
2026-07-21 14:32:33,645 [INFO]   Saved -> data/index/2026/07/2026-07-21.csv
2026-07-21 14:32:33,645 [INFO] 
-- 4/6  DELIVERY --
2026-07-21 14:32:33,645 [INFO]   [1/3] GET https://archives.nseindia.com/archives/equities/mto/MTO_21072026.DAT
2026-07-21 14:32:34,465 [INFO]   OK 116,241 bytes
2026-07-21 14:32:34,469 [INFO]   [1/3] GET https://archives.nseindia.com/archives/equities/bhavcopy/sec_bhavdata21JUL2026.csv
2026-07-21 14:32:34,781 [WARNING]   404 — file not on NSE (holiday or wrong date)
2026-07-21 14:32:34,781 [INFO] 
-- 5/6  CORPORATE ACTIONS --
2026-07-21 14:32:34,782 [INFO]   [1/3] GET https://www.nseindia.com/corporates/shownCorporateActions?index=equities&from_date=14-07-2026&to_date=21-07-2026
2026-07-21 14:32:35,088 [WARNING]   404 — file not on NSE (holiday or wrong date)
2026-07-21 14:32:35,088 [INFO] 
-- 6/6  SME --
2026-07-21 14:32:35,088 [INFO]   [1/3] GET https://archives.nseindia.com/content/historical/EQUITIES/2026/JUL/SME21JUL2026BHAV.csv.zip
2026-07-21 14:32:35,445 [WARNING]   404 — file not on NSE (holiday or wrong date)
2026-07-21 14:32:35,445 [INFO]   [1/3] GET https://nsearchives.nseindia.com/content/cm/BhavCopy_NSE_SME_0_0_0_20260721_F_0000.csv.zip
2026-07-21 14:32:36,004 [WARNING]   404 — file not on NSE (holiday or wrong date)
2026-07-21 14:32:36,004 [INFO] 
-- MANIFEST --
2026-07-21 14:32:36,022 [INFO]   Manifest + summary updated.
2026-07-21 14:32:36,023 [INFO] 
============================================================
2026-07-21 14:32:36,023 [INFO]   OK  equity
2026-07-21 14:32:36,023 [INFO]   OK  fo
2026-07-21 14:32:36,023 [INFO]   OK  index
2026-07-21 14:32:36,023 [INFO]   FAIL  delivery
2026-07-21 14:32:36,023 [INFO]   FAIL  corporate_actions
2026-07-21 14:32:36,023 [INFO]   FAIL  sme
2026-07-21 14:32:36,023 [INFO] ============================================================
