2026-04-20 15:52:45,396 [INFO] ============================================================
2026-04-20 15:52:45,396 [INFO]   NSE Fetcher v2 (Cloudflare-proof) -- 2026-04-20
2026-04-20 15:52:45,396 [INFO] ============================================================
2026-04-20 15:52:45,525 [INFO]   HTTP engine: curl_cffi
2026-04-20 15:52:45,721 [INFO]   Warm-up https://www.nseindia.com -> 200
2026-04-20 15:52:47,491 [INFO]   Warm-up market-data -> 200
2026-04-20 15:52:48,185 [INFO]   Session engine: curl_cffi
2026-04-20 15:52:48,342 [INFO] 
-- 1/6  EQUITY --
2026-04-20 15:52:48,342 [INFO]   [1/3] GET https://archives.nseindia.com/content/historical/EQUITIES/2026/APR/cm20APR2026bhav.csv.zip
2026-04-20 15:52:51,895 [WARNING]   404 — file not on NSE (holiday or wrong date)
2026-04-20 15:52:51,895 [INFO]   [1/3] GET https://archives.nseindia.com/archives/equities/bhavcopy/cm20APR2026.csv.zip
2026-04-20 15:52:52,175 [WARNING]   404 — file not on NSE (holiday or wrong date)
2026-04-20 15:52:52,175 [INFO]   [1/3] GET https://nsearchives.nseindia.com/content/cm/BhavCopy_NSE_CM_0_0_0_20260420_F_0000.csv.zip
2026-04-20 15:52:52,480 [INFO]   OK 192,475 bytes
2026-04-20 15:52:52,495 [INFO]   Extracted 'BhavCopy_NSE_CM_0_0_0_20260420_F_0000.csv': 3,430 rows x 34 cols
2026-04-20 15:52:52,553 [INFO]   Saved -> data/equity/2026/04/2026-04-20.csv
2026-04-20 15:52:52,553 [INFO] 
-- 2/6  F&O --
2026-04-20 15:52:52,554 [INFO]   [1/3] GET https://archives.nseindia.com/content/historical/DERIVATIVES/2026/APR/fo20APR2026bhav.csv.zip
2026-04-20 15:52:52,826 [WARNING]   404 — file not on NSE (holiday or wrong date)
2026-04-20 15:52:52,827 [INFO]   [1/3] GET https://archives.nseindia.com/archives/derivatives/bhavcopy/fo20APR2026.csv.zip
2026-04-20 15:52:53,112 [WARNING]   404 — file not on NSE (holiday or wrong date)
2026-04-20 15:52:53,113 [INFO]   [1/3] GET https://nsearchives.nseindia.com/content/fo/BhavCopy_NSE_FO_0_0_0_20260420_F_0000.csv.zip
2026-04-20 15:52:53,407 [INFO]   OK 1,507,140 bytes
2026-04-20 15:52:53,534 [INFO]   Extracted 'BhavCopy_NSE_FO_0_0_0_20260420_F_0000.csv': 48,673 rows x 34 cols
2026-04-20 15:52:54,276 [INFO]   Saved -> data/fo/2026/04/2026-04-20.csv
2026-04-20 15:52:54,279 [INFO] 
-- 3/6  INDEX --
2026-04-20 15:52:54,279 [INFO]   [1/3] GET https://archives.nseindia.com/content/indices/ind_close_all_20042026.csv
2026-04-20 15:52:54,612 [INFO]   OK 15,184 bytes
2026-04-20 15:52:54,616 [INFO]   Saved -> data/index/2026/04/2026-04-20.csv
2026-04-20 15:52:54,616 [INFO] 
-- 4/6  DELIVERY --
2026-04-20 15:52:54,616 [INFO]   [1/3] GET https://archives.nseindia.com/archives/equities/mto/MTO_20042026.DAT
2026-04-20 15:52:55,442 [INFO]   OK 121,229 bytes
2026-04-20 15:52:55,447 [INFO]   [1/3] GET https://archives.nseindia.com/archives/equities/bhavcopy/sec_bhavdata20APR2026.csv
2026-04-20 15:52:55,717 [WARNING]   404 — file not on NSE (holiday or wrong date)
2026-04-20 15:52:55,717 [INFO] 
-- 5/6  CORPORATE ACTIONS --
2026-04-20 15:52:55,717 [INFO]   [1/3] GET https://www.nseindia.com/corporates/shownCorporateActions?index=equities&from_date=13-04-2026&to_date=20-04-2026
2026-04-20 15:52:56,355 [WARNING]   404 — file not on NSE (holiday or wrong date)
2026-04-20 15:52:56,355 [INFO] 
-- 6/6  SME --
2026-04-20 15:52:56,355 [INFO]   [1/3] GET https://archives.nseindia.com/content/historical/EQUITIES/2026/APR/SME20APR2026BHAV.csv.zip
2026-04-20 15:52:56,629 [WARNING]   404 — file not on NSE (holiday or wrong date)
2026-04-20 15:52:56,630 [INFO]   [1/3] GET https://nsearchives.nseindia.com/content/cm/BhavCopy_NSE_SME_0_0_0_20260420_F_0000.csv.zip
2026-04-20 15:52:56,900 [WARNING]   404 — file not on NSE (holiday or wrong date)
2026-04-20 15:52:56,901 [INFO] 
-- MANIFEST --
2026-04-20 15:52:56,917 [INFO]   Manifest + summary updated.
2026-04-20 15:52:56,917 [INFO] 
============================================================
2026-04-20 15:52:56,917 [INFO]   OK  equity
2026-04-20 15:52:56,917 [INFO]   OK  fo
2026-04-20 15:52:56,917 [INFO]   OK  index
2026-04-20 15:52:56,917 [INFO]   FAIL  delivery
2026-04-20 15:52:56,917 [INFO]   FAIL  corporate_actions
2026-04-20 15:52:56,917 [INFO]   FAIL  sme
2026-04-20 15:52:56,917 [INFO] ============================================================
