2026-07-20 14:38:59,726 [INFO] ============================================================
2026-07-20 14:38:59,726 [INFO]   NSE Fetcher v2 (Cloudflare-proof) -- 2026-07-20
2026-07-20 14:38:59,726 [INFO] ============================================================
2026-07-20 14:39:00,139 [INFO]   HTTP engine: curl_cffi
2026-07-20 14:39:00,217 [INFO]   Warm-up https://www.nseindia.com -> 200
2026-07-20 14:39:21,854 [WARNING]   Warm-up error (non-fatal): Failed to perform, curl: (28) Operation timed out after 20002 milliseconds with 0 bytes received. See https://curl.se/libcurl/c/libcurl-errors.html first for more details.
2026-07-20 14:39:21,854 [INFO]   Session engine: curl_cffi
2026-07-20 14:39:21,972 [INFO] 
-- 1/6  EQUITY --
2026-07-20 14:39:21,973 [INFO]   [1/3] GET https://archives.nseindia.com/content/historical/EQUITIES/2026/JUL/cm20JUL2026bhav.csv.zip
2026-07-20 14:39:22,260 [WARNING]   404 — file not on NSE (holiday or wrong date)
2026-07-20 14:39:22,261 [INFO]   [1/3] GET https://archives.nseindia.com/archives/equities/bhavcopy/cm20JUL2026.csv.zip
2026-07-20 14:39:22,534 [WARNING]   404 — file not on NSE (holiday or wrong date)
2026-07-20 14:39:22,535 [INFO]   [1/3] GET https://nsearchives.nseindia.com/content/cm/BhavCopy_NSE_CM_0_0_0_20260720_F_0000.csv.zip
2026-07-20 14:39:22,673 [INFO]   OK 190,355 bytes
2026-07-20 14:39:22,689 [INFO]   Extracted 'BhavCopy_NSE_CM_0_0_0_20260720_F_0000.csv': 3,395 rows x 34 cols
2026-07-20 14:39:22,749 [INFO]   Saved -> data/equity/2026/07/2026-07-20.csv
2026-07-20 14:39:22,750 [INFO] 
-- 2/6  F&O --
2026-07-20 14:39:22,750 [INFO]   [1/3] GET https://archives.nseindia.com/content/historical/DERIVATIVES/2026/JUL/fo20JUL2026bhav.csv.zip
2026-07-20 14:39:23,001 [WARNING]   404 — file not on NSE (holiday or wrong date)
2026-07-20 14:39:23,001 [INFO]   [1/3] GET https://archives.nseindia.com/archives/derivatives/bhavcopy/fo20JUL2026.csv.zip
2026-07-20 14:39:23,302 [WARNING]   404 — file not on NSE (holiday or wrong date)
2026-07-20 14:39:23,302 [INFO]   [1/3] GET https://nsearchives.nseindia.com/content/fo/BhavCopy_NSE_FO_0_0_0_20260720_F_0000.csv.zip
2026-07-20 14:39:25,189 [INFO]   OK 1,233,752 bytes
2026-07-20 14:39:25,289 [INFO]   Extracted 'BhavCopy_NSE_FO_0_0_0_20260720_F_0000.csv': 38,038 rows x 34 cols
2026-07-20 14:39:25,886 [INFO]   Saved -> data/fo/2026/07/2026-07-20.csv
2026-07-20 14:39:25,890 [INFO] 
-- 3/6  INDEX --
2026-07-20 14:39:25,890 [INFO]   [1/3] GET https://archives.nseindia.com/content/indices/ind_close_all_20072026.csv
2026-07-20 14:39:26,210 [INFO]   OK 16,466 bytes
2026-07-20 14:39:26,214 [INFO]   Saved -> data/index/2026/07/2026-07-20.csv
2026-07-20 14:39:26,214 [INFO] 
-- 4/6  DELIVERY --
2026-07-20 14:39:26,214 [INFO]   [1/3] GET https://archives.nseindia.com/archives/equities/mto/MTO_20072026.DAT
2026-07-20 14:39:26,528 [INFO]   OK 114,237 bytes
2026-07-20 14:39:26,532 [INFO]   [1/3] GET https://archives.nseindia.com/archives/equities/bhavcopy/sec_bhavdata20JUL2026.csv
2026-07-20 14:39:26,779 [WARNING]   404 — file not on NSE (holiday or wrong date)
2026-07-20 14:39:26,779 [INFO] 
-- 5/6  CORPORATE ACTIONS --
2026-07-20 14:39:26,779 [INFO]   [1/3] GET https://www.nseindia.com/corporates/shownCorporateActions?index=equities&from_date=13-07-2026&to_date=20-07-2026
2026-07-20 14:40:26,784 [WARNING]   Error: Failed to perform, curl: (28) Operation timed out after 60002 milliseconds with 0 bytes received. See https://curl.se/libcurl/c/libcurl-errors.html first for more details.
2026-07-20 14:40:26,784 [INFO]   Sleeping 5.5s...
2026-07-20 14:40:32,288 [INFO]   [2/3] GET https://www.nseindia.com/corporates/shownCorporateActions?index=equities&from_date=13-07-2026&to_date=20-07-2026
2026-07-20 14:41:32,292 [WARNING]   Error: Failed to perform, curl: (28) Operation timed out after 60002 milliseconds with 0 bytes received. See https://curl.se/libcurl/c/libcurl-errors.html first for more details.
2026-07-20 14:41:32,292 [INFO]   Sleeping 8.3s...
2026-07-20 14:41:40,560 [INFO]   [3/3] GET https://www.nseindia.com/corporates/shownCorporateActions?index=equities&from_date=13-07-2026&to_date=20-07-2026
2026-07-20 14:42:40,563 [WARNING]   Error: Failed to perform, curl: (28) Operation timed out after 60002 milliseconds with 0 bytes received. See https://curl.se/libcurl/c/libcurl-errors.html first for more details.
2026-07-20 14:42:40,563 [INFO]   Sleeping 13.2s...
2026-07-20 14:42:53,774 [ERROR]   All 3 attempts failed
2026-07-20 14:42:53,774 [INFO] 
-- 6/6  SME --
2026-07-20 14:42:53,774 [INFO]   [1/3] GET https://archives.nseindia.com/content/historical/EQUITIES/2026/JUL/SME20JUL2026BHAV.csv.zip
2026-07-20 14:42:54,302 [WARNING]   404 — file not on NSE (holiday or wrong date)
2026-07-20 14:42:54,303 [INFO]   [1/3] GET https://nsearchives.nseindia.com/content/cm/BhavCopy_NSE_SME_0_0_0_20260720_F_0000.csv.zip
2026-07-20 14:43:54,307 [WARNING]   Error: Failed to perform, curl: (28) Operation timed out after 60002 milliseconds with 0 bytes received. See https://curl.se/libcurl/c/libcurl-errors.html first for more details.
2026-07-20 14:43:54,307 [INFO]   Sleeping 4.7s...
2026-07-20 14:43:59,013 [INFO]   [2/3] GET https://nsearchives.nseindia.com/content/cm/BhavCopy_NSE_SME_0_0_0_20260720_F_0000.csv.zip
2026-07-20 14:44:59,017 [WARNING]   Error: Failed to perform, curl: (28) Operation timed out after 60002 milliseconds with 0 bytes received. See https://curl.se/libcurl/c/libcurl-errors.html first for more details.
2026-07-20 14:44:59,017 [INFO]   Sleeping 9.9s...
2026-07-20 14:45:08,963 [INFO]   [3/3] GET https://nsearchives.nseindia.com/content/cm/BhavCopy_NSE_SME_0_0_0_20260720_F_0000.csv.zip
2026-07-20 14:46:08,967 [WARNING]   Error: Failed to perform, curl: (28) Operation timed out after 60002 milliseconds with 0 bytes received. See https://curl.se/libcurl/c/libcurl-errors.html first for more details.
2026-07-20 14:46:08,968 [INFO]   Sleeping 12.9s...
2026-07-20 14:46:21,853 [ERROR]   All 3 attempts failed
2026-07-20 14:46:21,853 [INFO] 
-- MANIFEST --
2026-07-20 14:46:21,871 [INFO]   Manifest + summary updated.
2026-07-20 14:46:21,872 [INFO] 
============================================================
2026-07-20 14:46:21,872 [INFO]   OK  equity
2026-07-20 14:46:21,872 [INFO]   OK  fo
2026-07-20 14:46:21,872 [INFO]   OK  index
2026-07-20 14:46:21,872 [INFO]   FAIL  delivery
2026-07-20 14:46:21,872 [INFO]   FAIL  corporate_actions
2026-07-20 14:46:21,872 [INFO]   FAIL  sme
2026-07-20 14:46:21,872 [INFO] ============================================================
