2026-08-11 13:51:28,066 [INFO] ============================================================
2026-08-11 13:51:28,066 [INFO]   NSE Fetcher v2 (Cloudflare-proof) -- 2026-08-11
2026-08-11 13:51:28,066 [INFO] ============================================================
2026-08-11 13:51:28,124 [INFO]   HTTP engine: curl_cffi
2026-08-11 13:51:28,219 [INFO]   Warm-up https://www.nseindia.com -> 200
2026-08-11 13:51:29,751 [INFO]   Warm-up market-data -> 200
2026-08-11 13:51:30,525 [INFO]   Session engine: curl_cffi
2026-08-11 13:51:30,560 [INFO] 
-- 1/6  EQUITY --
2026-08-11 13:51:30,561 [INFO]   [1/3] GET https://archives.nseindia.com/content/historical/EQUITIES/2026/AUG/cm11AUG2026bhav.csv.zip
2026-08-11 13:51:31,299 [WARNING]   404 — file not on NSE (holiday or wrong date)
2026-08-11 13:51:31,299 [INFO]   [1/3] GET https://archives.nseindia.com/archives/equities/bhavcopy/cm11AUG2026.csv.zip
2026-08-11 13:51:31,533 [WARNING]   404 — file not on NSE (holiday or wrong date)
2026-08-11 13:51:31,534 [INFO]   [1/3] GET https://nsearchives.nseindia.com/content/cm/BhavCopy_NSE_CM_0_0_0_20260811_F_0000.csv.zip
2026-08-11 13:51:31,789 [INFO]   OK 195,005 bytes
2026-08-11 13:51:31,806 [INFO]   Extracted 'BhavCopy_NSE_CM_0_0_0_20260811_F_0000.csv': 3,483 rows x 34 cols
2026-08-11 13:51:31,866 [INFO]   Saved -> data/equity/2026/08/2026-08-11.csv
2026-08-11 13:51:31,867 [INFO] 
-- 2/6  F&O --
2026-08-11 13:51:31,867 [INFO]   [1/3] GET https://archives.nseindia.com/content/historical/DERIVATIVES/2026/AUG/fo11AUG2026bhav.csv.zip
2026-08-11 13:51:32,100 [WARNING]   404 — file not on NSE (holiday or wrong date)
2026-08-11 13:51:32,100 [INFO]   [1/3] GET https://archives.nseindia.com/archives/derivatives/bhavcopy/fo11AUG2026.csv.zip
2026-08-11 13:51:32,341 [WARNING]   404 — file not on NSE (holiday or wrong date)
2026-08-11 13:51:32,341 [INFO]   [1/3] GET https://nsearchives.nseindia.com/content/fo/BhavCopy_NSE_FO_0_0_0_20260811_F_0000.csv.zip
2026-08-11 13:51:32,641 [INFO]   OK 1,083,379 bytes
2026-08-11 13:51:32,728 [INFO]   Extracted 'BhavCopy_NSE_FO_0_0_0_20260811_F_0000.csv': 34,028 rows x 34 cols
2026-08-11 13:51:33,254 [INFO]   Saved -> data/fo/2026/08/2026-08-11.csv
2026-08-11 13:51:33,258 [INFO] 
-- 3/6  INDEX --
2026-08-11 13:51:33,258 [INFO]   [1/3] GET https://archives.nseindia.com/content/indices/ind_close_all_11082026.csv
2026-08-11 13:51:33,497 [INFO]   OK 16,873 bytes
2026-08-11 13:51:33,501 [INFO]   Saved -> data/index/2026/08/2026-08-11.csv
2026-08-11 13:51:33,501 [INFO] 
-- 4/6  DELIVERY --
2026-08-11 13:51:33,501 [INFO]   [1/3] GET https://archives.nseindia.com/archives/equities/mto/MTO_11082026.DAT
2026-08-11 13:51:33,790 [INFO]   OK 120,097 bytes
2026-08-11 13:51:33,796 [INFO]   [1/3] GET https://archives.nseindia.com/archives/equities/bhavcopy/sec_bhavdata11AUG2026.csv
2026-08-11 13:51:34,031 [WARNING]   404 — file not on NSE (holiday or wrong date)
2026-08-11 13:51:34,031 [INFO] 
-- 5/6  CORPORATE ACTIONS --
2026-08-11 13:51:34,031 [INFO]   [1/3] GET https://www.nseindia.com/corporates/shownCorporateActions?index=equities&from_date=04-08-2026&to_date=11-08-2026
2026-08-11 13:51:34,293 [WARNING]   404 — file not on NSE (holiday or wrong date)
2026-08-11 13:51:34,293 [INFO] 
-- 6/6  SME --
2026-08-11 13:51:34,293 [INFO]   [1/3] GET https://archives.nseindia.com/content/historical/EQUITIES/2026/AUG/SME11AUG2026BHAV.csv.zip
2026-08-11 13:51:34,572 [WARNING]   404 — file not on NSE (holiday or wrong date)
2026-08-11 13:51:34,572 [INFO]   [1/3] GET https://nsearchives.nseindia.com/content/cm/BhavCopy_NSE_SME_0_0_0_20260811_F_0000.csv.zip
2026-08-11 13:51:34,922 [WARNING]   404 — file not on NSE (holiday or wrong date)
2026-08-11 13:51:34,922 [INFO] 
-- MANIFEST --
2026-08-11 13:51:34,940 [INFO]   Manifest + summary updated.
2026-08-11 13:51:34,940 [INFO] 
============================================================
2026-08-11 13:51:34,941 [INFO]   OK  equity
2026-08-11 13:51:34,941 [INFO]   OK  fo
2026-08-11 13:51:34,941 [INFO]   OK  index
2026-08-11 13:51:34,941 [INFO]   FAIL  delivery
2026-08-11 13:51:34,941 [INFO]   FAIL  corporate_actions
2026-08-11 13:51:34,941 [INFO]   FAIL  sme
2026-08-11 13:51:34,941 [INFO] ============================================================
