2026-05-08 16:43:33,711 [INFO] ============================================================
2026-05-08 16:43:33,711 [INFO]   NSE Fetcher v2 (Cloudflare-proof) -- 2026-05-08
2026-05-08 16:43:33,711 [INFO] ============================================================
2026-05-08 16:43:33,784 [INFO]   HTTP engine: curl_cffi
2026-05-08 16:43:34,240 [INFO]   Warm-up https://www.nseindia.com -> 200
2026-05-08 16:43:36,508 [INFO]   Warm-up market-data -> 200
2026-05-08 16:43:37,201 [INFO]   Session engine: curl_cffi
2026-05-08 16:43:37,354 [INFO] 
-- 1/6  EQUITY --
2026-05-08 16:43:37,354 [INFO]   [1/3] GET https://archives.nseindia.com/content/historical/EQUITIES/2026/MAY/cm08MAY2026bhav.csv.zip
2026-05-08 16:43:38,705 [WARNING]   404 — file not on NSE (holiday or wrong date)
2026-05-08 16:43:38,705 [INFO]   [1/3] GET https://archives.nseindia.com/archives/equities/bhavcopy/cm08MAY2026.csv.zip
2026-05-08 16:43:39,053 [WARNING]   404 — file not on NSE (holiday or wrong date)
2026-05-08 16:43:39,053 [INFO]   [1/3] GET https://nsearchives.nseindia.com/content/cm/BhavCopy_NSE_CM_0_0_0_20260508_F_0000.csv.zip
2026-05-08 16:43:40,635 [INFO]   OK 190,808 bytes
2026-05-08 16:43:40,651 [INFO]   Extracted 'BhavCopy_NSE_CM_0_0_0_20260508_F_0000.csv': 3,393 rows x 34 cols
2026-05-08 16:43:40,715 [INFO]   Saved -> data/equity/2026/05/2026-05-08.csv
2026-05-08 16:43:40,715 [INFO] 
-- 2/6  F&O --
2026-05-08 16:43:40,715 [INFO]   [1/3] GET https://archives.nseindia.com/content/historical/DERIVATIVES/2026/MAY/fo08MAY2026bhav.csv.zip
2026-05-08 16:43:41,077 [WARNING]   404 — file not on NSE (holiday or wrong date)
2026-05-08 16:43:41,077 [INFO]   [1/3] GET https://archives.nseindia.com/archives/derivatives/bhavcopy/fo08MAY2026.csv.zip
2026-05-08 16:43:41,355 [WARNING]   404 — file not on NSE (holiday or wrong date)
2026-05-08 16:43:41,355 [INFO]   [1/3] GET https://nsearchives.nseindia.com/content/fo/BhavCopy_NSE_FO_0_0_0_20260508_F_0000.csv.zip
2026-05-08 16:43:41,923 [INFO]   OK 1,263,397 bytes
2026-05-08 16:43:42,032 [INFO]   Extracted 'BhavCopy_NSE_FO_0_0_0_20260508_F_0000.csv': 41,107 rows x 34 cols
2026-05-08 16:43:42,713 [INFO]   Saved -> data/fo/2026/05/2026-05-08.csv
2026-05-08 16:43:42,716 [INFO] 
-- 3/6  INDEX --
2026-05-08 16:43:42,717 [INFO]   [1/3] GET https://archives.nseindia.com/content/indices/ind_close_all_08052026.csv
2026-05-08 16:43:43,053 [INFO]   OK 15,707 bytes
2026-05-08 16:43:43,057 [INFO]   Saved -> data/index/2026/05/2026-05-08.csv
2026-05-08 16:43:43,058 [INFO] 
-- 4/6  DELIVERY --
2026-05-08 16:43:43,058 [INFO]   [1/3] GET https://archives.nseindia.com/archives/equities/mto/MTO_08052026.DAT
2026-05-08 16:43:44,268 [INFO]   OK 118,545 bytes
2026-05-08 16:43:44,273 [INFO]   [1/3] GET https://archives.nseindia.com/archives/equities/bhavcopy/sec_bhavdata08MAY2026.csv
2026-05-08 16:43:44,600 [WARNING]   404 — file not on NSE (holiday or wrong date)
2026-05-08 16:43:44,600 [INFO] 
-- 5/6  CORPORATE ACTIONS --
2026-05-08 16:43:44,601 [INFO]   [1/3] GET https://www.nseindia.com/corporates/shownCorporateActions?index=equities&from_date=01-05-2026&to_date=08-05-2026
2026-05-08 16:43:45,019 [WARNING]   404 — file not on NSE (holiday or wrong date)
2026-05-08 16:43:45,019 [INFO] 
-- 6/6  SME --
2026-05-08 16:43:45,019 [INFO]   [1/3] GET https://archives.nseindia.com/content/historical/EQUITIES/2026/MAY/SME08MAY2026BHAV.csv.zip
2026-05-08 16:43:45,334 [WARNING]   404 — file not on NSE (holiday or wrong date)
2026-05-08 16:43:45,334 [INFO]   [1/3] GET https://nsearchives.nseindia.com/content/cm/BhavCopy_NSE_SME_0_0_0_20260508_F_0000.csv.zip
2026-05-08 16:43:45,664 [WARNING]   404 — file not on NSE (holiday or wrong date)
2026-05-08 16:43:45,664 [INFO] 
-- MANIFEST --
2026-05-08 16:43:45,683 [INFO]   Manifest + summary updated.
2026-05-08 16:43:45,683 [INFO] 
============================================================
2026-05-08 16:43:45,683 [INFO]   OK  equity
2026-05-08 16:43:45,683 [INFO]   OK  fo
2026-05-08 16:43:45,683 [INFO]   OK  index
2026-05-08 16:43:45,683 [INFO]   FAIL  delivery
2026-05-08 16:43:45,683 [INFO]   FAIL  corporate_actions
2026-05-08 16:43:45,683 [INFO]   FAIL  sme
2026-05-08 16:43:45,683 [INFO] ============================================================
