2026-10-09 18:29:09,294 [INFO] ============================================================
2026-10-09 18:29:09,294 [INFO]   NSE Fetcher v2 (Cloudflare-proof) -- 2026-10-09
2026-10-09 18:29:09,294 [INFO] ============================================================
2026-10-09 18:29:09,620 [INFO]   HTTP engine: curl_cffi
2026-10-09 18:29:09,896 [INFO]   Warm-up https://www.nseindia.com -> 200
2026-10-09 18:29:12,356 [INFO]   Warm-up market-data -> 200
2026-10-09 18:29:13,072 [INFO]   Session engine: curl_cffi
2026-10-09 18:29:13,116 [INFO] 
-- 1/6  EQUITY --
2026-10-09 18:29:13,116 [INFO]   [1/3] GET https://archives.nseindia.com/content/historical/EQUITIES/2026/OCT/cm09OCT2026bhav.csv.zip
2026-10-09 18:29:13,438 [WARNING]   404 — file not on NSE (holiday or wrong date)
2026-10-09 18:29:13,438 [INFO]   [1/3] GET https://archives.nseindia.com/archives/equities/bhavcopy/cm09OCT2026.csv.zip
2026-10-09 18:29:13,744 [WARNING]   404 — file not on NSE (holiday or wrong date)
2026-10-09 18:29:13,744 [INFO]   [1/3] GET https://nsearchives.nseindia.com/content/cm/BhavCopy_NSE_CM_0_0_0_20261009_F_0000.csv.zip
2026-10-09 18:29:14,072 [INFO]   OK 206,974 bytes
2026-10-09 18:29:14,086 [INFO]   Extracted 'BhavCopy_NSE_CM_0_0_0_20261009_F_0000.csv': 3,687 rows x 34 cols
2026-10-09 18:29:14,139 [INFO]   Saved -> data/equity/2026/10/2026-10-09.csv
2026-10-09 18:29:14,140 [INFO] 
-- 2/6  F&O --
2026-10-09 18:29:14,140 [INFO]   [1/3] GET https://archives.nseindia.com/content/historical/DERIVATIVES/2026/OCT/fo09OCT2026bhav.csv.zip
2026-10-09 18:29:14,447 [WARNING]   404 — file not on NSE (holiday or wrong date)
2026-10-09 18:29:14,447 [INFO]   [1/3] GET https://archives.nseindia.com/archives/derivatives/bhavcopy/fo09OCT2026.csv.zip
2026-10-09 18:29:14,769 [WARNING]   404 — file not on NSE (holiday or wrong date)
2026-10-09 18:29:14,769 [INFO]   [1/3] GET https://nsearchives.nseindia.com/content/fo/BhavCopy_NSE_FO_0_0_0_20261009_F_0000.csv.zip
2026-10-09 18:29:15,199 [INFO]   OK 1,151,709 bytes
2026-10-09 18:29:15,272 [INFO]   Extracted 'BhavCopy_NSE_FO_0_0_0_20261009_F_0000.csv': 36,982 rows x 34 cols
2026-10-09 18:29:15,719 [INFO]   Saved -> data/fo/2026/10/2026-10-09.csv
2026-10-09 18:29:15,722 [INFO] 
-- 3/6  INDEX --
2026-10-09 18:29:15,722 [INFO]   [1/3] GET https://archives.nseindia.com/content/indices/ind_close_all_09102026.csv
2026-10-09 18:29:16,031 [INFO]   OK 17,585 bytes
2026-10-09 18:29:16,035 [INFO]   Saved -> data/index/2026/10/2026-10-09.csv
2026-10-09 18:29:16,035 [INFO] 
-- 4/6  DELIVERY --
2026-10-09 18:29:16,035 [INFO]   [1/3] GET https://archives.nseindia.com/archives/equities/mto/MTO_09102026.DAT
2026-10-09 18:29:16,430 [INFO]   OK 127,658 bytes
2026-10-09 18:29:16,435 [INFO]   [1/3] GET https://archives.nseindia.com/archives/equities/bhavcopy/sec_bhavdata09OCT2026.csv
2026-10-09 18:29:16,745 [WARNING]   404 — file not on NSE (holiday or wrong date)
2026-10-09 18:29:16,745 [INFO] 
-- 5/6  CORPORATE ACTIONS --
2026-10-09 18:29:16,745 [INFO]   [1/3] GET https://www.nseindia.com/corporates/shownCorporateActions?index=equities&from_date=02-10-2026&to_date=09-10-2026
2026-10-09 18:30:16,750 [WARNING]   Error: Failed to perform, curl: (28) Operation timed out after 60002 milliseconds with 0 bytes received. See https://curl.se/libcurl/c/libcurl-errors.html first for more details.
2026-10-09 18:30:16,750 [INFO]   Sleeping 5.2s...
2026-10-09 18:30:22,000 [INFO]   [2/3] GET https://www.nseindia.com/corporates/shownCorporateActions?index=equities&from_date=02-10-2026&to_date=09-10-2026
2026-10-09 18:31:22,004 [WARNING]   Error: Failed to perform, curl: (28) Operation timed out after 60002 milliseconds with 0 bytes received. See https://curl.se/libcurl/c/libcurl-errors.html first for more details.
2026-10-09 18:31:22,005 [INFO]   Sleeping 9.1s...
2026-10-09 18:31:31,095 [INFO]   [3/3] GET https://www.nseindia.com/corporates/shownCorporateActions?index=equities&from_date=02-10-2026&to_date=09-10-2026
2026-10-09 18:32:31,100 [WARNING]   Error: Failed to perform, curl: (28) Operation timed out after 60002 milliseconds with 0 bytes received. See https://curl.se/libcurl/c/libcurl-errors.html first for more details.
2026-10-09 18:32:31,100 [INFO]   Sleeping 12.3s...
2026-10-09 18:32:43,411 [ERROR]   All 3 attempts failed
2026-10-09 18:32:43,411 [INFO] 
-- 6/6  SME --
2026-10-09 18:32:43,411 [INFO]   [1/3] GET https://archives.nseindia.com/content/historical/EQUITIES/2026/OCT/SME09OCT2026BHAV.csv.zip
2026-10-09 18:32:43,761 [WARNING]   404 — file not on NSE (holiday or wrong date)
2026-10-09 18:32:43,761 [INFO]   [1/3] GET https://nsearchives.nseindia.com/content/cm/BhavCopy_NSE_SME_0_0_0_20261009_F_0000.csv.zip
2026-10-09 18:33:43,766 [WARNING]   Error: Failed to perform, curl: (28) Operation timed out after 60002 milliseconds with 0 bytes received. See https://curl.se/libcurl/c/libcurl-errors.html first for more details.
2026-10-09 18:33:43,766 [INFO]   Sleeping 4.8s...
2026-10-09 18:33:48,601 [INFO]   [2/3] GET https://nsearchives.nseindia.com/content/cm/BhavCopy_NSE_SME_0_0_0_20261009_F_0000.csv.zip
2026-10-09 18:34:48,606 [WARNING]   Error: Failed to perform, curl: (28) Operation timed out after 60002 milliseconds with 0 bytes received. See https://curl.se/libcurl/c/libcurl-errors.html first for more details.
2026-10-09 18:34:48,606 [INFO]   Sleeping 9.9s...
2026-10-09 18:34:58,555 [INFO]   [3/3] GET https://nsearchives.nseindia.com/content/cm/BhavCopy_NSE_SME_0_0_0_20261009_F_0000.csv.zip
2026-10-09 18:35:58,560 [WARNING]   Error: Failed to perform, curl: (28) Operation timed out after 60002 milliseconds with 0 bytes received. See https://curl.se/libcurl/c/libcurl-errors.html first for more details.
2026-10-09 18:35:58,560 [INFO]   Sleeping 12.5s...
2026-10-09 18:36:11,084 [ERROR]   All 3 attempts failed
2026-10-09 18:36:11,084 [INFO] 
-- MANIFEST --
2026-10-09 18:36:11,099 [INFO]   Manifest + summary updated.
2026-10-09 18:36:11,100 [INFO] 
============================================================
2026-10-09 18:36:11,100 [INFO]   OK  equity
2026-10-09 18:36:11,100 [INFO]   OK  fo
2026-10-09 18:36:11,100 [INFO]   OK  index
2026-10-09 18:36:11,100 [INFO]   FAIL  delivery
2026-10-09 18:36:11,100 [INFO]   FAIL  corporate_actions
2026-10-09 18:36:11,100 [INFO]   FAIL  sme
2026-10-09 18:36:11,100 [INFO] ============================================================
