2026-08-13 13:56:20,587 [INFO] ============================================================
2026-08-13 13:56:20,587 [INFO]   NSE Fetcher v2 (Cloudflare-proof) -- 2026-08-13
2026-08-13 13:56:20,587 [INFO] ============================================================
2026-08-13 13:56:20,658 [INFO]   HTTP engine: curl_cffi
2026-08-13 13:56:21,315 [INFO]   Warm-up https://www.nseindia.com -> 200
2026-08-13 13:56:23,502 [INFO]   Warm-up market-data -> 200
2026-08-13 13:56:24,018 [INFO]   Session engine: curl_cffi
2026-08-13 13:56:24,051 [INFO] 
-- 1/6  EQUITY --
2026-08-13 13:56:24,051 [INFO]   [1/3] GET https://archives.nseindia.com/content/historical/EQUITIES/2026/AUG/cm13AUG2026bhav.csv.zip
2026-08-13 13:56:24,327 [WARNING]   404 — file not on NSE (holiday or wrong date)
2026-08-13 13:56:24,327 [INFO]   [1/3] GET https://archives.nseindia.com/archives/equities/bhavcopy/cm13AUG2026.csv.zip
2026-08-13 13:56:24,568 [WARNING]   404 — file not on NSE (holiday or wrong date)
2026-08-13 13:56:24,569 [INFO]   [1/3] GET https://nsearchives.nseindia.com/content/cm/BhavCopy_NSE_CM_0_0_0_20260813_F_0000.csv.zip
2026-08-13 13:56:24,817 [INFO]   OK 195,750 bytes
2026-08-13 13:56:24,833 [INFO]   Extracted 'BhavCopy_NSE_CM_0_0_0_20260813_F_0000.csv': 3,503 rows x 34 cols
2026-08-13 13:56:24,896 [INFO]   Saved -> data/equity/2026/08/2026-08-13.csv
2026-08-13 13:56:24,896 [INFO] 
-- 2/6  F&O --
2026-08-13 13:56:24,897 [INFO]   [1/3] GET https://archives.nseindia.com/content/historical/DERIVATIVES/2026/AUG/fo13AUG2026bhav.csv.zip
2026-08-13 13:56:25,181 [WARNING]   404 — file not on NSE (holiday or wrong date)
2026-08-13 13:56:25,182 [INFO]   [1/3] GET https://archives.nseindia.com/archives/derivatives/bhavcopy/fo13AUG2026.csv.zip
2026-08-13 13:56:25,427 [WARNING]   404 — file not on NSE (holiday or wrong date)
2026-08-13 13:56:25,427 [INFO]   [1/3] GET https://nsearchives.nseindia.com/content/fo/BhavCopy_NSE_FO_0_0_0_20260813_F_0000.csv.zip
2026-08-13 13:56:25,751 [INFO]   OK 1,108,239 bytes
2026-08-13 13:56:25,838 [INFO]   Extracted 'BhavCopy_NSE_FO_0_0_0_20260813_F_0000.csv': 34,799 rows x 34 cols
2026-08-13 13:56:26,388 [INFO]   Saved -> data/fo/2026/08/2026-08-13.csv
2026-08-13 13:56:26,391 [INFO] 
-- 3/6  INDEX --
2026-08-13 13:56:26,391 [INFO]   [1/3] GET https://archives.nseindia.com/content/indices/ind_close_all_13082026.csv
2026-08-13 13:56:26,635 [INFO]   OK 16,768 bytes
2026-08-13 13:56:26,639 [INFO]   Saved -> data/index/2026/08/2026-08-13.csv
2026-08-13 13:56:26,640 [INFO] 
-- 4/6  DELIVERY --
2026-08-13 13:56:26,640 [INFO]   [1/3] GET https://archives.nseindia.com/archives/equities/mto/MTO_13082026.DAT
2026-08-13 13:56:27,268 [INFO]   OK 120,713 bytes
2026-08-13 13:56:27,273 [INFO]   [1/3] GET https://archives.nseindia.com/archives/equities/bhavcopy/sec_bhavdata13AUG2026.csv
2026-08-13 13:56:27,592 [WARNING]   404 — file not on NSE (holiday or wrong date)
2026-08-13 13:56:27,593 [INFO] 
-- 5/6  CORPORATE ACTIONS --
2026-08-13 13:56:27,593 [INFO]   [1/3] GET https://www.nseindia.com/corporates/shownCorporateActions?index=equities&from_date=06-08-2026&to_date=13-08-2026
2026-08-13 13:56:27,913 [WARNING]   404 — file not on NSE (holiday or wrong date)
2026-08-13 13:56:27,913 [INFO] 
-- 6/6  SME --
2026-08-13 13:56:27,913 [INFO]   [1/3] GET https://archives.nseindia.com/content/historical/EQUITIES/2026/AUG/SME13AUG2026BHAV.csv.zip
2026-08-13 13:56:28,197 [WARNING]   404 — file not on NSE (holiday or wrong date)
2026-08-13 13:56:28,198 [INFO]   [1/3] GET https://nsearchives.nseindia.com/content/cm/BhavCopy_NSE_SME_0_0_0_20260813_F_0000.csv.zip
2026-08-13 13:56:28,473 [WARNING]   404 — file not on NSE (holiday or wrong date)
2026-08-13 13:56:28,473 [INFO] 
-- MANIFEST --
2026-08-13 13:56:28,491 [INFO]   Manifest + summary updated.
2026-08-13 13:56:28,492 [INFO] 
============================================================
2026-08-13 13:56:28,492 [INFO]   OK  equity
2026-08-13 13:56:28,492 [INFO]   OK  fo
2026-08-13 13:56:28,492 [INFO]   OK  index
2026-08-13 13:56:28,492 [INFO]   FAIL  delivery
2026-08-13 13:56:28,492 [INFO]   FAIL  corporate_actions
2026-08-13 13:56:28,492 [INFO]   FAIL  sme
2026-08-13 13:56:28,492 [INFO] ============================================================
