2026-05-27 16:17:50,485 [INFO] ============================================================
2026-05-27 16:17:50,485 [INFO]   NSE Fetcher v2 (Cloudflare-proof) -- 2026-05-27
2026-05-27 16:17:50,485 [INFO] ============================================================
2026-05-27 16:17:50,611 [INFO]   HTTP engine: curl_cffi
2026-05-27 16:17:50,745 [INFO]   Warm-up https://www.nseindia.com -> 200
2026-05-27 16:17:52,243 [INFO]   Warm-up market-data -> 200
2026-05-27 16:17:53,059 [INFO]   Session engine: curl_cffi
2026-05-27 16:17:53,253 [INFO] 
-- 1/6  EQUITY --
2026-05-27 16:17:53,253 [INFO]   [1/3] GET https://archives.nseindia.com/content/historical/EQUITIES/2026/MAY/cm27MAY2026bhav.csv.zip
2026-05-27 16:17:53,561 [WARNING]   404 — file not on NSE (holiday or wrong date)
2026-05-27 16:17:53,561 [INFO]   [1/3] GET https://archives.nseindia.com/archives/equities/bhavcopy/cm27MAY2026.csv.zip
2026-05-27 16:17:53,895 [WARNING]   404 — file not on NSE (holiday or wrong date)
2026-05-27 16:17:53,895 [INFO]   [1/3] GET https://nsearchives.nseindia.com/content/cm/BhavCopy_NSE_CM_0_0_0_20260527_F_0000.csv.zip
2026-05-27 16:17:53,996 [INFO]   OK 191,926 bytes
2026-05-27 16:17:54,013 [INFO]   Extracted 'BhavCopy_NSE_CM_0_0_0_20260527_F_0000.csv': 3,425 rows x 34 cols
2026-05-27 16:17:54,075 [INFO]   Saved -> data/equity/2026/05/2026-05-27.csv
2026-05-27 16:17:54,075 [INFO] 
-- 2/6  F&O --
2026-05-27 16:17:54,075 [INFO]   [1/3] GET https://archives.nseindia.com/content/historical/DERIVATIVES/2026/MAY/fo27MAY2026bhav.csv.zip
2026-05-27 16:17:54,365 [WARNING]   404 — file not on NSE (holiday or wrong date)
2026-05-27 16:17:54,365 [INFO]   [1/3] GET https://archives.nseindia.com/archives/derivatives/bhavcopy/fo27MAY2026.csv.zip
2026-05-27 16:17:54,656 [WARNING]   404 — file not on NSE (holiday or wrong date)
2026-05-27 16:17:54,657 [INFO]   [1/3] GET https://nsearchives.nseindia.com/content/fo/BhavCopy_NSE_FO_0_0_0_20260527_F_0000.csv.zip
2026-05-27 16:17:55,002 [INFO]   OK 1,143,484 bytes
2026-05-27 16:17:55,099 [INFO]   Extracted 'BhavCopy_NSE_FO_0_0_0_20260527_F_0000.csv': 38,948 rows x 34 cols
2026-05-27 16:17:55,715 [INFO]   Saved -> data/fo/2026/05/2026-05-27.csv
2026-05-27 16:17:55,718 [INFO] 
-- 3/6  INDEX --
2026-05-27 16:17:55,718 [INFO]   [1/3] GET https://archives.nseindia.com/content/indices/ind_close_all_27052026.csv
2026-05-27 16:17:55,992 [INFO]   OK 15,674 bytes
2026-05-27 16:17:55,996 [INFO]   Saved -> data/index/2026/05/2026-05-27.csv
2026-05-27 16:17:55,996 [INFO] 
-- 4/6  DELIVERY --
2026-05-27 16:17:55,996 [INFO]   [1/3] GET https://archives.nseindia.com/archives/equities/mto/MTO_27052026.DAT
2026-05-27 16:17:56,360 [INFO]   OK 119,885 bytes
2026-05-27 16:17:56,365 [INFO]   [1/3] GET https://archives.nseindia.com/archives/equities/bhavcopy/sec_bhavdata27MAY2026.csv
2026-05-27 16:17:56,636 [WARNING]   404 — file not on NSE (holiday or wrong date)
2026-05-27 16:17:56,636 [INFO] 
-- 5/6  CORPORATE ACTIONS --
2026-05-27 16:17:56,636 [INFO]   [1/3] GET https://www.nseindia.com/corporates/shownCorporateActions?index=equities&from_date=20-05-2026&to_date=27-05-2026
2026-05-27 16:17:56,974 [WARNING]   404 — file not on NSE (holiday or wrong date)
2026-05-27 16:17:56,974 [INFO] 
-- 6/6  SME --
2026-05-27 16:17:56,975 [INFO]   [1/3] GET https://archives.nseindia.com/content/historical/EQUITIES/2026/MAY/SME27MAY2026BHAV.csv.zip
2026-05-27 16:17:57,276 [WARNING]   404 — file not on NSE (holiday or wrong date)
2026-05-27 16:17:57,276 [INFO]   [1/3] GET https://nsearchives.nseindia.com/content/cm/BhavCopy_NSE_SME_0_0_0_20260527_F_0000.csv.zip
2026-05-27 16:17:57,651 [WARNING]   404 — file not on NSE (holiday or wrong date)
2026-05-27 16:17:57,651 [INFO] 
-- MANIFEST --
2026-05-27 16:17:57,669 [INFO]   Manifest + summary updated.
2026-05-27 16:17:57,670 [INFO] 
============================================================
2026-05-27 16:17:57,670 [INFO]   OK  equity
2026-05-27 16:17:57,670 [INFO]   OK  fo
2026-05-27 16:17:57,670 [INFO]   OK  index
2026-05-27 16:17:57,670 [INFO]   FAIL  delivery
2026-05-27 16:17:57,670 [INFO]   FAIL  corporate_actions
2026-05-27 16:17:57,670 [INFO]   FAIL  sme
2026-05-27 16:17:57,670 [INFO] ============================================================
