2026-04-24 16:36:49,906 [INFO] ============================================================
2026-04-24 16:36:49,907 [INFO]   NSE Fetcher v2 (Cloudflare-proof) -- 2026-04-24
2026-04-24 16:36:49,907 [INFO] ============================================================
2026-04-24 16:36:49,983 [INFO]   HTTP engine: curl_cffi
2026-04-24 16:36:50,071 [INFO]   Warm-up https://www.nseindia.com -> 200
2026-04-24 16:36:51,964 [INFO]   Warm-up market-data -> 200
2026-04-24 16:36:52,879 [INFO]   Session engine: curl_cffi
2026-04-24 16:36:53,054 [INFO] 
-- 1/6  EQUITY --
2026-04-24 16:36:53,054 [INFO]   [1/3] GET https://archives.nseindia.com/content/historical/EQUITIES/2026/APR/cm24APR2026bhav.csv.zip
2026-04-24 16:36:53,547 [WARNING]   404 — file not on NSE (holiday or wrong date)
2026-04-24 16:36:53,547 [INFO]   [1/3] GET https://archives.nseindia.com/archives/equities/bhavcopy/cm24APR2026.csv.zip
2026-04-24 16:36:53,886 [WARNING]   404 — file not on NSE (holiday or wrong date)
2026-04-24 16:36:53,886 [INFO]   [1/3] GET https://nsearchives.nseindia.com/content/cm/BhavCopy_NSE_CM_0_0_0_20260424_F_0000.csv.zip
2026-04-24 16:36:54,390 [INFO]   OK 191,470 bytes
2026-04-24 16:36:54,406 [INFO]   Extracted 'BhavCopy_NSE_CM_0_0_0_20260424_F_0000.csv': 3,403 rows x 34 cols
2026-04-24 16:36:54,467 [INFO]   Saved -> data/equity/2026/04/2026-04-24.csv
2026-04-24 16:36:54,468 [INFO] 
-- 2/6  F&O --
2026-04-24 16:36:54,468 [INFO]   [1/3] GET https://archives.nseindia.com/content/historical/DERIVATIVES/2026/APR/fo24APR2026bhav.csv.zip
2026-04-24 16:36:54,811 [WARNING]   404 — file not on NSE (holiday or wrong date)
2026-04-24 16:36:54,811 [INFO]   [1/3] GET https://archives.nseindia.com/archives/derivatives/bhavcopy/fo24APR2026.csv.zip
2026-04-24 16:36:55,189 [WARNING]   404 — file not on NSE (holiday or wrong date)
2026-04-24 16:36:55,189 [INFO]   [1/3] GET https://nsearchives.nseindia.com/content/fo/BhavCopy_NSE_FO_0_0_0_20260424_F_0000.csv.zip
2026-04-24 16:36:55,672 [INFO]   OK 1,624,221 bytes
2026-04-24 16:36:55,794 [INFO]   Extracted 'BhavCopy_NSE_FO_0_0_0_20260424_F_0000.csv': 50,741 rows x 34 cols
2026-04-24 16:36:56,599 [INFO]   Saved -> data/fo/2026/04/2026-04-24.csv
2026-04-24 16:36:56,603 [INFO] 
-- 3/6  INDEX --
2026-04-24 16:36:56,603 [INFO]   [1/3] GET https://archives.nseindia.com/content/indices/ind_close_all_24042026.csv
2026-04-24 16:36:57,029 [INFO]   OK 15,516 bytes
2026-04-24 16:36:57,033 [INFO]   Saved -> data/index/2026/04/2026-04-24.csv
2026-04-24 16:36:57,033 [INFO] 
-- 4/6  DELIVERY --
2026-04-24 16:36:57,033 [INFO]   [1/3] GET https://archives.nseindia.com/archives/equities/mto/MTO_24042026.DAT
2026-04-24 16:36:57,813 [INFO]   OK 119,925 bytes
2026-04-24 16:36:57,818 [INFO]   [1/3] GET https://archives.nseindia.com/archives/equities/bhavcopy/sec_bhavdata24APR2026.csv
2026-04-24 16:36:58,111 [WARNING]   404 — file not on NSE (holiday or wrong date)
2026-04-24 16:36:58,111 [INFO] 
-- 5/6  CORPORATE ACTIONS --
2026-04-24 16:36:58,112 [INFO]   [1/3] GET https://www.nseindia.com/corporates/shownCorporateActions?index=equities&from_date=17-04-2026&to_date=24-04-2026
2026-04-24 16:36:58,390 [WARNING]   404 — file not on NSE (holiday or wrong date)
2026-04-24 16:36:58,390 [INFO] 
-- 6/6  SME --
2026-04-24 16:36:58,390 [INFO]   [1/3] GET https://archives.nseindia.com/content/historical/EQUITIES/2026/APR/SME24APR2026BHAV.csv.zip
2026-04-24 16:36:58,727 [WARNING]   404 — file not on NSE (holiday or wrong date)
2026-04-24 16:36:58,727 [INFO]   [1/3] GET https://nsearchives.nseindia.com/content/cm/BhavCopy_NSE_SME_0_0_0_20260424_F_0000.csv.zip
2026-04-24 16:36:59,054 [WARNING]   404 — file not on NSE (holiday or wrong date)
2026-04-24 16:36:59,054 [INFO] 
-- MANIFEST --
2026-04-24 16:36:59,073 [INFO]   Manifest + summary updated.
2026-04-24 16:36:59,074 [INFO] 
============================================================
2026-04-24 16:36:59,074 [INFO]   OK  equity
2026-04-24 16:36:59,074 [INFO]   OK  fo
2026-04-24 16:36:59,074 [INFO]   OK  index
2026-04-24 16:36:59,074 [INFO]   FAIL  delivery
2026-04-24 16:36:59,074 [INFO]   FAIL  corporate_actions
2026-04-24 16:36:59,074 [INFO]   FAIL  sme
2026-04-24 16:36:59,074 [INFO] ============================================================
