2026-09-09 16:51:50,113 [INFO] ============================================================
2026-09-09 16:51:50,113 [INFO]   NSE Fetcher v2 (Cloudflare-proof) -- 2026-09-09
2026-09-09 16:51:50,113 [INFO] ============================================================
2026-09-09 16:51:50,187 [INFO]   HTTP engine: curl_cffi
2026-09-09 16:51:50,452 [INFO]   Warm-up https://www.nseindia.com -> 200
2026-09-09 16:51:52,546 [INFO]   Warm-up market-data -> 200
2026-09-09 16:51:53,225 [INFO]   Session engine: curl_cffi
2026-09-09 16:51:53,271 [INFO] 
-- 1/6  EQUITY --
2026-09-09 16:51:53,272 [INFO]   [1/3] GET https://archives.nseindia.com/content/historical/EQUITIES/2026/SEP/cm09SEP2026bhav.csv.zip
2026-09-09 16:51:53,658 [WARNING]   404 — file not on NSE (holiday or wrong date)
2026-09-09 16:51:53,658 [INFO]   [1/3] GET https://archives.nseindia.com/archives/equities/bhavcopy/cm09SEP2026.csv.zip
2026-09-09 16:51:53,976 [WARNING]   404 — file not on NSE (holiday or wrong date)
2026-09-09 16:51:53,976 [INFO]   [1/3] GET https://nsearchives.nseindia.com/content/cm/BhavCopy_NSE_CM_0_0_0_20260909_F_0000.csv.zip
2026-09-09 16:51:54,028 [INFO]   OK 206,043 bytes
2026-09-09 16:51:54,045 [INFO]   Extracted 'BhavCopy_NSE_CM_0_0_0_20260909_F_0000.csv': 3,681 rows x 34 cols
2026-09-09 16:51:54,114 [INFO]   Saved -> data/equity/2026/09/2026-09-09.csv
2026-09-09 16:51:54,114 [INFO] 
-- 2/6  F&O --
2026-09-09 16:51:54,114 [INFO]   [1/3] GET https://archives.nseindia.com/content/historical/DERIVATIVES/2026/SEP/fo09SEP2026bhav.csv.zip
2026-09-09 16:51:54,490 [WARNING]   404 — file not on NSE (holiday or wrong date)
2026-09-09 16:51:54,490 [INFO]   [1/3] GET https://archives.nseindia.com/archives/derivatives/bhavcopy/fo09SEP2026.csv.zip
2026-09-09 16:51:54,853 [WARNING]   404 — file not on NSE (holiday or wrong date)
2026-09-09 16:51:54,853 [INFO]   [1/3] GET https://nsearchives.nseindia.com/content/fo/BhavCopy_NSE_FO_0_0_0_20260909_F_0000.csv.zip
2026-09-09 16:51:55,123 [INFO]   OK 1,028,737 bytes
2026-09-09 16:51:55,205 [INFO]   Extracted 'BhavCopy_NSE_FO_0_0_0_20260909_F_0000.csv': 33,250 rows x 34 cols
2026-09-09 16:51:55,750 [INFO]   Saved -> data/fo/2026/09/2026-09-09.csv
2026-09-09 16:51:55,753 [INFO] 
-- 3/6  INDEX --
2026-09-09 16:51:55,753 [INFO]   [1/3] GET https://archives.nseindia.com/content/indices/ind_close_all_09092026.csv
2026-09-09 16:51:56,061 [INFO]   OK 15,813 bytes
2026-09-09 16:51:56,065 [INFO]   Saved -> data/index/2026/09/2026-09-09.csv
2026-09-09 16:51:56,065 [INFO] 
-- 4/6  DELIVERY --
2026-09-09 16:51:56,065 [INFO]   [1/3] GET https://archives.nseindia.com/archives/equities/mto/MTO_09092026.DAT
2026-09-09 16:51:56,377 [INFO]   OK 127,578 bytes
2026-09-09 16:51:56,382 [INFO]   [1/3] GET https://archives.nseindia.com/archives/equities/bhavcopy/sec_bhavdata09SEP2026.csv
2026-09-09 16:51:56,724 [WARNING]   404 — file not on NSE (holiday or wrong date)
2026-09-09 16:51:56,724 [INFO] 
-- 5/6  CORPORATE ACTIONS --
2026-09-09 16:51:56,725 [INFO]   [1/3] GET https://www.nseindia.com/corporates/shownCorporateActions?index=equities&from_date=02-09-2026&to_date=09-09-2026
2026-09-09 16:51:56,993 [WARNING]   404 — file not on NSE (holiday or wrong date)
2026-09-09 16:51:56,993 [INFO] 
-- 6/6  SME --
2026-09-09 16:51:56,993 [INFO]   [1/3] GET https://archives.nseindia.com/content/historical/EQUITIES/2026/SEP/SME09SEP2026BHAV.csv.zip
2026-09-09 16:51:57,292 [WARNING]   404 — file not on NSE (holiday or wrong date)
2026-09-09 16:51:57,292 [INFO]   [1/3] GET https://nsearchives.nseindia.com/content/cm/BhavCopy_NSE_SME_0_0_0_20260909_F_0000.csv.zip
2026-09-09 16:51:57,613 [WARNING]   404 — file not on NSE (holiday or wrong date)
2026-09-09 16:51:57,614 [INFO] 
-- MANIFEST --
2026-09-09 16:51:57,632 [INFO]   Manifest + summary updated.
2026-09-09 16:51:57,633 [INFO] 
============================================================
2026-09-09 16:51:57,633 [INFO]   OK  equity
2026-09-09 16:51:57,633 [INFO]   OK  fo
2026-09-09 16:51:57,633 [INFO]   OK  index
2026-09-09 16:51:57,633 [INFO]   FAIL  delivery
2026-09-09 16:51:57,633 [INFO]   FAIL  corporate_actions
2026-09-09 16:51:57,633 [INFO]   FAIL  sme
2026-09-09 16:51:57,633 [INFO] ============================================================
