2026-09-21 18:19:37,429 [INFO] ============================================================
2026-09-21 18:19:37,429 [INFO]   NSE Fetcher v2 (Cloudflare-proof) -- 2026-09-21
2026-09-21 18:19:37,430 [INFO] ============================================================
2026-09-21 18:19:37,545 [INFO]   HTTP engine: curl_cffi
2026-09-21 18:19:37,890 [INFO]   Warm-up https://www.nseindia.com -> 200
2026-09-21 18:19:40,297 [INFO]   Warm-up market-data -> 200
2026-09-21 18:19:41,018 [INFO]   Session engine: curl_cffi
2026-09-21 18:19:41,181 [INFO] 
-- 1/6  EQUITY --
2026-09-21 18:19:41,182 [INFO]   [1/3] GET https://archives.nseindia.com/content/historical/EQUITIES/2026/SEP/cm21SEP2026bhav.csv.zip
2026-09-21 18:19:41,477 [WARNING]   404 — file not on NSE (holiday or wrong date)
2026-09-21 18:19:41,477 [INFO]   [1/3] GET https://archives.nseindia.com/archives/equities/bhavcopy/cm21SEP2026.csv.zip
2026-09-21 18:19:41,793 [WARNING]   404 — file not on NSE (holiday or wrong date)
2026-09-21 18:19:41,793 [INFO]   [1/3] GET https://nsearchives.nseindia.com/content/cm/BhavCopy_NSE_CM_0_0_0_20260921_F_0000.csv.zip
2026-09-21 18:19:41,881 [INFO]   OK 206,771 bytes
2026-09-21 18:19:41,903 [INFO]   Extracted 'BhavCopy_NSE_CM_0_0_0_20260921_F_0000.csv': 3,710 rows x 34 cols
2026-09-21 18:19:41,975 [INFO]   Saved -> data/equity/2026/09/2026-09-21.csv
2026-09-21 18:19:41,975 [INFO] 
-- 2/6  F&O --
2026-09-21 18:19:41,975 [INFO]   [1/3] GET https://archives.nseindia.com/content/historical/DERIVATIVES/2026/SEP/fo21SEP2026bhav.csv.zip
2026-09-21 18:19:42,278 [WARNING]   404 — file not on NSE (holiday or wrong date)
2026-09-21 18:19:42,278 [INFO]   [1/3] GET https://archives.nseindia.com/archives/derivatives/bhavcopy/fo21SEP2026.csv.zip
2026-09-21 18:19:42,578 [WARNING]   404 — file not on NSE (holiday or wrong date)
2026-09-21 18:19:42,578 [INFO]   [1/3] GET https://nsearchives.nseindia.com/content/fo/BhavCopy_NSE_FO_0_0_0_20260921_F_0000.csv.zip
2026-09-21 18:19:42,899 [INFO]   OK 1,152,065 bytes
2026-09-21 18:19:42,989 [INFO]   Extracted 'BhavCopy_NSE_FO_0_0_0_20260921_F_0000.csv': 36,140 rows x 34 cols
2026-09-21 18:19:43,578 [INFO]   Saved -> data/fo/2026/09/2026-09-21.csv
2026-09-21 18:19:43,581 [INFO] 
-- 3/6  INDEX --
2026-09-21 18:19:43,581 [INFO]   [1/3] GET https://archives.nseindia.com/content/indices/ind_close_all_21092026.csv
2026-09-21 18:19:43,877 [INFO]   OK 17,367 bytes
2026-09-21 18:19:43,881 [INFO]   Saved -> data/index/2026/09/2026-09-21.csv
2026-09-21 18:19:43,881 [INFO] 
-- 4/6  DELIVERY --
2026-09-21 18:19:43,882 [INFO]   [1/3] GET https://archives.nseindia.com/archives/equities/mto/MTO_21092026.DAT
2026-09-21 18:19:44,216 [INFO]   OK 128,120 bytes
2026-09-21 18:19:44,222 [INFO]   [1/3] GET https://archives.nseindia.com/archives/equities/bhavcopy/sec_bhavdata21SEP2026.csv
2026-09-21 18:19:44,537 [WARNING]   404 — file not on NSE (holiday or wrong date)
2026-09-21 18:19:44,537 [INFO] 
-- 5/6  CORPORATE ACTIONS --
2026-09-21 18:19:44,537 [INFO]   [1/3] GET https://www.nseindia.com/corporates/shownCorporateActions?index=equities&from_date=14-09-2026&to_date=21-09-2026
2026-09-21 18:19:44,824 [WARNING]   404 — file not on NSE (holiday or wrong date)
2026-09-21 18:19:44,824 [INFO] 
-- 6/6  SME --
2026-09-21 18:19:44,824 [INFO]   [1/3] GET https://archives.nseindia.com/content/historical/EQUITIES/2026/SEP/SME21SEP2026BHAV.csv.zip
2026-09-21 18:19:45,127 [WARNING]   404 — file not on NSE (holiday or wrong date)
2026-09-21 18:19:45,128 [INFO]   [1/3] GET https://nsearchives.nseindia.com/content/cm/BhavCopy_NSE_SME_0_0_0_20260921_F_0000.csv.zip
2026-09-21 18:19:45,444 [WARNING]   404 — file not on NSE (holiday or wrong date)
2026-09-21 18:19:45,444 [INFO] 
-- MANIFEST --
2026-09-21 18:19:45,463 [INFO]   Manifest + summary updated.
2026-09-21 18:19:45,463 [INFO] 
============================================================
2026-09-21 18:19:45,463 [INFO]   OK  equity
2026-09-21 18:19:45,463 [INFO]   OK  fo
2026-09-21 18:19:45,463 [INFO]   OK  index
2026-09-21 18:19:45,463 [INFO]   FAIL  delivery
2026-09-21 18:19:45,463 [INFO]   FAIL  corporate_actions
2026-09-21 18:19:45,463 [INFO]   FAIL  sme
2026-09-21 18:19:45,463 [INFO] ============================================================
