2026-09-10 16:35:32,765 [INFO] ============================================================
2026-09-10 16:35:32,765 [INFO]   NSE Fetcher v2 (Cloudflare-proof) -- 2026-09-10
2026-09-10 16:35:32,766 [INFO] ============================================================
2026-09-10 16:35:32,830 [INFO]   HTTP engine: curl_cffi
2026-09-10 16:35:33,439 [INFO]   Warm-up https://www.nseindia.com -> 200
2026-09-10 16:35:34,862 [INFO]   Warm-up market-data -> 200
2026-09-10 16:35:35,835 [INFO]   Session engine: curl_cffi
2026-09-10 16:35:35,971 [INFO] 
-- 1/6  EQUITY --
2026-09-10 16:35:35,972 [INFO]   [1/3] GET https://archives.nseindia.com/content/historical/EQUITIES/2026/SEP/cm10SEP2026bhav.csv.zip
2026-09-10 16:35:36,350 [WARNING]   404 — file not on NSE (holiday or wrong date)
2026-09-10 16:35:36,350 [INFO]   [1/3] GET https://archives.nseindia.com/archives/equities/bhavcopy/cm10SEP2026.csv.zip
2026-09-10 16:35:36,585 [WARNING]   404 — file not on NSE (holiday or wrong date)
2026-09-10 16:35:36,585 [INFO]   [1/3] GET https://nsearchives.nseindia.com/content/cm/BhavCopy_NSE_CM_0_0_0_20260910_F_0000.csv.zip
2026-09-10 16:35:36,857 [INFO]   OK 205,216 bytes
2026-09-10 16:35:36,873 [INFO]   Extracted 'BhavCopy_NSE_CM_0_0_0_20260910_F_0000.csv': 3,670 rows x 34 cols
2026-09-10 16:35:36,939 [INFO]   Saved -> data/equity/2026/09/2026-09-10.csv
2026-09-10 16:35:36,939 [INFO] 
-- 2/6  F&O --
2026-09-10 16:35:36,939 [INFO]   [1/3] GET https://archives.nseindia.com/content/historical/DERIVATIVES/2026/SEP/fo10SEP2026bhav.csv.zip
2026-09-10 16:35:37,207 [WARNING]   404 — file not on NSE (holiday or wrong date)
2026-09-10 16:35:37,207 [INFO]   [1/3] GET https://archives.nseindia.com/archives/derivatives/bhavcopy/fo10SEP2026.csv.zip
2026-09-10 16:35:37,449 [WARNING]   404 — file not on NSE (holiday or wrong date)
2026-09-10 16:35:37,449 [INFO]   [1/3] GET https://nsearchives.nseindia.com/content/fo/BhavCopy_NSE_FO_0_0_0_20260910_F_0000.csv.zip
2026-09-10 16:35:37,510 [INFO]   OK 1,037,169 bytes
2026-09-10 16:35:37,592 [INFO]   Extracted 'BhavCopy_NSE_FO_0_0_0_20260910_F_0000.csv': 33,729 rows x 34 cols
2026-09-10 16:35:38,134 [INFO]   Saved -> data/fo/2026/09/2026-09-10.csv
2026-09-10 16:35:38,136 [INFO] 
-- 3/6  INDEX --
2026-09-10 16:35:38,136 [INFO]   [1/3] GET https://archives.nseindia.com/content/indices/ind_close_all_10092026.csv
2026-09-10 16:35:38,375 [INFO]   OK 15,641 bytes
2026-09-10 16:35:38,379 [INFO]   Saved -> data/index/2026/09/2026-09-10.csv
2026-09-10 16:35:38,379 [INFO] 
-- 4/6  DELIVERY --
2026-09-10 16:35:38,379 [INFO]   [1/3] GET https://archives.nseindia.com/archives/equities/mto/MTO_10092026.DAT
2026-09-10 16:35:38,690 [INFO]   OK 126,977 bytes
2026-09-10 16:35:38,695 [INFO]   [1/3] GET https://archives.nseindia.com/archives/equities/bhavcopy/sec_bhavdata10SEP2026.csv
2026-09-10 16:35:38,929 [WARNING]   404 — file not on NSE (holiday or wrong date)
2026-09-10 16:35:38,929 [INFO] 
-- 5/6  CORPORATE ACTIONS --
2026-09-10 16:35:38,929 [INFO]   [1/3] GET https://www.nseindia.com/corporates/shownCorporateActions?index=equities&from_date=03-09-2026&to_date=10-09-2026
2026-09-10 16:35:39,185 [WARNING]   404 — file not on NSE (holiday or wrong date)
2026-09-10 16:35:39,185 [INFO] 
-- 6/6  SME --
2026-09-10 16:35:39,185 [INFO]   [1/3] GET https://archives.nseindia.com/content/historical/EQUITIES/2026/SEP/SME10SEP2026BHAV.csv.zip
2026-09-10 16:35:39,423 [WARNING]   404 — file not on NSE (holiday or wrong date)
2026-09-10 16:35:39,423 [INFO]   [1/3] GET https://nsearchives.nseindia.com/content/cm/BhavCopy_NSE_SME_0_0_0_20260910_F_0000.csv.zip
2026-09-10 16:35:39,841 [WARNING]   404 — file not on NSE (holiday or wrong date)
2026-09-10 16:35:39,841 [INFO] 
-- MANIFEST --
2026-09-10 16:35:39,860 [INFO]   Manifest + summary updated.
2026-09-10 16:35:39,860 [INFO] 
============================================================
2026-09-10 16:35:39,860 [INFO]   OK  equity
2026-09-10 16:35:39,861 [INFO]   OK  fo
2026-09-10 16:35:39,861 [INFO]   OK  index
2026-09-10 16:35:39,861 [INFO]   FAIL  delivery
2026-09-10 16:35:39,861 [INFO]   FAIL  corporate_actions
2026-09-10 16:35:39,861 [INFO]   FAIL  sme
2026-09-10 16:35:39,861 [INFO] ============================================================
