2026-09-24 17:26:25,573 [INFO] ============================================================
2026-09-24 17:26:25,574 [INFO]   NSE Fetcher v2 (Cloudflare-proof) -- 2026-09-24
2026-09-24 17:26:25,574 [INFO] ============================================================
2026-09-24 17:26:25,620 [INFO]   HTTP engine: curl_cffi
2026-09-24 17:26:26,697 [INFO]   Warm-up https://www.nseindia.com -> 200
2026-09-24 17:26:28,224 [INFO]   Warm-up market-data -> 200
2026-09-24 17:26:29,166 [INFO]   Session engine: curl_cffi
2026-09-24 17:26:29,280 [INFO] 
-- 1/6  EQUITY --
2026-09-24 17:26:29,280 [INFO]   [1/3] GET https://archives.nseindia.com/content/historical/EQUITIES/2026/SEP/cm24SEP2026bhav.csv.zip
2026-09-24 17:26:29,669 [WARNING]   404 — file not on NSE (holiday or wrong date)
2026-09-24 17:26:29,669 [INFO]   [1/3] GET https://archives.nseindia.com/archives/equities/bhavcopy/cm24SEP2026.csv.zip
2026-09-24 17:26:29,983 [WARNING]   404 — file not on NSE (holiday or wrong date)
2026-09-24 17:26:29,983 [INFO]   [1/3] GET https://nsearchives.nseindia.com/content/cm/BhavCopy_NSE_CM_0_0_0_20260924_F_0000.csv.zip
2026-09-24 17:26:30,049 [INFO]   OK 203,837 bytes
2026-09-24 17:26:30,062 [INFO]   Extracted 'BhavCopy_NSE_CM_0_0_0_20260924_F_0000.csv': 3,637 rows x 34 cols
2026-09-24 17:26:30,112 [INFO]   Saved -> data/equity/2026/09/2026-09-24.csv
2026-09-24 17:26:30,113 [INFO] 
-- 2/6  F&O --
2026-09-24 17:26:30,113 [INFO]   [1/3] GET https://archives.nseindia.com/content/historical/DERIVATIVES/2026/SEP/fo24SEP2026bhav.csv.zip
2026-09-24 17:26:30,544 [WARNING]   404 — file not on NSE (holiday or wrong date)
2026-09-24 17:26:30,544 [INFO]   [1/3] GET https://archives.nseindia.com/archives/derivatives/bhavcopy/fo24SEP2026.csv.zip
2026-09-24 17:26:30,844 [WARNING]   404 — file not on NSE (holiday or wrong date)
2026-09-24 17:26:30,844 [INFO]   [1/3] GET https://nsearchives.nseindia.com/content/fo/BhavCopy_NSE_FO_0_0_0_20260924_F_0000.csv.zip
2026-09-24 17:26:31,103 [INFO]   OK 1,217,615 bytes
2026-09-24 17:26:31,175 [INFO]   Extracted 'BhavCopy_NSE_FO_0_0_0_20260924_F_0000.csv': 36,933 rows x 34 cols
2026-09-24 17:26:31,629 [INFO]   Saved -> data/fo/2026/09/2026-09-24.csv
2026-09-24 17:26:31,631 [INFO] 
-- 3/6  INDEX --
2026-09-24 17:26:31,631 [INFO]   [1/3] GET https://archives.nseindia.com/content/indices/ind_close_all_24092026.csv
2026-09-24 17:26:31,990 [INFO]   OK 15,952 bytes
2026-09-24 17:26:31,994 [INFO]   Saved -> data/index/2026/09/2026-09-24.csv
2026-09-24 17:26:31,994 [INFO] 
-- 4/6  DELIVERY --
2026-09-24 17:26:31,994 [INFO]   [1/3] GET https://archives.nseindia.com/archives/equities/mto/MTO_24092026.DAT
2026-09-24 17:26:32,504 [INFO]   OK 126,107 bytes
2026-09-24 17:26:32,508 [INFO]   [1/3] GET https://archives.nseindia.com/archives/equities/bhavcopy/sec_bhavdata24SEP2026.csv
2026-09-24 17:26:32,815 [WARNING]   404 — file not on NSE (holiday or wrong date)
2026-09-24 17:26:32,815 [INFO] 
-- 5/6  CORPORATE ACTIONS --
2026-09-24 17:26:32,815 [INFO]   [1/3] GET https://www.nseindia.com/corporates/shownCorporateActions?index=equities&from_date=17-09-2026&to_date=24-09-2026
2026-09-24 17:26:33,188 [WARNING]   404 — file not on NSE (holiday or wrong date)
2026-09-24 17:26:33,188 [INFO] 
-- 6/6  SME --
2026-09-24 17:26:33,188 [INFO]   [1/3] GET https://archives.nseindia.com/content/historical/EQUITIES/2026/SEP/SME24SEP2026BHAV.csv.zip
2026-09-24 17:26:33,560 [WARNING]   404 — file not on NSE (holiday or wrong date)
2026-09-24 17:26:33,560 [INFO]   [1/3] GET https://nsearchives.nseindia.com/content/cm/BhavCopy_NSE_SME_0_0_0_20260924_F_0000.csv.zip
2026-09-24 17:26:33,822 [WARNING]   404 — file not on NSE (holiday or wrong date)
2026-09-24 17:26:33,822 [INFO] 
-- MANIFEST --
2026-09-24 17:26:33,837 [INFO]   Manifest + summary updated.
2026-09-24 17:26:33,837 [INFO] 
============================================================
2026-09-24 17:26:33,837 [INFO]   OK  equity
2026-09-24 17:26:33,837 [INFO]   OK  fo
2026-09-24 17:26:33,837 [INFO]   OK  index
2026-09-24 17:26:33,837 [INFO]   FAIL  delivery
2026-09-24 17:26:33,837 [INFO]   FAIL  corporate_actions
2026-09-24 17:26:33,837 [INFO]   FAIL  sme
2026-09-24 17:26:33,837 [INFO] ============================================================
