2026-07-27 15:22:14,445 [INFO] ============================================================
2026-07-27 15:22:14,445 [INFO]   NSE Fetcher v2 (Cloudflare-proof) -- 2026-07-27
2026-07-27 15:22:14,445 [INFO] ============================================================
2026-07-27 15:22:14,506 [INFO]   HTTP engine: curl_cffi
2026-07-27 15:22:15,020 [INFO]   Warm-up https://www.nseindia.com -> 200
2026-07-27 15:22:17,584 [INFO]   Warm-up market-data -> 200
2026-07-27 15:22:18,191 [INFO]   Session engine: curl_cffi
2026-07-27 15:22:18,407 [INFO] 
-- 1/6  EQUITY --
2026-07-27 15:22:18,407 [INFO]   [1/3] GET https://archives.nseindia.com/content/historical/EQUITIES/2026/JUL/cm27JUL2026bhav.csv.zip
2026-07-27 15:22:19,895 [WARNING]   404 — file not on NSE (holiday or wrong date)
2026-07-27 15:22:19,895 [INFO]   [1/3] GET https://archives.nseindia.com/archives/equities/bhavcopy/cm27JUL2026.csv.zip
2026-07-27 15:22:20,266 [WARNING]   404 — file not on NSE (holiday or wrong date)
2026-07-27 15:22:20,266 [INFO]   [1/3] GET https://nsearchives.nseindia.com/content/cm/BhavCopy_NSE_CM_0_0_0_20260727_F_0000.csv.zip
2026-07-27 15:22:20,604 [INFO]   OK 193,141 bytes
2026-07-27 15:22:20,621 [INFO]   Extracted 'BhavCopy_NSE_CM_0_0_0_20260727_F_0000.csv': 3,453 rows x 34 cols
2026-07-27 15:22:20,683 [INFO]   Saved -> data/equity/2026/07/2026-07-27.csv
2026-07-27 15:22:20,683 [INFO] 
-- 2/6  F&O --
2026-07-27 15:22:20,683 [INFO]   [1/3] GET https://archives.nseindia.com/content/historical/DERIVATIVES/2026/JUL/fo27JUL2026bhav.csv.zip
2026-07-27 15:22:21,026 [WARNING]   404 — file not on NSE (holiday or wrong date)
2026-07-27 15:22:21,026 [INFO]   [1/3] GET https://archives.nseindia.com/archives/derivatives/bhavcopy/fo27JUL2026.csv.zip
2026-07-27 15:22:21,327 [WARNING]   404 — file not on NSE (holiday or wrong date)
2026-07-27 15:22:21,327 [INFO]   [1/3] GET https://nsearchives.nseindia.com/content/fo/BhavCopy_NSE_FO_0_0_0_20260727_F_0000.csv.zip
2026-07-27 15:22:21,606 [INFO]   OK 1,317,199 bytes
2026-07-27 15:22:21,723 [INFO]   Extracted 'BhavCopy_NSE_FO_0_0_0_20260727_F_0000.csv': 38,978 rows x 34 cols
2026-07-27 15:22:22,374 [INFO]   Saved -> data/fo/2026/07/2026-07-27.csv
2026-07-27 15:22:22,377 [INFO] 
-- 3/6  INDEX --
2026-07-27 15:22:22,377 [INFO]   [1/3] GET https://archives.nseindia.com/content/indices/ind_close_all_27072026.csv
2026-07-27 15:22:22,740 [INFO]   OK 15,678 bytes
2026-07-27 15:22:22,745 [INFO]   Saved -> data/index/2026/07/2026-07-27.csv
2026-07-27 15:22:22,745 [INFO] 
-- 4/6  DELIVERY --
2026-07-27 15:22:22,745 [INFO]   [1/3] GET https://archives.nseindia.com/archives/equities/mto/MTO_27072026.DAT
2026-07-27 15:22:23,815 [INFO]   OK 116,822 bytes
2026-07-27 15:22:23,821 [INFO]   [1/3] GET https://archives.nseindia.com/archives/equities/bhavcopy/sec_bhavdata27JUL2026.csv
2026-07-27 15:22:24,103 [WARNING]   404 — file not on NSE (holiday or wrong date)
2026-07-27 15:22:24,103 [INFO] 
-- 5/6  CORPORATE ACTIONS --
2026-07-27 15:22:24,103 [INFO]   [1/3] GET https://www.nseindia.com/corporates/shownCorporateActions?index=equities&from_date=20-07-2026&to_date=27-07-2026
2026-07-27 15:22:24,404 [WARNING]   404 — file not on NSE (holiday or wrong date)
2026-07-27 15:22:24,404 [INFO] 
-- 6/6  SME --
2026-07-27 15:22:24,404 [INFO]   [1/3] GET https://archives.nseindia.com/content/historical/EQUITIES/2026/JUL/SME27JUL2026BHAV.csv.zip
2026-07-27 15:22:24,709 [WARNING]   404 — file not on NSE (holiday or wrong date)
2026-07-27 15:22:24,709 [INFO]   [1/3] GET https://nsearchives.nseindia.com/content/cm/BhavCopy_NSE_SME_0_0_0_20260727_F_0000.csv.zip
2026-07-27 15:22:25,003 [WARNING]   404 — file not on NSE (holiday or wrong date)
2026-07-27 15:22:25,003 [INFO] 
-- MANIFEST --
2026-07-27 15:22:25,021 [INFO]   Manifest + summary updated.
2026-07-27 15:22:25,022 [INFO] 
============================================================
2026-07-27 15:22:25,022 [INFO]   OK  equity
2026-07-27 15:22:25,022 [INFO]   OK  fo
2026-07-27 15:22:25,022 [INFO]   OK  index
2026-07-27 15:22:25,022 [INFO]   FAIL  delivery
2026-07-27 15:22:25,022 [INFO]   FAIL  corporate_actions
2026-07-27 15:22:25,022 [INFO]   FAIL  sme
2026-07-27 15:22:25,022 [INFO] ============================================================
