2026-07-01 15:18:56,677 [INFO] ============================================================
2026-07-01 15:18:56,677 [INFO]   NSE Fetcher v2 (Cloudflare-proof) -- 2026-07-01
2026-07-01 15:18:56,677 [INFO] ============================================================
2026-07-01 15:18:56,750 [INFO]   HTTP engine: curl_cffi
2026-07-01 15:18:56,930 [INFO]   Warm-up https://www.nseindia.com -> 200
2026-07-01 15:18:58,642 [INFO]   Warm-up market-data -> 200
2026-07-01 15:18:59,636 [INFO]   Session engine: curl_cffi
2026-07-01 15:18:59,748 [INFO] 
-- 1/6  EQUITY --
2026-07-01 15:18:59,748 [INFO]   [1/3] GET https://archives.nseindia.com/content/historical/EQUITIES/2026/JUL/cm01JUL2026bhav.csv.zip
2026-07-01 15:19:00,006 [WARNING]   404 — file not on NSE (holiday or wrong date)
2026-07-01 15:19:00,006 [INFO]   [1/3] GET https://archives.nseindia.com/archives/equities/bhavcopy/cm01JUL2026.csv.zip
2026-07-01 15:19:00,286 [WARNING]   404 — file not on NSE (holiday or wrong date)
2026-07-01 15:19:00,286 [INFO]   [1/3] GET https://nsearchives.nseindia.com/content/cm/BhavCopy_NSE_CM_0_0_0_20260701_F_0000.csv.zip
2026-07-01 15:19:00,348 [INFO]   OK 192,507 bytes
2026-07-01 15:19:00,364 [INFO]   Extracted 'BhavCopy_NSE_CM_0_0_0_20260701_F_0000.csv': 3,430 rows x 34 cols
2026-07-01 15:19:00,428 [INFO]   Saved -> data/equity/2026/07/2026-07-01.csv
2026-07-01 15:19:00,429 [INFO] 
-- 2/6  F&O --
2026-07-01 15:19:00,429 [INFO]   [1/3] GET https://archives.nseindia.com/content/historical/DERIVATIVES/2026/JUL/fo01JUL2026bhav.csv.zip
2026-07-01 15:19:00,700 [WARNING]   404 — file not on NSE (holiday or wrong date)
2026-07-01 15:19:00,700 [INFO]   [1/3] GET https://archives.nseindia.com/archives/derivatives/bhavcopy/fo01JUL2026.csv.zip
2026-07-01 15:19:01,023 [WARNING]   404 — file not on NSE (holiday or wrong date)
2026-07-01 15:19:01,023 [INFO]   [1/3] GET https://nsearchives.nseindia.com/content/fo/BhavCopy_NSE_FO_0_0_0_20260701_F_0000.csv.zip
2026-07-01 15:19:01,321 [INFO]   OK 1,109,606 bytes
2026-07-01 15:19:01,410 [INFO]   Extracted 'BhavCopy_NSE_FO_0_0_0_20260701_F_0000.csv': 37,268 rows x 34 cols
2026-07-01 15:19:02,016 [INFO]   Saved -> data/fo/2026/07/2026-07-01.csv
2026-07-01 15:19:02,019 [INFO] 
-- 3/6  INDEX --
2026-07-01 15:19:02,019 [INFO]   [1/3] GET https://archives.nseindia.com/content/indices/ind_close_all_01072026.csv
2026-07-01 15:19:02,332 [INFO]   OK 16,424 bytes
2026-07-01 15:19:02,337 [INFO]   Saved -> data/index/2026/07/2026-07-01.csv
2026-07-01 15:19:02,337 [INFO] 
-- 4/6  DELIVERY --
2026-07-01 15:19:02,337 [INFO]   [1/3] GET https://archives.nseindia.com/archives/equities/mto/MTO_01072026.DAT
2026-07-01 15:19:02,633 [INFO]   OK 117,260 bytes
2026-07-01 15:19:02,638 [INFO]   [1/3] GET https://archives.nseindia.com/archives/equities/bhavcopy/sec_bhavdata01JUL2026.csv
2026-07-01 15:19:02,916 [WARNING]   404 — file not on NSE (holiday or wrong date)
2026-07-01 15:19:02,916 [INFO] 
-- 5/6  CORPORATE ACTIONS --
2026-07-01 15:19:02,916 [INFO]   [1/3] GET https://www.nseindia.com/corporates/shownCorporateActions?index=equities&from_date=24-06-2026&to_date=01-07-2026
2026-07-01 15:19:03,221 [WARNING]   404 — file not on NSE (holiday or wrong date)
2026-07-01 15:19:03,221 [INFO] 
-- 6/6  SME --
2026-07-01 15:19:03,221 [INFO]   [1/3] GET https://archives.nseindia.com/content/historical/EQUITIES/2026/JUL/SME01JUL2026BHAV.csv.zip
2026-07-01 15:19:03,485 [WARNING]   404 — file not on NSE (holiday or wrong date)
2026-07-01 15:19:03,485 [INFO]   [1/3] GET https://nsearchives.nseindia.com/content/cm/BhavCopy_NSE_SME_0_0_0_20260701_F_0000.csv.zip
2026-07-01 15:19:03,758 [WARNING]   404 — file not on NSE (holiday or wrong date)
2026-07-01 15:19:03,759 [INFO] 
-- MANIFEST --
2026-07-01 15:19:03,776 [INFO]   Manifest + summary updated.
2026-07-01 15:19:03,777 [INFO] 
============================================================
2026-07-01 15:19:03,777 [INFO]   OK  equity
2026-07-01 15:19:03,777 [INFO]   OK  fo
2026-07-01 15:19:03,777 [INFO]   OK  index
2026-07-01 15:19:03,777 [INFO]   FAIL  delivery
2026-07-01 15:19:03,777 [INFO]   FAIL  corporate_actions
2026-07-01 15:19:03,777 [INFO]   FAIL  sme
2026-07-01 15:19:03,777 [INFO] ============================================================
