2026-04-29 15:39:13,859 [INFO] ============================================================
2026-04-29 15:39:13,859 [INFO]   NSE Fetcher v2 (Cloudflare-proof) -- 2026-04-29
2026-04-29 15:39:13,859 [INFO] ============================================================
2026-04-29 15:39:13,980 [INFO]   HTTP engine: curl_cffi
2026-04-29 15:39:14,293 [INFO]   Warm-up https://www.nseindia.com -> 200
2026-04-29 15:39:16,394 [INFO]   Warm-up market-data -> 200
2026-04-29 15:39:17,257 [INFO]   Session engine: curl_cffi
2026-04-29 15:39:17,395 [INFO] 
-- 1/6  EQUITY --
2026-04-29 15:39:17,395 [INFO]   [1/3] GET https://archives.nseindia.com/content/historical/EQUITIES/2026/APR/cm29APR2026bhav.csv.zip
2026-04-29 15:39:17,721 [WARNING]   404 — file not on NSE (holiday or wrong date)
2026-04-29 15:39:17,722 [INFO]   [1/3] GET https://archives.nseindia.com/archives/equities/bhavcopy/cm29APR2026.csv.zip
2026-04-29 15:39:18,008 [WARNING]   404 — file not on NSE (holiday or wrong date)
2026-04-29 15:39:18,008 [INFO]   [1/3] GET https://nsearchives.nseindia.com/content/cm/BhavCopy_NSE_CM_0_0_0_20260429_F_0000.csv.zip
2026-04-29 15:39:18,293 [INFO]   OK 191,321 bytes
2026-04-29 15:39:18,308 [INFO]   Extracted 'BhavCopy_NSE_CM_0_0_0_20260429_F_0000.csv': 3,399 rows x 34 cols
2026-04-29 15:39:18,368 [INFO]   Saved -> data/equity/2026/04/2026-04-29.csv
2026-04-29 15:39:18,368 [INFO] 
-- 2/6  F&O --
2026-04-29 15:39:18,368 [INFO]   [1/3] GET https://archives.nseindia.com/content/historical/DERIVATIVES/2026/APR/fo29APR2026bhav.csv.zip
2026-04-29 15:39:18,646 [WARNING]   404 — file not on NSE (holiday or wrong date)
2026-04-29 15:39:18,646 [INFO]   [1/3] GET https://archives.nseindia.com/archives/derivatives/bhavcopy/fo29APR2026.csv.zip
2026-04-29 15:39:19,432 [WARNING]   404 — file not on NSE (holiday or wrong date)
2026-04-29 15:39:19,432 [INFO]   [1/3] GET https://nsearchives.nseindia.com/content/fo/BhavCopy_NSE_FO_0_0_0_20260429_F_0000.csv.zip
2026-04-29 15:39:19,469 [INFO]   OK 1,213,235 bytes
2026-04-29 15:39:19,582 [INFO]   Extracted 'BhavCopy_NSE_FO_0_0_0_20260429_F_0000.csv': 40,933 rows x 34 cols
2026-04-29 15:39:20,220 [INFO]   Saved -> data/fo/2026/04/2026-04-29.csv
2026-04-29 15:39:20,224 [INFO] 
-- 3/6  INDEX --
2026-04-29 15:39:20,224 [INFO]   [1/3] GET https://archives.nseindia.com/content/indices/ind_close_all_29042026.csv
2026-04-29 15:39:20,517 [INFO]   OK 15,588 bytes
2026-04-29 15:39:20,522 [INFO]   Saved -> data/index/2026/04/2026-04-29.csv
2026-04-29 15:39:20,522 [INFO] 
-- 4/6  DELIVERY --
2026-04-29 15:39:20,522 [INFO]   [1/3] GET https://archives.nseindia.com/archives/equities/mto/MTO_29042026.DAT
2026-04-29 15:39:20,896 [INFO]   OK 119,640 bytes
2026-04-29 15:39:20,901 [INFO]   [1/3] GET https://archives.nseindia.com/archives/equities/bhavcopy/sec_bhavdata29APR2026.csv
2026-04-29 15:39:21,235 [WARNING]   404 — file not on NSE (holiday or wrong date)
2026-04-29 15:39:21,235 [INFO] 
-- 5/6  CORPORATE ACTIONS --
2026-04-29 15:39:21,236 [INFO]   [1/3] GET https://www.nseindia.com/corporates/shownCorporateActions?index=equities&from_date=22-04-2026&to_date=29-04-2026
2026-04-29 15:39:21,523 [WARNING]   404 — file not on NSE (holiday or wrong date)
2026-04-29 15:39:21,523 [INFO] 
-- 6/6  SME --
2026-04-29 15:39:21,523 [INFO]   [1/3] GET https://archives.nseindia.com/content/historical/EQUITIES/2026/APR/SME29APR2026BHAV.csv.zip
2026-04-29 15:39:21,776 [WARNING]   404 — file not on NSE (holiday or wrong date)
2026-04-29 15:39:21,776 [INFO]   [1/3] GET https://nsearchives.nseindia.com/content/cm/BhavCopy_NSE_SME_0_0_0_20260429_F_0000.csv.zip
2026-04-29 15:39:22,547 [WARNING]   404 — file not on NSE (holiday or wrong date)
2026-04-29 15:39:22,547 [INFO] 
-- MANIFEST --
2026-04-29 15:39:22,564 [INFO]   Manifest + summary updated.
2026-04-29 15:39:22,564 [INFO] 
============================================================
2026-04-29 15:39:22,565 [INFO]   OK  equity
2026-04-29 15:39:22,565 [INFO]   OK  fo
2026-04-29 15:39:22,565 [INFO]   OK  index
2026-04-29 15:39:22,565 [INFO]   FAIL  delivery
2026-04-29 15:39:22,565 [INFO]   FAIL  corporate_actions
2026-04-29 15:39:22,565 [INFO]   FAIL  sme
2026-04-29 15:39:22,565 [INFO] ============================================================
