2026-08-20 13:26:41,535 [INFO] ============================================================
2026-08-20 13:26:41,535 [INFO]   NSE Fetcher v2 (Cloudflare-proof) -- 2026-08-20
2026-08-20 13:26:41,535 [INFO] ============================================================
2026-08-20 13:26:41,659 [INFO]   HTTP engine: curl_cffi
2026-08-20 13:26:41,934 [INFO]   Warm-up https://www.nseindia.com -> 200
2026-08-20 13:26:43,827 [INFO]   Warm-up market-data -> 200
2026-08-20 13:26:44,428 [INFO]   Session engine: curl_cffi
2026-08-20 13:26:44,550 [INFO] 
-- 1/6  EQUITY --
2026-08-20 13:26:44,550 [INFO]   [1/3] GET https://archives.nseindia.com/content/historical/EQUITIES/2026/AUG/cm20AUG2026bhav.csv.zip
2026-08-20 13:26:44,931 [WARNING]   404 — file not on NSE (holiday or wrong date)
2026-08-20 13:26:44,931 [INFO]   [1/3] GET https://archives.nseindia.com/archives/equities/bhavcopy/cm20AUG2026.csv.zip
2026-08-20 13:26:45,207 [WARNING]   404 — file not on NSE (holiday or wrong date)
2026-08-20 13:26:45,207 [INFO]   [1/3] GET https://nsearchives.nseindia.com/content/cm/BhavCopy_NSE_CM_0_0_0_20260820_F_0000.csv.zip
2026-08-20 13:26:45,573 [INFO]   OK 203,415 bytes
2026-08-20 13:26:45,589 [INFO]   Extracted 'BhavCopy_NSE_CM_0_0_0_20260820_F_0000.csv': 3,638 rows x 34 cols
2026-08-20 13:26:45,654 [INFO]   Saved -> data/equity/2026/08/2026-08-20.csv
2026-08-20 13:26:45,655 [INFO] 
-- 2/6  F&O --
2026-08-20 13:26:45,655 [INFO]   [1/3] GET https://archives.nseindia.com/content/historical/DERIVATIVES/2026/AUG/fo20AUG2026bhav.csv.zip
2026-08-20 13:26:46,104 [WARNING]   404 — file not on NSE (holiday or wrong date)
2026-08-20 13:26:46,104 [INFO]   [1/3] GET https://archives.nseindia.com/archives/derivatives/bhavcopy/fo20AUG2026.csv.zip
2026-08-20 13:26:46,769 [WARNING]   404 — file not on NSE (holiday or wrong date)
2026-08-20 13:26:46,769 [INFO]   [1/3] GET https://nsearchives.nseindia.com/content/fo/BhavCopy_NSE_FO_0_0_0_20260820_F_0000.csv.zip
2026-08-20 13:26:46,805 [INFO]   OK 1,183,905 bytes
2026-08-20 13:26:46,893 [INFO]   Extracted 'BhavCopy_NSE_FO_0_0_0_20260820_F_0000.csv': 35,753 rows x 34 cols
2026-08-20 13:26:47,465 [INFO]   Saved -> data/fo/2026/08/2026-08-20.csv
2026-08-20 13:26:47,469 [INFO] 
-- 3/6  INDEX --
2026-08-20 13:26:47,469 [INFO]   [1/3] GET https://archives.nseindia.com/content/indices/ind_close_all_20082026.csv
2026-08-20 13:26:47,748 [INFO]   OK 16,702 bytes
2026-08-20 13:26:47,752 [INFO]   Saved -> data/index/2026/08/2026-08-20.csv
2026-08-20 13:26:47,752 [INFO] 
-- 4/6  DELIVERY --
2026-08-20 13:26:47,752 [INFO]   [1/3] GET https://archives.nseindia.com/archives/equities/mto/MTO_20082026.DAT
2026-08-20 13:26:48,037 [INFO]   OK 126,265 bytes
2026-08-20 13:26:48,042 [INFO]   [1/3] GET https://archives.nseindia.com/archives/equities/bhavcopy/sec_bhavdata20AUG2026.csv
2026-08-20 13:26:48,312 [WARNING]   404 — file not on NSE (holiday or wrong date)
2026-08-20 13:26:48,312 [INFO] 
-- 5/6  CORPORATE ACTIONS --
2026-08-20 13:26:48,312 [INFO]   [1/3] GET https://www.nseindia.com/corporates/shownCorporateActions?index=equities&from_date=13-08-2026&to_date=20-08-2026
2026-08-20 13:26:48,575 [WARNING]   404 — file not on NSE (holiday or wrong date)
2026-08-20 13:26:48,575 [INFO] 
-- 6/6  SME --
2026-08-20 13:26:48,575 [INFO]   [1/3] GET https://archives.nseindia.com/content/historical/EQUITIES/2026/AUG/SME20AUG2026BHAV.csv.zip
2026-08-20 13:26:49,001 [WARNING]   404 — file not on NSE (holiday or wrong date)
2026-08-20 13:26:49,002 [INFO]   [1/3] GET https://nsearchives.nseindia.com/content/cm/BhavCopy_NSE_SME_0_0_0_20260820_F_0000.csv.zip
2026-08-20 13:26:49,286 [WARNING]   404 — file not on NSE (holiday or wrong date)
2026-08-20 13:26:49,287 [INFO] 
-- MANIFEST --
2026-08-20 13:26:49,305 [INFO]   Manifest + summary updated.
2026-08-20 13:26:49,305 [INFO] 
============================================================
2026-08-20 13:26:49,305 [INFO]   OK  equity
2026-08-20 13:26:49,305 [INFO]   OK  fo
2026-08-20 13:26:49,305 [INFO]   OK  index
2026-08-20 13:26:49,305 [INFO]   FAIL  delivery
2026-08-20 13:26:49,305 [INFO]   FAIL  corporate_actions
2026-08-20 13:26:49,305 [INFO]   FAIL  sme
2026-08-20 13:26:49,305 [INFO] ============================================================
