2026-05-13 14:39:52,556 [INFO] ============================================================
2026-05-13 14:39:52,556 [INFO]   NSE Fetcher v2 (Cloudflare-proof) -- 2026-05-13
2026-05-13 14:39:52,556 [INFO] ============================================================
2026-05-13 14:39:52,628 [INFO]   HTTP engine: curl_cffi
2026-05-13 14:39:52,771 [INFO]   Warm-up https://www.nseindia.com -> 200
2026-05-13 14:39:54,948 [INFO]   Warm-up market-data -> 200
2026-05-13 14:39:55,855 [INFO]   Session engine: curl_cffi
2026-05-13 14:39:55,945 [INFO] 
-- 1/6  EQUITY --
2026-05-13 14:39:55,945 [INFO]   [1/3] GET https://archives.nseindia.com/content/historical/EQUITIES/2026/MAY/cm13MAY2026bhav.csv.zip
2026-05-13 14:39:56,294 [WARNING]   404 — file not on NSE (holiday or wrong date)
2026-05-13 14:39:56,294 [INFO]   [1/3] GET https://archives.nseindia.com/archives/equities/bhavcopy/cm13MAY2026.csv.zip
2026-05-13 14:39:56,612 [WARNING]   404 — file not on NSE (holiday or wrong date)
2026-05-13 14:39:56,612 [INFO]   [1/3] GET https://nsearchives.nseindia.com/content/cm/BhavCopy_NSE_CM_0_0_0_20260513_F_0000.csv.zip
2026-05-13 14:39:57,030 [INFO]   OK 190,366 bytes
2026-05-13 14:39:57,047 [INFO]   Extracted 'BhavCopy_NSE_CM_0_0_0_20260513_F_0000.csv': 3,381 rows x 34 cols
2026-05-13 14:39:57,109 [INFO]   Saved -> data/equity/2026/05/2026-05-13.csv
2026-05-13 14:39:57,109 [INFO] 
-- 2/6  F&O --
2026-05-13 14:39:57,109 [INFO]   [1/3] GET https://archives.nseindia.com/content/historical/DERIVATIVES/2026/MAY/fo13MAY2026bhav.csv.zip
2026-05-13 14:39:57,491 [WARNING]   404 — file not on NSE (holiday or wrong date)
2026-05-13 14:39:57,491 [INFO]   [1/3] GET https://archives.nseindia.com/archives/derivatives/bhavcopy/fo13MAY2026.csv.zip
2026-05-13 14:39:57,964 [WARNING]   404 — file not on NSE (holiday or wrong date)
2026-05-13 14:39:57,964 [INFO]   [1/3] GET https://nsearchives.nseindia.com/content/fo/BhavCopy_NSE_FO_0_0_0_20260513_F_0000.csv.zip
2026-05-13 14:39:58,304 [INFO]   OK 1,345,298 bytes
2026-05-13 14:39:58,411 [INFO]   Extracted 'BhavCopy_NSE_FO_0_0_0_20260513_F_0000.csv': 43,490 rows x 34 cols
2026-05-13 14:39:59,117 [INFO]   Saved -> data/fo/2026/05/2026-05-13.csv
2026-05-13 14:39:59,121 [INFO] 
-- 3/6  INDEX --
2026-05-13 14:39:59,121 [INFO]   [1/3] GET https://archives.nseindia.com/content/indices/ind_close_all_13052026.csv
2026-05-13 14:39:59,643 [INFO]   OK 15,613 bytes
2026-05-13 14:39:59,647 [INFO]   Saved -> data/index/2026/05/2026-05-13.csv
2026-05-13 14:39:59,648 [INFO] 
-- 4/6  DELIVERY --
2026-05-13 14:39:59,648 [INFO]   [1/3] GET https://archives.nseindia.com/archives/equities/mto/MTO_13052026.DAT
2026-05-13 14:40:00,080 [INFO]   OK 117,488 bytes
2026-05-13 14:40:00,085 [INFO]   [1/3] GET https://archives.nseindia.com/archives/equities/bhavcopy/sec_bhavdata13MAY2026.csv
2026-05-13 14:40:00,408 [WARNING]   404 — file not on NSE (holiday or wrong date)
2026-05-13 14:40:00,408 [INFO] 
-- 5/6  CORPORATE ACTIONS --
2026-05-13 14:40:00,408 [INFO]   [1/3] GET https://www.nseindia.com/corporates/shownCorporateActions?index=equities&from_date=06-05-2026&to_date=13-05-2026
2026-05-13 14:40:00,975 [WARNING]   404 — file not on NSE (holiday or wrong date)
2026-05-13 14:40:00,976 [INFO] 
-- 6/6  SME --
2026-05-13 14:40:00,976 [INFO]   [1/3] GET https://archives.nseindia.com/content/historical/EQUITIES/2026/MAY/SME13MAY2026BHAV.csv.zip
2026-05-13 14:40:01,280 [WARNING]   404 — file not on NSE (holiday or wrong date)
2026-05-13 14:40:01,280 [INFO]   [1/3] GET https://nsearchives.nseindia.com/content/cm/BhavCopy_NSE_SME_0_0_0_20260513_F_0000.csv.zip
2026-05-13 14:40:01,583 [WARNING]   404 — file not on NSE (holiday or wrong date)
2026-05-13 14:40:01,583 [INFO] 
-- MANIFEST --
2026-05-13 14:40:01,601 [INFO]   Manifest + summary updated.
2026-05-13 14:40:01,602 [INFO] 
============================================================
2026-05-13 14:40:01,602 [INFO]   OK  equity
2026-05-13 14:40:01,602 [INFO]   OK  fo
2026-05-13 14:40:01,602 [INFO]   OK  index
2026-05-13 14:40:01,602 [INFO]   FAIL  delivery
2026-05-13 14:40:01,602 [INFO]   FAIL  corporate_actions
2026-05-13 14:40:01,602 [INFO]   FAIL  sme
2026-05-13 14:40:01,602 [INFO] ============================================================
