2026-09-03 16:36:45,093 [INFO] ============================================================
2026-09-03 16:36:45,093 [INFO]   NSE Fetcher v2 (Cloudflare-proof) -- 2026-09-03
2026-09-03 16:36:45,093 [INFO] ============================================================
2026-09-03 16:36:45,268 [INFO]   HTTP engine: curl_cffi
2026-09-03 16:36:46,277 [INFO]   Warm-up https://www.nseindia.com -> 200
2026-09-03 16:36:48,173 [INFO]   Warm-up market-data -> 200
2026-09-03 16:36:48,684 [INFO]   Session engine: curl_cffi
2026-09-03 16:36:48,924 [INFO] 
-- 1/6  EQUITY --
2026-09-03 16:36:48,925 [INFO]   [1/3] GET https://archives.nseindia.com/content/historical/EQUITIES/2026/SEP/cm03SEP2026bhav.csv.zip
2026-09-03 16:36:50,401 [WARNING]   404 — file not on NSE (holiday or wrong date)
2026-09-03 16:36:50,401 [INFO]   [1/3] GET https://archives.nseindia.com/archives/equities/bhavcopy/cm03SEP2026.csv.zip
2026-09-03 16:36:50,761 [WARNING]   404 — file not on NSE (holiday or wrong date)
2026-09-03 16:36:50,762 [INFO]   [1/3] GET https://nsearchives.nseindia.com/content/cm/BhavCopy_NSE_CM_0_0_0_20260903_F_0000.csv.zip
2026-09-03 16:36:52,088 [INFO]   OK 203,909 bytes
2026-09-03 16:36:52,102 [INFO]   Extracted 'BhavCopy_NSE_CM_0_0_0_20260903_F_0000.csv': 3,635 rows x 34 cols
2026-09-03 16:36:52,153 [INFO]   Saved -> data/equity/2026/09/2026-09-03.csv
2026-09-03 16:36:52,154 [INFO] 
-- 2/6  F&O --
2026-09-03 16:36:52,154 [INFO]   [1/3] GET https://archives.nseindia.com/content/historical/DERIVATIVES/2026/SEP/fo03SEP2026bhav.csv.zip
2026-09-03 16:36:52,596 [WARNING]   404 — file not on NSE (holiday or wrong date)
2026-09-03 16:36:52,597 [INFO]   [1/3] GET https://archives.nseindia.com/archives/derivatives/bhavcopy/fo03SEP2026.csv.zip
2026-09-03 16:36:52,958 [WARNING]   404 — file not on NSE (holiday or wrong date)
2026-09-03 16:36:52,958 [INFO]   [1/3] GET https://nsearchives.nseindia.com/content/fo/BhavCopy_NSE_FO_0_0_0_20260903_F_0000.csv.zip
2026-09-03 16:36:53,825 [INFO]   OK 987,371 bytes
2026-09-03 16:36:53,888 [INFO]   Extracted 'BhavCopy_NSE_FO_0_0_0_20260903_F_0000.csv': 32,301 rows x 34 cols
2026-09-03 16:36:54,298 [INFO]   Saved -> data/fo/2026/09/2026-09-03.csv
2026-09-03 16:36:54,300 [INFO] 
-- 3/6  INDEX --
2026-09-03 16:36:54,300 [INFO]   [1/3] GET https://archives.nseindia.com/content/indices/ind_close_all_03092026.csv
2026-09-03 16:36:54,722 [INFO]   OK 17,339 bytes
2026-09-03 16:36:54,725 [INFO]   Saved -> data/index/2026/09/2026-09-03.csv
2026-09-03 16:36:54,726 [INFO] 
-- 4/6  DELIVERY --
2026-09-03 16:36:54,726 [INFO]   [1/3] GET https://archives.nseindia.com/archives/equities/mto/MTO_03092026.DAT
2026-09-03 16:36:55,825 [INFO]   OK 125,288 bytes
2026-09-03 16:36:55,830 [INFO]   [1/3] GET https://archives.nseindia.com/archives/equities/bhavcopy/sec_bhavdata03SEP2026.csv
2026-09-03 16:36:56,192 [WARNING]   404 — file not on NSE (holiday or wrong date)
2026-09-03 16:36:56,192 [INFO] 
-- 5/6  CORPORATE ACTIONS --
2026-09-03 16:36:56,192 [INFO]   [1/3] GET https://www.nseindia.com/corporates/shownCorporateActions?index=equities&from_date=27-08-2026&to_date=03-09-2026
2026-09-03 16:36:56,538 [WARNING]   404 — file not on NSE (holiday or wrong date)
2026-09-03 16:36:56,538 [INFO] 
-- 6/6  SME --
2026-09-03 16:36:56,538 [INFO]   [1/3] GET https://archives.nseindia.com/content/historical/EQUITIES/2026/SEP/SME03SEP2026BHAV.csv.zip
2026-09-03 16:36:56,920 [WARNING]   404 — file not on NSE (holiday or wrong date)
2026-09-03 16:36:56,920 [INFO]   [1/3] GET https://nsearchives.nseindia.com/content/cm/BhavCopy_NSE_SME_0_0_0_20260903_F_0000.csv.zip
2026-09-03 16:36:57,227 [WARNING]   404 — file not on NSE (holiday or wrong date)
2026-09-03 16:36:57,227 [INFO] 
-- MANIFEST --
2026-09-03 16:36:57,242 [INFO]   Manifest + summary updated.
2026-09-03 16:36:57,242 [INFO] 
============================================================
2026-09-03 16:36:57,242 [INFO]   OK  equity
2026-09-03 16:36:57,242 [INFO]   OK  fo
2026-09-03 16:36:57,242 [INFO]   OK  index
2026-09-03 16:36:57,242 [INFO]   FAIL  delivery
2026-09-03 16:36:57,242 [INFO]   FAIL  corporate_actions
2026-09-03 16:36:57,242 [INFO]   FAIL  sme
2026-09-03 16:36:57,242 [INFO] ============================================================
