2026-08-04 14:58:55,274 [INFO] ============================================================
2026-08-04 14:58:55,274 [INFO]   NSE Fetcher v2 (Cloudflare-proof) -- 2026-08-04
2026-08-04 14:58:55,274 [INFO] ============================================================
2026-08-04 14:58:55,401 [INFO]   HTTP engine: curl_cffi
2026-08-04 14:58:55,878 [INFO]   Warm-up https://www.nseindia.com -> 200
2026-08-04 14:58:57,598 [INFO]   Warm-up market-data -> 200
2026-08-04 14:58:58,363 [INFO]   Session engine: curl_cffi
2026-08-04 14:58:58,499 [INFO] 
-- 1/6  EQUITY --
2026-08-04 14:58:58,499 [INFO]   [1/3] GET https://archives.nseindia.com/content/historical/EQUITIES/2026/AUG/cm04AUG2026bhav.csv.zip
2026-08-04 14:58:58,752 [WARNING]   404 — file not on NSE (holiday or wrong date)
2026-08-04 14:58:58,752 [INFO]   [1/3] GET https://archives.nseindia.com/archives/equities/bhavcopy/cm04AUG2026.csv.zip
2026-08-04 14:58:59,019 [WARNING]   404 — file not on NSE (holiday or wrong date)
2026-08-04 14:58:59,019 [INFO]   [1/3] GET https://nsearchives.nseindia.com/content/cm/BhavCopy_NSE_CM_0_0_0_20260804_F_0000.csv.zip
2026-08-04 14:59:00,200 [INFO]   OK 192,852 bytes
2026-08-04 14:59:00,216 [INFO]   Extracted 'BhavCopy_NSE_CM_0_0_0_20260804_F_0000.csv': 3,447 rows x 34 cols
2026-08-04 14:59:00,280 [INFO]   Saved -> data/equity/2026/08/2026-08-04.csv
2026-08-04 14:59:00,280 [INFO] 
-- 2/6  F&O --
2026-08-04 14:59:00,280 [INFO]   [1/3] GET https://archives.nseindia.com/content/historical/DERIVATIVES/2026/AUG/fo04AUG2026bhav.csv.zip
2026-08-04 14:59:00,553 [WARNING]   404 — file not on NSE (holiday or wrong date)
2026-08-04 14:59:00,553 [INFO]   [1/3] GET https://archives.nseindia.com/archives/derivatives/bhavcopy/fo04AUG2026.csv.zip
2026-08-04 14:59:00,806 [WARNING]   404 — file not on NSE (holiday or wrong date)
2026-08-04 14:59:00,807 [INFO]   [1/3] GET https://nsearchives.nseindia.com/content/fo/BhavCopy_NSE_FO_0_0_0_20260804_F_0000.csv.zip
2026-08-04 14:59:01,202 [INFO]   OK 1,026,119 bytes
2026-08-04 14:59:01,284 [INFO]   Extracted 'BhavCopy_NSE_FO_0_0_0_20260804_F_0000.csv': 32,322 rows x 34 cols
2026-08-04 14:59:01,807 [INFO]   Saved -> data/fo/2026/08/2026-08-04.csv
2026-08-04 14:59:01,810 [INFO] 
-- 3/6  INDEX --
2026-08-04 14:59:01,810 [INFO]   [1/3] GET https://archives.nseindia.com/content/indices/ind_close_all_04082026.csv
2026-08-04 14:59:02,028 [INFO]   OK 15,756 bytes
2026-08-04 14:59:02,032 [INFO]   Saved -> data/index/2026/08/2026-08-04.csv
2026-08-04 14:59:02,032 [INFO] 
-- 4/6  DELIVERY --
2026-08-04 14:59:02,033 [INFO]   [1/3] GET https://archives.nseindia.com/archives/equities/mto/MTO_04082026.DAT
2026-08-04 14:59:02,279 [INFO]   OK 117,111 bytes
2026-08-04 14:59:02,284 [INFO]   [1/3] GET https://archives.nseindia.com/archives/equities/bhavcopy/sec_bhavdata04AUG2026.csv
2026-08-04 14:59:02,547 [WARNING]   404 — file not on NSE (holiday or wrong date)
2026-08-04 14:59:02,547 [INFO] 
-- 5/6  CORPORATE ACTIONS --
2026-08-04 14:59:02,548 [INFO]   [1/3] GET https://www.nseindia.com/corporates/shownCorporateActions?index=equities&from_date=28-07-2026&to_date=04-08-2026
2026-08-04 14:59:02,924 [WARNING]   404 — file not on NSE (holiday or wrong date)
2026-08-04 14:59:02,924 [INFO] 
-- 6/6  SME --
2026-08-04 14:59:02,924 [INFO]   [1/3] GET https://archives.nseindia.com/content/historical/EQUITIES/2026/AUG/SME04AUG2026BHAV.csv.zip
2026-08-04 14:59:03,145 [WARNING]   404 — file not on NSE (holiday or wrong date)
2026-08-04 14:59:03,145 [INFO]   [1/3] GET https://nsearchives.nseindia.com/content/cm/BhavCopy_NSE_SME_0_0_0_20260804_F_0000.csv.zip
2026-08-04 14:59:03,488 [WARNING]   404 — file not on NSE (holiday or wrong date)
2026-08-04 14:59:03,488 [INFO] 
-- MANIFEST --
2026-08-04 14:59:03,506 [INFO]   Manifest + summary updated.
2026-08-04 14:59:03,506 [INFO] 
============================================================
2026-08-04 14:59:03,506 [INFO]   OK  equity
2026-08-04 14:59:03,506 [INFO]   OK  fo
2026-08-04 14:59:03,506 [INFO]   OK  index
2026-08-04 14:59:03,506 [INFO]   FAIL  delivery
2026-08-04 14:59:03,507 [INFO]   FAIL  corporate_actions
2026-08-04 14:59:03,507 [INFO]   FAIL  sme
2026-08-04 14:59:03,507 [INFO] ============================================================
