2026-06-30 15:08:07,352 [INFO] ============================================================
2026-06-30 15:08:07,352 [INFO]   NSE Fetcher v2 (Cloudflare-proof) -- 2026-06-30
2026-06-30 15:08:07,352 [INFO] ============================================================
2026-06-30 15:08:07,589 [INFO]   HTTP engine: curl_cffi
2026-06-30 15:08:07,797 [INFO]   Warm-up https://www.nseindia.com -> 200
2026-06-30 15:08:09,992 [INFO]   Warm-up market-data -> 200
2026-06-30 15:08:10,507 [INFO]   Session engine: curl_cffi
2026-06-30 15:08:10,588 [INFO] 
-- 1/6  EQUITY --
2026-06-30 15:08:10,588 [INFO]   [1/3] GET https://archives.nseindia.com/content/historical/EQUITIES/2026/JUN/cm30JUN2026bhav.csv.zip
2026-06-30 15:08:10,897 [WARNING]   404 — file not on NSE (holiday or wrong date)
2026-06-30 15:08:10,897 [INFO]   [1/3] GET https://archives.nseindia.com/archives/equities/bhavcopy/cm30JUN2026.csv.zip
2026-06-30 15:08:11,201 [WARNING]   404 — file not on NSE (holiday or wrong date)
2026-06-30 15:08:11,201 [INFO]   [1/3] GET https://nsearchives.nseindia.com/content/cm/BhavCopy_NSE_CM_0_0_0_20260630_F_0000.csv.zip
2026-06-30 15:08:11,488 [INFO]   OK 191,928 bytes
2026-06-30 15:08:11,504 [INFO]   Extracted 'BhavCopy_NSE_CM_0_0_0_20260630_F_0000.csv': 3,419 rows x 34 cols
2026-06-30 15:08:11,568 [INFO]   Saved -> data/equity/2026/06/2026-06-30.csv
2026-06-30 15:08:11,569 [INFO] 
-- 2/6  F&O --
2026-06-30 15:08:11,569 [INFO]   [1/3] GET https://archives.nseindia.com/content/historical/DERIVATIVES/2026/JUN/fo30JUN2026bhav.csv.zip
2026-06-30 15:08:11,875 [WARNING]   404 — file not on NSE (holiday or wrong date)
2026-06-30 15:08:11,875 [INFO]   [1/3] GET https://archives.nseindia.com/archives/derivatives/bhavcopy/fo30JUN2026.csv.zip
2026-06-30 15:08:12,179 [WARNING]   404 — file not on NSE (holiday or wrong date)
2026-06-30 15:08:12,179 [INFO]   [1/3] GET https://nsearchives.nseindia.com/content/fo/BhavCopy_NSE_FO_0_0_0_20260630_F_0000.csv.zip
2026-06-30 15:08:12,368 [WARNING]   404 — file not on NSE (holiday or wrong date)
2026-06-30 15:08:12,368 [INFO]   [1/3] GET https://nsearchives.nseindia.com/archives/derivatives/bhavcopy/fo30JUN2026.csv.zip
2026-06-30 15:08:13,377 [WARNING]   404 — file not on NSE (holiday or wrong date)
2026-06-30 15:08:13,378 [INFO] 
-- 3/6  INDEX --
2026-06-30 15:08:13,378 [INFO]   [1/3] GET https://archives.nseindia.com/content/indices/ind_close_all_30062026.csv
2026-06-30 15:08:13,837 [INFO]   OK 15,684 bytes
2026-06-30 15:08:13,841 [INFO]   Saved -> data/index/2026/06/2026-06-30.csv
2026-06-30 15:08:13,841 [INFO] 
-- 4/6  DELIVERY --
2026-06-30 15:08:13,841 [INFO]   [1/3] GET https://archives.nseindia.com/archives/equities/mto/MTO_30062026.DAT
2026-06-30 15:08:14,297 [INFO]   OK 117,126 bytes
2026-06-30 15:08:14,302 [INFO]   [1/3] GET https://archives.nseindia.com/archives/equities/bhavcopy/sec_bhavdata30JUN2026.csv
2026-06-30 15:08:14,657 [WARNING]   404 — file not on NSE (holiday or wrong date)
2026-06-30 15:08:14,657 [INFO] 
-- 5/6  CORPORATE ACTIONS --
2026-06-30 15:08:14,657 [INFO]   [1/3] GET https://www.nseindia.com/corporates/shownCorporateActions?index=equities&from_date=23-06-2026&to_date=30-06-2026
2026-06-30 15:08:14,904 [WARNING]   404 — file not on NSE (holiday or wrong date)
2026-06-30 15:08:14,904 [INFO] 
-- 6/6  SME --
2026-06-30 15:08:14,904 [INFO]   [1/3] GET https://archives.nseindia.com/content/historical/EQUITIES/2026/JUN/SME30JUN2026BHAV.csv.zip
2026-06-30 15:08:15,271 [WARNING]   404 — file not on NSE (holiday or wrong date)
2026-06-30 15:08:15,271 [INFO]   [1/3] GET https://nsearchives.nseindia.com/content/cm/BhavCopy_NSE_SME_0_0_0_20260630_F_0000.csv.zip
2026-06-30 15:08:15,513 [WARNING]   404 — file not on NSE (holiday or wrong date)
2026-06-30 15:08:15,513 [INFO] 
-- MANIFEST --
2026-06-30 15:08:15,532 [INFO]   Manifest + summary updated.
2026-06-30 15:08:15,532 [INFO] 
============================================================
2026-06-30 15:08:15,532 [INFO]   OK  equity
2026-06-30 15:08:15,532 [INFO]   FAIL  fo
2026-06-30 15:08:15,532 [INFO]   OK  index
2026-06-30 15:08:15,532 [INFO]   FAIL  delivery
2026-06-30 15:08:15,532 [INFO]   FAIL  corporate_actions
2026-06-30 15:08:15,532 [INFO]   FAIL  sme
2026-06-30 15:08:15,532 [INFO] ============================================================
