2026-07-29 14:39:05,630 [INFO] ============================================================
2026-07-29 14:39:05,630 [INFO]   NSE Fetcher v2 (Cloudflare-proof) -- 2026-07-29
2026-07-29 14:39:05,630 [INFO] ============================================================
2026-07-29 14:39:05,690 [INFO]   HTTP engine: curl_cffi
2026-07-29 14:39:06,078 [INFO]   Warm-up https://www.nseindia.com -> 200
2026-07-29 14:39:08,290 [INFO]   Warm-up market-data -> 200
2026-07-29 14:39:08,857 [INFO]   Session engine: curl_cffi
2026-07-29 14:39:09,013 [INFO] 
-- 1/6  EQUITY --
2026-07-29 14:39:09,014 [INFO]   [1/3] GET https://archives.nseindia.com/content/historical/EQUITIES/2026/JUL/cm29JUL2026bhav.csv.zip
2026-07-29 14:39:09,354 [WARNING]   404 — file not on NSE (holiday or wrong date)
2026-07-29 14:39:09,354 [INFO]   [1/3] GET https://archives.nseindia.com/archives/equities/bhavcopy/cm29JUL2026.csv.zip
2026-07-29 14:39:09,821 [WARNING]   404 — file not on NSE (holiday or wrong date)
2026-07-29 14:39:09,821 [INFO]   [1/3] GET https://nsearchives.nseindia.com/content/cm/BhavCopy_NSE_CM_0_0_0_20260729_F_0000.csv.zip
2026-07-29 14:39:10,225 [INFO]   OK 192,521 bytes
2026-07-29 14:39:10,242 [INFO]   Extracted 'BhavCopy_NSE_CM_0_0_0_20260729_F_0000.csv': 3,446 rows x 34 cols
2026-07-29 14:39:10,303 [INFO]   Saved -> data/equity/2026/07/2026-07-29.csv
2026-07-29 14:39:10,303 [INFO] 
-- 2/6  F&O --
2026-07-29 14:39:10,304 [INFO]   [1/3] GET https://archives.nseindia.com/content/historical/DERIVATIVES/2026/JUL/fo29JUL2026bhav.csv.zip
2026-07-29 14:39:10,658 [WARNING]   404 — file not on NSE (holiday or wrong date)
2026-07-29 14:39:10,658 [INFO]   [1/3] GET https://archives.nseindia.com/archives/derivatives/bhavcopy/fo29JUL2026.csv.zip
2026-07-29 14:39:11,123 [WARNING]   404 — file not on NSE (holiday or wrong date)
2026-07-29 14:39:11,123 [INFO]   [1/3] GET https://nsearchives.nseindia.com/content/fo/BhavCopy_NSE_FO_0_0_0_20260729_F_0000.csv.zip
2026-07-29 14:39:11,568 [INFO]   OK 959,642 bytes
2026-07-29 14:39:11,645 [INFO]   Extracted 'BhavCopy_NSE_FO_0_0_0_20260729_F_0000.csv': 31,284 rows x 34 cols
2026-07-29 14:39:12,125 [INFO]   Saved -> data/fo/2026/07/2026-07-29.csv
2026-07-29 14:39:12,128 [INFO] 
-- 3/6  INDEX --
2026-07-29 14:39:12,128 [INFO]   [1/3] GET https://archives.nseindia.com/content/indices/ind_close_all_29072026.csv
2026-07-29 14:39:12,740 [INFO]   OK 16,546 bytes
2026-07-29 14:39:12,744 [INFO]   Saved -> data/index/2026/07/2026-07-29.csv
2026-07-29 14:39:12,744 [INFO] 
-- 4/6  DELIVERY --
2026-07-29 14:39:12,744 [INFO]   [1/3] GET https://archives.nseindia.com/archives/equities/mto/MTO_29072026.DAT
2026-07-29 14:39:13,365 [INFO]   OK 117,138 bytes
2026-07-29 14:39:13,371 [INFO]   [1/3] GET https://archives.nseindia.com/archives/equities/bhavcopy/sec_bhavdata29JUL2026.csv
2026-07-29 14:39:13,728 [WARNING]   404 — file not on NSE (holiday or wrong date)
2026-07-29 14:39:13,728 [INFO] 
-- 5/6  CORPORATE ACTIONS --
2026-07-29 14:39:13,728 [INFO]   [1/3] GET https://www.nseindia.com/corporates/shownCorporateActions?index=equities&from_date=22-07-2026&to_date=29-07-2026
2026-07-29 14:39:14,016 [WARNING]   404 — file not on NSE (holiday or wrong date)
2026-07-29 14:39:14,016 [INFO] 
-- 6/6  SME --
2026-07-29 14:39:14,016 [INFO]   [1/3] GET https://archives.nseindia.com/content/historical/EQUITIES/2026/JUL/SME29JUL2026BHAV.csv.zip
2026-07-29 14:39:14,376 [WARNING]   404 — file not on NSE (holiday or wrong date)
2026-07-29 14:39:14,376 [INFO]   [1/3] GET https://nsearchives.nseindia.com/content/cm/BhavCopy_NSE_SME_0_0_0_20260729_F_0000.csv.zip
2026-07-29 14:39:14,692 [WARNING]   404 — file not on NSE (holiday or wrong date)
2026-07-29 14:39:14,692 [INFO] 
-- MANIFEST --
2026-07-29 14:39:14,711 [INFO]   Manifest + summary updated.
2026-07-29 14:39:14,711 [INFO] 
============================================================
2026-07-29 14:39:14,711 [INFO]   OK  equity
2026-07-29 14:39:14,711 [INFO]   OK  fo
2026-07-29 14:39:14,711 [INFO]   OK  index
2026-07-29 14:39:14,711 [INFO]   FAIL  delivery
2026-07-29 14:39:14,711 [INFO]   FAIL  corporate_actions
2026-07-29 14:39:14,711 [INFO]   FAIL  sme
2026-07-29 14:39:14,711 [INFO] ============================================================
