2026-08-12 13:55:59,371 [INFO] ============================================================
2026-08-12 13:55:59,371 [INFO]   NSE Fetcher v2 (Cloudflare-proof) -- 2026-08-12
2026-08-12 13:55:59,371 [INFO] ============================================================
2026-08-12 13:55:59,528 [INFO]   HTTP engine: curl_cffi
2026-08-12 13:55:59,845 [INFO]   Warm-up https://www.nseindia.com -> 200
2026-08-12 13:56:01,378 [INFO]   Warm-up market-data -> 200
2026-08-12 13:56:02,138 [INFO]   Session engine: curl_cffi
2026-08-12 13:56:02,175 [INFO] 
-- 1/6  EQUITY --
2026-08-12 13:56:02,175 [INFO]   [1/3] GET https://archives.nseindia.com/content/historical/EQUITIES/2026/AUG/cm12AUG2026bhav.csv.zip
2026-08-12 13:56:02,446 [WARNING]   404 — file not on NSE (holiday or wrong date)
2026-08-12 13:56:02,446 [INFO]   [1/3] GET https://archives.nseindia.com/archives/equities/bhavcopy/cm12AUG2026.csv.zip
2026-08-12 13:56:02,695 [WARNING]   404 — file not on NSE (holiday or wrong date)
2026-08-12 13:56:02,695 [INFO]   [1/3] GET https://nsearchives.nseindia.com/content/cm/BhavCopy_NSE_CM_0_0_0_20260812_F_0000.csv.zip
2026-08-12 13:56:03,122 [INFO]   OK 194,961 bytes
2026-08-12 13:56:03,139 [INFO]   Extracted 'BhavCopy_NSE_CM_0_0_0_20260812_F_0000.csv': 3,480 rows x 34 cols
2026-08-12 13:56:03,202 [INFO]   Saved -> data/equity/2026/08/2026-08-12.csv
2026-08-12 13:56:03,202 [INFO] 
-- 2/6  F&O --
2026-08-12 13:56:03,202 [INFO]   [1/3] GET https://archives.nseindia.com/content/historical/DERIVATIVES/2026/AUG/fo12AUG2026bhav.csv.zip
2026-08-12 13:56:03,471 [WARNING]   404 — file not on NSE (holiday or wrong date)
2026-08-12 13:56:03,471 [INFO]   [1/3] GET https://archives.nseindia.com/archives/derivatives/bhavcopy/fo12AUG2026.csv.zip
2026-08-12 13:56:03,758 [WARNING]   404 — file not on NSE (holiday or wrong date)
2026-08-12 13:56:03,758 [INFO]   [1/3] GET https://nsearchives.nseindia.com/content/fo/BhavCopy_NSE_FO_0_0_0_20260812_F_0000.csv.zip
2026-08-12 13:56:03,801 [INFO]   OK 1,106,101 bytes
2026-08-12 13:56:03,896 [INFO]   Extracted 'BhavCopy_NSE_FO_0_0_0_20260812_F_0000.csv': 34,546 rows x 34 cols
2026-08-12 13:56:04,449 [INFO]   Saved -> data/fo/2026/08/2026-08-12.csv
2026-08-12 13:56:04,453 [INFO] 
-- 3/6  INDEX --
2026-08-12 13:56:04,453 [INFO]   [1/3] GET https://archives.nseindia.com/content/indices/ind_close_all_12082026.csv
2026-08-12 13:56:04,738 [INFO]   OK 16,838 bytes
2026-08-12 13:56:04,742 [INFO]   Saved -> data/index/2026/08/2026-08-12.csv
2026-08-12 13:56:04,742 [INFO] 
-- 4/6  DELIVERY --
2026-08-12 13:56:04,742 [INFO]   [1/3] GET https://archives.nseindia.com/archives/equities/mto/MTO_12082026.DAT
2026-08-12 13:56:05,093 [INFO]   OK 120,234 bytes
2026-08-12 13:56:05,099 [INFO]   [1/3] GET https://archives.nseindia.com/archives/equities/bhavcopy/sec_bhavdata12AUG2026.csv
2026-08-12 13:56:05,373 [WARNING]   404 — file not on NSE (holiday or wrong date)
2026-08-12 13:56:05,374 [INFO] 
-- 5/6  CORPORATE ACTIONS --
2026-08-12 13:56:05,374 [INFO]   [1/3] GET https://www.nseindia.com/corporates/shownCorporateActions?index=equities&from_date=05-08-2026&to_date=12-08-2026
2026-08-12 13:56:05,652 [WARNING]   404 — file not on NSE (holiday or wrong date)
2026-08-12 13:56:05,652 [INFO] 
-- 6/6  SME --
2026-08-12 13:56:05,652 [INFO]   [1/3] GET https://archives.nseindia.com/content/historical/EQUITIES/2026/AUG/SME12AUG2026BHAV.csv.zip
2026-08-12 13:56:05,900 [WARNING]   404 — file not on NSE (holiday or wrong date)
2026-08-12 13:56:05,900 [INFO]   [1/3] GET https://nsearchives.nseindia.com/content/cm/BhavCopy_NSE_SME_0_0_0_20260812_F_0000.csv.zip
2026-08-12 13:56:06,192 [WARNING]   404 — file not on NSE (holiday or wrong date)
2026-08-12 13:56:06,192 [INFO] 
-- MANIFEST --
2026-08-12 13:56:06,210 [INFO]   Manifest + summary updated.
2026-08-12 13:56:06,211 [INFO] 
============================================================
2026-08-12 13:56:06,211 [INFO]   OK  equity
2026-08-12 13:56:06,211 [INFO]   OK  fo
2026-08-12 13:56:06,211 [INFO]   OK  index
2026-08-12 13:56:06,211 [INFO]   FAIL  delivery
2026-08-12 13:56:06,211 [INFO]   FAIL  corporate_actions
2026-08-12 13:56:06,211 [INFO]   FAIL  sme
2026-08-12 13:56:06,211 [INFO] ============================================================
