2026-04-21 16:41:15,300 [INFO] ============================================================
2026-04-21 16:41:15,301 [INFO]   NSE Fetcher v2 (Cloudflare-proof) -- 2026-04-21
2026-04-21 16:41:15,301 [INFO] ============================================================
2026-04-21 16:41:15,444 [INFO]   HTTP engine: curl_cffi
2026-04-21 16:41:15,890 [INFO]   Warm-up https://www.nseindia.com -> 200
2026-04-21 16:41:17,773 [INFO]   Warm-up market-data -> 200
2026-04-21 16:41:18,432 [INFO]   Session engine: curl_cffi
2026-04-21 16:41:18,741 [INFO] 
-- 1/6  EQUITY --
2026-04-21 16:41:18,741 [INFO]   [1/3] GET https://archives.nseindia.com/content/historical/EQUITIES/2026/APR/cm21APR2026bhav.csv.zip
2026-04-21 16:41:19,555 [WARNING]   404 — file not on NSE (holiday or wrong date)
2026-04-21 16:41:19,555 [INFO]   [1/3] GET https://archives.nseindia.com/archives/equities/bhavcopy/cm21APR2026.csv.zip
2026-04-21 16:41:19,889 [WARNING]   404 — file not on NSE (holiday or wrong date)
2026-04-21 16:41:19,889 [INFO]   [1/3] GET https://nsearchives.nseindia.com/content/cm/BhavCopy_NSE_CM_0_0_0_20260421_F_0000.csv.zip
2026-04-21 16:41:20,311 [INFO]   OK 192,728 bytes
2026-04-21 16:41:20,328 [INFO]   Extracted 'BhavCopy_NSE_CM_0_0_0_20260421_F_0000.csv': 3,440 rows x 34 cols
2026-04-21 16:41:20,389 [INFO]   Saved -> data/equity/2026/04/2026-04-21.csv
2026-04-21 16:41:20,390 [INFO] 
-- 2/6  F&O --
2026-04-21 16:41:20,390 [INFO]   [1/3] GET https://archives.nseindia.com/content/historical/DERIVATIVES/2026/APR/fo21APR2026bhav.csv.zip
2026-04-21 16:41:20,690 [WARNING]   404 — file not on NSE (holiday or wrong date)
2026-04-21 16:41:20,690 [INFO]   [1/3] GET https://archives.nseindia.com/archives/derivatives/bhavcopy/fo21APR2026.csv.zip
2026-04-21 16:41:20,999 [WARNING]   404 — file not on NSE (holiday or wrong date)
2026-04-21 16:41:20,999 [INFO]   [1/3] GET https://nsearchives.nseindia.com/content/fo/BhavCopy_NSE_FO_0_0_0_20260421_F_0000.csv.zip
2026-04-21 16:41:21,337 [INFO]   OK 1,525,406 bytes
2026-04-21 16:41:21,456 [INFO]   Extracted 'BhavCopy_NSE_FO_0_0_0_20260421_F_0000.csv': 49,094 rows x 34 cols
2026-04-21 16:41:22,236 [INFO]   Saved -> data/fo/2026/04/2026-04-21.csv
2026-04-21 16:41:22,240 [INFO] 
-- 3/6  INDEX --
2026-04-21 16:41:22,240 [INFO]   [1/3] GET https://archives.nseindia.com/content/indices/ind_close_all_21042026.csv
2026-04-21 16:41:22,697 [INFO]   OK 15,173 bytes
2026-04-21 16:41:22,702 [INFO]   Saved -> data/index/2026/04/2026-04-21.csv
2026-04-21 16:41:22,702 [INFO] 
-- 4/6  DELIVERY --
2026-04-21 16:41:22,702 [INFO]   [1/3] GET https://archives.nseindia.com/archives/equities/mto/MTO_21042026.DAT
2026-04-21 16:41:24,222 [INFO]   OK 122,083 bytes
2026-04-21 16:41:24,227 [INFO]   [1/3] GET https://archives.nseindia.com/archives/equities/bhavcopy/sec_bhavdata21APR2026.csv
2026-04-21 16:41:25,007 [WARNING]   404 — file not on NSE (holiday or wrong date)
2026-04-21 16:41:25,008 [INFO] 
-- 5/6  CORPORATE ACTIONS --
2026-04-21 16:41:25,008 [INFO]   [1/3] GET https://www.nseindia.com/corporates/shownCorporateActions?index=equities&from_date=14-04-2026&to_date=21-04-2026
2026-04-21 16:41:25,364 [WARNING]   404 — file not on NSE (holiday or wrong date)
2026-04-21 16:41:25,364 [INFO] 
-- 6/6  SME --
2026-04-21 16:41:25,364 [INFO]   [1/3] GET https://archives.nseindia.com/content/historical/EQUITIES/2026/APR/SME21APR2026BHAV.csv.zip
2026-04-21 16:41:25,999 [WARNING]   404 — file not on NSE (holiday or wrong date)
2026-04-21 16:41:26,000 [INFO]   [1/3] GET https://nsearchives.nseindia.com/content/cm/BhavCopy_NSE_SME_0_0_0_20260421_F_0000.csv.zip
2026-04-21 16:41:26,313 [WARNING]   404 — file not on NSE (holiday or wrong date)
2026-04-21 16:41:26,314 [INFO] 
-- MANIFEST --
2026-04-21 16:41:26,332 [INFO]   Manifest + summary updated.
2026-04-21 16:41:26,333 [INFO] 
============================================================
2026-04-21 16:41:26,333 [INFO]   OK  equity
2026-04-21 16:41:26,333 [INFO]   OK  fo
2026-04-21 16:41:26,333 [INFO]   OK  index
2026-04-21 16:41:26,333 [INFO]   FAIL  delivery
2026-04-21 16:41:26,333 [INFO]   FAIL  corporate_actions
2026-04-21 16:41:26,333 [INFO]   FAIL  sme
2026-04-21 16:41:26,333 [INFO] ============================================================
