2026-09-04 16:32:01,597 [INFO] ============================================================
2026-09-04 16:32:01,597 [INFO]   NSE Fetcher v2 (Cloudflare-proof) -- 2026-09-04
2026-09-04 16:32:01,597 [INFO] ============================================================
2026-09-04 16:32:01,736 [INFO]   HTTP engine: curl_cffi
2026-09-04 16:32:01,924 [INFO]   Warm-up https://www.nseindia.com -> 200
2026-09-04 16:32:04,286 [INFO]   Warm-up market-data -> 200
2026-09-04 16:32:04,844 [INFO]   Session engine: curl_cffi
2026-09-04 16:32:05,053 [INFO] 
-- 1/6  EQUITY --
2026-09-04 16:32:05,053 [INFO]   [1/3] GET https://archives.nseindia.com/content/historical/EQUITIES/2026/SEP/cm04SEP2026bhav.csv.zip
2026-09-04 16:32:05,402 [WARNING]   404 — file not on NSE (holiday or wrong date)
2026-09-04 16:32:05,402 [INFO]   [1/3] GET https://archives.nseindia.com/archives/equities/bhavcopy/cm04SEP2026.csv.zip
2026-09-04 16:32:05,725 [WARNING]   404 — file not on NSE (holiday or wrong date)
2026-09-04 16:32:05,725 [INFO]   [1/3] GET https://nsearchives.nseindia.com/content/cm/BhavCopy_NSE_CM_0_0_0_20260904_F_0000.csv.zip
2026-09-04 16:32:05,980 [INFO]   OK 204,364 bytes
2026-09-04 16:32:05,997 [INFO]   Extracted 'BhavCopy_NSE_CM_0_0_0_20260904_F_0000.csv': 3,655 rows x 34 cols
2026-09-04 16:32:06,066 [INFO]   Saved -> data/equity/2026/09/2026-09-04.csv
2026-09-04 16:32:06,067 [INFO] 
-- 2/6  F&O --
2026-09-04 16:32:06,067 [INFO]   [1/3] GET https://archives.nseindia.com/content/historical/DERIVATIVES/2026/SEP/fo04SEP2026bhav.csv.zip
2026-09-04 16:32:06,458 [WARNING]   404 — file not on NSE (holiday or wrong date)
2026-09-04 16:32:06,458 [INFO]   [1/3] GET https://archives.nseindia.com/archives/derivatives/bhavcopy/fo04SEP2026.csv.zip
2026-09-04 16:32:06,764 [WARNING]   404 — file not on NSE (holiday or wrong date)
2026-09-04 16:32:06,764 [INFO]   [1/3] GET https://nsearchives.nseindia.com/content/fo/BhavCopy_NSE_FO_0_0_0_20260904_F_0000.csv.zip
2026-09-04 16:32:07,944 [INFO]   OK 996,218 bytes
2026-09-04 16:32:08,029 [INFO]   Extracted 'BhavCopy_NSE_FO_0_0_0_20260904_F_0000.csv': 32,515 rows x 34 cols
2026-09-04 16:32:08,564 [INFO]   Saved -> data/fo/2026/09/2026-09-04.csv
2026-09-04 16:32:08,568 [INFO] 
-- 3/6  INDEX --
2026-09-04 16:32:08,568 [INFO]   [1/3] GET https://archives.nseindia.com/content/indices/ind_close_all_04092026.csv
2026-09-04 16:32:08,891 [INFO]   OK 17,325 bytes
2026-09-04 16:32:08,895 [INFO]   Saved -> data/index/2026/09/2026-09-04.csv
2026-09-04 16:32:08,896 [INFO] 
-- 4/6  DELIVERY --
2026-09-04 16:32:08,896 [INFO]   [1/3] GET https://archives.nseindia.com/archives/equities/mto/MTO_04092026.DAT
2026-09-04 16:32:09,251 [INFO]   OK 126,177 bytes
2026-09-04 16:32:09,256 [INFO]   [1/3] GET https://archives.nseindia.com/archives/equities/bhavcopy/sec_bhavdata04SEP2026.csv
2026-09-04 16:32:09,569 [WARNING]   404 — file not on NSE (holiday or wrong date)
2026-09-04 16:32:09,569 [INFO] 
-- 5/6  CORPORATE ACTIONS --
2026-09-04 16:32:09,569 [INFO]   [1/3] GET https://www.nseindia.com/corporates/shownCorporateActions?index=equities&from_date=28-08-2026&to_date=04-09-2026
2026-09-04 16:32:10,056 [WARNING]   404 — file not on NSE (holiday or wrong date)
2026-09-04 16:32:10,056 [INFO] 
-- 6/6  SME --
2026-09-04 16:32:10,056 [INFO]   [1/3] GET https://archives.nseindia.com/content/historical/EQUITIES/2026/SEP/SME04SEP2026BHAV.csv.zip
2026-09-04 16:32:10,373 [WARNING]   404 — file not on NSE (holiday or wrong date)
2026-09-04 16:32:10,373 [INFO]   [1/3] GET https://nsearchives.nseindia.com/content/cm/BhavCopy_NSE_SME_0_0_0_20260904_F_0000.csv.zip
2026-09-04 16:32:10,738 [WARNING]   404 — file not on NSE (holiday or wrong date)
2026-09-04 16:32:10,738 [INFO] 
-- MANIFEST --
2026-09-04 16:32:10,757 [INFO]   Manifest + summary updated.
2026-09-04 16:32:10,757 [INFO] 
============================================================
2026-09-04 16:32:10,757 [INFO]   OK  equity
2026-09-04 16:32:10,757 [INFO]   OK  fo
2026-09-04 16:32:10,757 [INFO]   OK  index
2026-09-04 16:32:10,757 [INFO]   FAIL  delivery
2026-09-04 16:32:10,757 [INFO]   FAIL  corporate_actions
2026-09-04 16:32:10,758 [INFO]   FAIL  sme
2026-09-04 16:32:10,758 [INFO] ============================================================
