2026-07-15 14:19:07,549 [INFO] ============================================================
2026-07-15 14:19:07,549 [INFO]   NSE Fetcher v2 (Cloudflare-proof) -- 2026-07-15
2026-07-15 14:19:07,549 [INFO] ============================================================
2026-07-15 14:19:07,613 [INFO]   HTTP engine: curl_cffi
2026-07-15 14:19:07,797 [INFO]   Warm-up https://www.nseindia.com -> 200
2026-07-15 14:19:09,583 [INFO]   Warm-up market-data -> 200
2026-07-15 14:19:10,380 [INFO]   Session engine: curl_cffi
2026-07-15 14:19:10,430 [INFO] 
-- 1/6  EQUITY --
2026-07-15 14:19:10,430 [INFO]   [1/3] GET https://archives.nseindia.com/content/historical/EQUITIES/2026/JUL/cm15JUL2026bhav.csv.zip
2026-07-15 14:19:10,704 [WARNING]   404 — file not on NSE (holiday or wrong date)
2026-07-15 14:19:10,704 [INFO]   [1/3] GET https://archives.nseindia.com/archives/equities/bhavcopy/cm15JUL2026.csv.zip
2026-07-15 14:19:10,988 [WARNING]   404 — file not on NSE (holiday or wrong date)
2026-07-15 14:19:10,988 [INFO]   [1/3] GET https://nsearchives.nseindia.com/content/cm/BhavCopy_NSE_CM_0_0_0_20260715_F_0000.csv.zip
2026-07-15 14:19:11,321 [INFO]   OK 191,001 bytes
2026-07-15 14:19:11,337 [INFO]   Extracted 'BhavCopy_NSE_CM_0_0_0_20260715_F_0000.csv': 3,409 rows x 34 cols
2026-07-15 14:19:11,397 [INFO]   Saved -> data/equity/2026/07/2026-07-15.csv
2026-07-15 14:19:11,398 [INFO] 
-- 2/6  F&O --
2026-07-15 14:19:11,398 [INFO]   [1/3] GET https://archives.nseindia.com/content/historical/DERIVATIVES/2026/JUL/fo15JUL2026bhav.csv.zip
2026-07-15 14:19:11,781 [WARNING]   404 — file not on NSE (holiday or wrong date)
2026-07-15 14:19:11,781 [INFO]   [1/3] GET https://archives.nseindia.com/archives/derivatives/bhavcopy/fo15JUL2026.csv.zip
2026-07-15 14:19:12,093 [WARNING]   404 — file not on NSE (holiday or wrong date)
2026-07-15 14:19:12,093 [INFO]   [1/3] GET https://nsearchives.nseindia.com/content/fo/BhavCopy_NSE_FO_0_0_0_20260715_F_0000.csv.zip
2026-07-15 14:19:12,401 [INFO]   OK 1,182,135 bytes
2026-07-15 14:19:12,493 [INFO]   Extracted 'BhavCopy_NSE_FO_0_0_0_20260715_F_0000.csv': 37,319 rows x 34 cols
2026-07-15 14:19:13,073 [INFO]   Saved -> data/fo/2026/07/2026-07-15.csv
2026-07-15 14:19:13,076 [INFO] 
-- 3/6  INDEX --
2026-07-15 14:19:13,076 [INFO]   [1/3] GET https://archives.nseindia.com/content/indices/ind_close_all_15072026.csv
2026-07-15 14:19:13,387 [INFO]   OK 16,457 bytes
2026-07-15 14:19:13,391 [INFO]   Saved -> data/index/2026/07/2026-07-15.csv
2026-07-15 14:19:13,391 [INFO] 
-- 4/6  DELIVERY --
2026-07-15 14:19:13,391 [INFO]   [1/3] GET https://archives.nseindia.com/archives/equities/mto/MTO_15072026.DAT
2026-07-15 14:19:13,716 [INFO]   OK 114,961 bytes
2026-07-15 14:19:13,720 [INFO]   [1/3] GET https://archives.nseindia.com/archives/equities/bhavcopy/sec_bhavdata15JUL2026.csv
2026-07-15 14:19:14,000 [WARNING]   404 — file not on NSE (holiday or wrong date)
2026-07-15 14:19:14,000 [INFO] 
-- 5/6  CORPORATE ACTIONS --
2026-07-15 14:19:14,000 [INFO]   [1/3] GET https://www.nseindia.com/corporates/shownCorporateActions?index=equities&from_date=08-07-2026&to_date=15-07-2026
2026-07-15 14:19:14,317 [WARNING]   404 — file not on NSE (holiday or wrong date)
2026-07-15 14:19:14,317 [INFO] 
-- 6/6  SME --
2026-07-15 14:19:14,317 [INFO]   [1/3] GET https://archives.nseindia.com/content/historical/EQUITIES/2026/JUL/SME15JUL2026BHAV.csv.zip
2026-07-15 14:19:14,608 [WARNING]   404 — file not on NSE (holiday or wrong date)
2026-07-15 14:19:14,609 [INFO]   [1/3] GET https://nsearchives.nseindia.com/content/cm/BhavCopy_NSE_SME_0_0_0_20260715_F_0000.csv.zip
2026-07-15 14:19:14,941 [WARNING]   404 — file not on NSE (holiday or wrong date)
2026-07-15 14:19:14,942 [INFO] 
-- MANIFEST --
2026-07-15 14:19:14,960 [INFO]   Manifest + summary updated.
2026-07-15 14:19:14,960 [INFO] 
============================================================
2026-07-15 14:19:14,960 [INFO]   OK  equity
2026-07-15 14:19:14,960 [INFO]   OK  fo
2026-07-15 14:19:14,960 [INFO]   OK  index
2026-07-15 14:19:14,960 [INFO]   FAIL  delivery
2026-07-15 14:19:14,960 [INFO]   FAIL  corporate_actions
2026-07-15 14:19:14,960 [INFO]   FAIL  sme
2026-07-15 14:19:14,960 [INFO] ============================================================
