2026-05-07 13:32:08,233 [INFO] ============================================================
2026-05-07 13:32:08,233 [INFO]   NSE Fetcher v2 (Cloudflare-proof) -- 2026-05-07
2026-05-07 13:32:08,233 [INFO] ============================================================
2026-05-07 13:32:08,387 [INFO]   HTTP engine: curl_cffi
2026-05-07 13:32:08,794 [INFO]   Warm-up https://www.nseindia.com -> 200
2026-05-07 13:32:10,587 [INFO]   Warm-up market-data -> 200
2026-05-07 13:32:11,417 [INFO]   Session engine: curl_cffi
2026-05-07 13:32:11,562 [INFO] 
-- 1/6  EQUITY --
2026-05-07 13:32:11,562 [INFO]   [1/3] GET https://archives.nseindia.com/content/historical/EQUITIES/2026/MAY/cm07MAY2026bhav.csv.zip
2026-05-07 13:32:11,994 [WARNING]   404 — file not on NSE (holiday or wrong date)
2026-05-07 13:32:11,994 [INFO]   [1/3] GET https://archives.nseindia.com/archives/equities/bhavcopy/cm07MAY2026.csv.zip
2026-05-07 13:32:12,313 [WARNING]   404 — file not on NSE (holiday or wrong date)
2026-05-07 13:32:12,314 [INFO]   [1/3] GET https://nsearchives.nseindia.com/content/cm/BhavCopy_NSE_CM_0_0_0_20260507_F_0000.csv.zip
2026-05-07 13:32:12,811 [INFO]   OK 191,533 bytes
2026-05-07 13:32:12,827 [INFO]   Extracted 'BhavCopy_NSE_CM_0_0_0_20260507_F_0000.csv': 3,397 rows x 34 cols
2026-05-07 13:32:12,892 [INFO]   Saved -> data/equity/2026/05/2026-05-07.csv
2026-05-07 13:32:12,892 [INFO] 
-- 2/6  F&O --
2026-05-07 13:32:12,893 [INFO]   [1/3] GET https://archives.nseindia.com/content/historical/DERIVATIVES/2026/MAY/fo07MAY2026bhav.csv.zip
2026-05-07 13:32:13,238 [WARNING]   404 — file not on NSE (holiday or wrong date)
2026-05-07 13:32:13,239 [INFO]   [1/3] GET https://archives.nseindia.com/archives/derivatives/bhavcopy/fo07MAY2026.csv.zip
2026-05-07 13:32:13,526 [WARNING]   404 — file not on NSE (holiday or wrong date)
2026-05-07 13:32:13,526 [INFO]   [1/3] GET https://nsearchives.nseindia.com/content/fo/BhavCopy_NSE_FO_0_0_0_20260507_F_0000.csv.zip
2026-05-07 13:32:13,810 [INFO]   OK 1,241,379 bytes
2026-05-07 13:32:13,915 [INFO]   Extracted 'BhavCopy_NSE_FO_0_0_0_20260507_F_0000.csv': 40,224 rows x 34 cols
2026-05-07 13:32:14,564 [INFO]   Saved -> data/fo/2026/05/2026-05-07.csv
2026-05-07 13:32:14,568 [INFO] 
-- 3/6  INDEX --
2026-05-07 13:32:14,568 [INFO]   [1/3] GET https://archives.nseindia.com/content/indices/ind_close_all_07052026.csv
2026-05-07 13:32:14,971 [INFO]   OK 15,203 bytes
2026-05-07 13:32:14,975 [INFO]   Saved -> data/index/2026/05/2026-05-07.csv
2026-05-07 13:32:14,975 [INFO] 
-- 4/6  DELIVERY --
2026-05-07 13:32:14,975 [INFO]   [1/3] GET https://archives.nseindia.com/archives/equities/mto/MTO_07052026.DAT
2026-05-07 13:32:16,128 [INFO]   OK 119,194 bytes
2026-05-07 13:32:16,133 [INFO]   [1/3] GET https://archives.nseindia.com/archives/equities/bhavcopy/sec_bhavdata07MAY2026.csv
2026-05-07 13:32:16,579 [WARNING]   404 — file not on NSE (holiday or wrong date)
2026-05-07 13:32:16,580 [INFO] 
-- 5/6  CORPORATE ACTIONS --
2026-05-07 13:32:16,580 [INFO]   [1/3] GET https://www.nseindia.com/corporates/shownCorporateActions?index=equities&from_date=30-04-2026&to_date=07-05-2026
2026-05-07 13:32:16,864 [WARNING]   404 — file not on NSE (holiday or wrong date)
2026-05-07 13:32:16,864 [INFO] 
-- 6/6  SME --
2026-05-07 13:32:16,864 [INFO]   [1/3] GET https://archives.nseindia.com/content/historical/EQUITIES/2026/MAY/SME07MAY2026BHAV.csv.zip
2026-05-07 13:32:17,161 [WARNING]   404 — file not on NSE (holiday or wrong date)
2026-05-07 13:32:17,161 [INFO]   [1/3] GET https://nsearchives.nseindia.com/content/cm/BhavCopy_NSE_SME_0_0_0_20260507_F_0000.csv.zip
2026-05-07 13:32:17,385 [WARNING]   404 — file not on NSE (holiday or wrong date)
2026-05-07 13:32:17,386 [INFO] 
-- MANIFEST --
2026-05-07 13:32:17,403 [INFO]   Manifest + summary updated.
2026-05-07 13:32:17,404 [INFO] 
============================================================
2026-05-07 13:32:17,404 [INFO]   OK  equity
2026-05-07 13:32:17,404 [INFO]   OK  fo
2026-05-07 13:32:17,404 [INFO]   OK  index
2026-05-07 13:32:17,404 [INFO]   FAIL  delivery
2026-05-07 13:32:17,404 [INFO]   FAIL  corporate_actions
2026-05-07 13:32:17,404 [INFO]   FAIL  sme
2026-05-07 13:32:17,404 [INFO] ============================================================
