2026-07-03 14:38:59,887 [INFO] ============================================================
2026-07-03 14:38:59,887 [INFO]   NSE Fetcher v2 (Cloudflare-proof) -- 2026-07-03
2026-07-03 14:38:59,887 [INFO] ============================================================
2026-07-03 14:38:59,957 [INFO]   HTTP engine: curl_cffi
2026-07-03 14:39:00,605 [INFO]   Warm-up https://www.nseindia.com -> 200
2026-07-03 14:39:02,695 [INFO]   Warm-up market-data -> 200
2026-07-03 14:39:03,635 [INFO]   Session engine: curl_cffi
2026-07-03 14:39:03,825 [INFO] 
-- 1/6  EQUITY --
2026-07-03 14:39:03,826 [INFO]   [1/3] GET https://archives.nseindia.com/content/historical/EQUITIES/2026/JUL/cm03JUL2026bhav.csv.zip
2026-07-03 14:39:04,141 [WARNING]   404 — file not on NSE (holiday or wrong date)
2026-07-03 14:39:04,142 [INFO]   [1/3] GET https://archives.nseindia.com/archives/equities/bhavcopy/cm03JUL2026.csv.zip
2026-07-03 14:39:04,495 [WARNING]   404 — file not on NSE (holiday or wrong date)
2026-07-03 14:39:04,495 [INFO]   [1/3] GET https://nsearchives.nseindia.com/content/cm/BhavCopy_NSE_CM_0_0_0_20260703_F_0000.csv.zip
2026-07-03 14:39:05,076 [INFO]   OK 193,878 bytes
2026-07-03 14:39:05,092 [INFO]   Extracted 'BhavCopy_NSE_CM_0_0_0_20260703_F_0000.csv': 3,447 rows x 34 cols
2026-07-03 14:39:05,155 [INFO]   Saved -> data/equity/2026/07/2026-07-03.csv
2026-07-03 14:39:05,155 [INFO] 
-- 2/6  F&O --
2026-07-03 14:39:05,155 [INFO]   [1/3] GET https://archives.nseindia.com/content/historical/DERIVATIVES/2026/JUL/fo03JUL2026bhav.csv.zip
2026-07-03 14:39:05,502 [WARNING]   404 — file not on NSE (holiday or wrong date)
2026-07-03 14:39:05,502 [INFO]   [1/3] GET https://archives.nseindia.com/archives/derivatives/bhavcopy/fo03JUL2026.csv.zip
2026-07-03 14:39:05,806 [WARNING]   404 — file not on NSE (holiday or wrong date)
2026-07-03 14:39:05,806 [INFO]   [1/3] GET https://nsearchives.nseindia.com/content/fo/BhavCopy_NSE_FO_0_0_0_20260703_F_0000.csv.zip
2026-07-03 14:39:06,367 [INFO]   OK 1,050,100 bytes
2026-07-03 14:39:06,451 [INFO]   Extracted 'BhavCopy_NSE_FO_0_0_0_20260703_F_0000.csv': 33,211 rows x 34 cols
2026-07-03 14:39:06,981 [INFO]   Saved -> data/fo/2026/07/2026-07-03.csv
2026-07-03 14:39:06,983 [INFO] 
-- 3/6  INDEX --
2026-07-03 14:39:06,984 [INFO]   [1/3] GET https://archives.nseindia.com/content/indices/ind_close_all_03072026.csv
2026-07-03 14:39:07,343 [INFO]   OK 15,657 bytes
2026-07-03 14:39:07,347 [INFO]   Saved -> data/index/2026/07/2026-07-03.csv
2026-07-03 14:39:07,347 [INFO] 
-- 4/6  DELIVERY --
2026-07-03 14:39:07,347 [INFO]   [1/3] GET https://archives.nseindia.com/archives/equities/mto/MTO_03072026.DAT
2026-07-03 14:39:08,260 [INFO]   OK 117,067 bytes
2026-07-03 14:39:08,265 [INFO]   [1/3] GET https://archives.nseindia.com/archives/equities/bhavcopy/sec_bhavdata03JUL2026.csv
2026-07-03 14:39:08,561 [WARNING]   404 — file not on NSE (holiday or wrong date)
2026-07-03 14:39:08,561 [INFO] 
-- 5/6  CORPORATE ACTIONS --
2026-07-03 14:39:08,562 [INFO]   [1/3] GET https://www.nseindia.com/corporates/shownCorporateActions?index=equities&from_date=26-06-2026&to_date=03-07-2026
2026-07-03 14:39:08,999 [WARNING]   404 — file not on NSE (holiday or wrong date)
2026-07-03 14:39:08,999 [INFO] 
-- 6/6  SME --
2026-07-03 14:39:08,999 [INFO]   [1/3] GET https://archives.nseindia.com/content/historical/EQUITIES/2026/JUL/SME03JUL2026BHAV.csv.zip
2026-07-03 14:39:09,280 [WARNING]   404 — file not on NSE (holiday or wrong date)
2026-07-03 14:39:09,281 [INFO]   [1/3] GET https://nsearchives.nseindia.com/content/cm/BhavCopy_NSE_SME_0_0_0_20260703_F_0000.csv.zip
2026-07-03 14:39:09,744 [WARNING]   404 — file not on NSE (holiday or wrong date)
2026-07-03 14:39:09,745 [INFO] 
-- MANIFEST --
2026-07-03 14:39:09,763 [INFO]   Manifest + summary updated.
2026-07-03 14:39:09,763 [INFO] 
============================================================
2026-07-03 14:39:09,763 [INFO]   OK  equity
2026-07-03 14:39:09,763 [INFO]   OK  fo
2026-07-03 14:39:09,763 [INFO]   OK  index
2026-07-03 14:39:09,763 [INFO]   FAIL  delivery
2026-07-03 14:39:09,763 [INFO]   FAIL  corporate_actions
2026-07-03 14:39:09,763 [INFO]   FAIL  sme
2026-07-03 14:39:09,763 [INFO] ============================================================
