2026-08-14 13:52:13,530 [INFO] ============================================================
2026-08-14 13:52:13,530 [INFO]   NSE Fetcher v2 (Cloudflare-proof) -- 2026-08-14
2026-08-14 13:52:13,530 [INFO] ============================================================
2026-08-14 13:52:13,925 [INFO]   HTTP engine: curl_cffi
2026-08-14 13:52:14,464 [INFO]   Warm-up https://www.nseindia.com -> 200
2026-08-14 13:52:16,628 [INFO]   Warm-up market-data -> 200
2026-08-14 13:52:17,213 [INFO]   Session engine: curl_cffi
2026-08-14 13:52:17,295 [INFO] 
-- 1/6  EQUITY --
2026-08-14 13:52:17,295 [INFO]   [1/3] GET https://archives.nseindia.com/content/historical/EQUITIES/2026/AUG/cm14AUG2026bhav.csv.zip
2026-08-14 13:52:17,623 [WARNING]   404 — file not on NSE (holiday or wrong date)
2026-08-14 13:52:17,623 [INFO]   [1/3] GET https://archives.nseindia.com/archives/equities/bhavcopy/cm14AUG2026.csv.zip
2026-08-14 13:52:18,045 [WARNING]   404 — file not on NSE (holiday or wrong date)
2026-08-14 13:52:18,045 [INFO]   [1/3] GET https://nsearchives.nseindia.com/content/cm/BhavCopy_NSE_CM_0_0_0_20260814_F_0000.csv.zip
2026-08-14 13:52:18,464 [INFO]   OK 193,647 bytes
2026-08-14 13:52:18,480 [INFO]   Extracted 'BhavCopy_NSE_CM_0_0_0_20260814_F_0000.csv': 3,464 rows x 34 cols
2026-08-14 13:52:18,545 [INFO]   Saved -> data/equity/2026/08/2026-08-14.csv
2026-08-14 13:52:18,545 [INFO] 
-- 2/6  F&O --
2026-08-14 13:52:18,545 [INFO]   [1/3] GET https://archives.nseindia.com/content/historical/DERIVATIVES/2026/AUG/fo14AUG2026bhav.csv.zip
2026-08-14 13:52:18,858 [WARNING]   404 — file not on NSE (holiday or wrong date)
2026-08-14 13:52:18,858 [INFO]   [1/3] GET https://archives.nseindia.com/archives/derivatives/bhavcopy/fo14AUG2026.csv.zip
2026-08-14 13:52:19,203 [WARNING]   404 — file not on NSE (holiday or wrong date)
2026-08-14 13:52:19,203 [INFO]   [1/3] GET https://nsearchives.nseindia.com/content/fo/BhavCopy_NSE_FO_0_0_0_20260814_F_0000.csv.zip
2026-08-14 13:52:19,447 [WARNING]   404 — file not on NSE (holiday or wrong date)
2026-08-14 13:52:19,447 [INFO]   [1/3] GET https://nsearchives.nseindia.com/archives/derivatives/bhavcopy/fo14AUG2026.csv.zip
2026-08-14 13:52:19,780 [WARNING]   404 — file not on NSE (holiday or wrong date)
2026-08-14 13:52:19,780 [INFO] 
-- 3/6  INDEX --
2026-08-14 13:52:19,780 [INFO]   [1/3] GET https://archives.nseindia.com/content/indices/ind_close_all_14082026.csv
2026-08-14 13:52:20,106 [INFO]   OK 15,998 bytes
2026-08-14 13:52:20,110 [INFO]   Saved -> data/index/2026/08/2026-08-14.csv
2026-08-14 13:52:20,110 [INFO] 
-- 4/6  DELIVERY --
2026-08-14 13:52:20,110 [INFO]   [1/3] GET https://archives.nseindia.com/archives/equities/mto/MTO_14082026.DAT
2026-08-14 13:52:20,465 [INFO]   OK 119,217 bytes
2026-08-14 13:52:20,470 [INFO]   [1/3] GET https://archives.nseindia.com/archives/equities/bhavcopy/sec_bhavdata14AUG2026.csv
2026-08-14 13:52:20,903 [WARNING]   404 — file not on NSE (holiday or wrong date)
2026-08-14 13:52:20,903 [INFO] 
-- 5/6  CORPORATE ACTIONS --
2026-08-14 13:52:20,903 [INFO]   [1/3] GET https://www.nseindia.com/corporates/shownCorporateActions?index=equities&from_date=07-08-2026&to_date=14-08-2026
2026-08-14 13:52:21,285 [WARNING]   404 — file not on NSE (holiday or wrong date)
2026-08-14 13:52:21,285 [INFO] 
-- 6/6  SME --
2026-08-14 13:52:21,285 [INFO]   [1/3] GET https://archives.nseindia.com/content/historical/EQUITIES/2026/AUG/SME14AUG2026BHAV.csv.zip
2026-08-14 13:52:21,665 [WARNING]   404 — file not on NSE (holiday or wrong date)
2026-08-14 13:52:21,665 [INFO]   [1/3] GET https://nsearchives.nseindia.com/content/cm/BhavCopy_NSE_SME_0_0_0_20260814_F_0000.csv.zip
2026-08-14 13:52:21,915 [WARNING]   404 — file not on NSE (holiday or wrong date)
2026-08-14 13:52:21,916 [INFO] 
-- MANIFEST --
2026-08-14 13:52:21,935 [INFO]   Manifest + summary updated.
2026-08-14 13:52:21,935 [INFO] 
============================================================
2026-08-14 13:52:21,935 [INFO]   OK  equity
2026-08-14 13:52:21,935 [INFO]   FAIL  fo
2026-08-14 13:52:21,935 [INFO]   OK  index
2026-08-14 13:52:21,935 [INFO]   FAIL  delivery
2026-08-14 13:52:21,935 [INFO]   FAIL  corporate_actions
2026-08-14 13:52:21,935 [INFO]   FAIL  sme
2026-08-14 13:52:21,935 [INFO] ============================================================
