2026-08-05 15:10:40,284 [INFO] ============================================================
2026-08-05 15:10:40,284 [INFO]   NSE Fetcher v2 (Cloudflare-proof) -- 2026-08-05
2026-08-05 15:10:40,284 [INFO] ============================================================
2026-08-05 15:10:40,416 [INFO]   HTTP engine: curl_cffi
2026-08-05 15:10:40,868 [INFO]   Warm-up https://www.nseindia.com -> 200
2026-08-05 15:10:42,669 [INFO]   Warm-up market-data -> 200
2026-08-05 15:10:43,641 [INFO]   Session engine: curl_cffi
2026-08-05 15:10:43,777 [INFO] 
-- 1/6  EQUITY --
2026-08-05 15:10:43,777 [INFO]   [1/3] GET https://archives.nseindia.com/content/historical/EQUITIES/2026/AUG/cm05AUG2026bhav.csv.zip
2026-08-05 15:10:44,202 [WARNING]   404 — file not on NSE (holiday or wrong date)
2026-08-05 15:10:44,202 [INFO]   [1/3] GET https://archives.nseindia.com/archives/equities/bhavcopy/cm05AUG2026.csv.zip
2026-08-05 15:10:44,489 [WARNING]   404 — file not on NSE (holiday or wrong date)
2026-08-05 15:10:44,489 [INFO]   [1/3] GET https://nsearchives.nseindia.com/content/cm/BhavCopy_NSE_CM_0_0_0_20260805_F_0000.csv.zip
2026-08-05 15:10:44,970 [INFO]   OK 194,298 bytes
2026-08-05 15:10:44,989 [INFO]   Extracted 'BhavCopy_NSE_CM_0_0_0_20260805_F_0000.csv': 3,477 rows x 34 cols
2026-08-05 15:10:45,050 [INFO]   Saved -> data/equity/2026/08/2026-08-05.csv
2026-08-05 15:10:45,051 [INFO] 
-- 2/6  F&O --
2026-08-05 15:10:45,051 [INFO]   [1/3] GET https://archives.nseindia.com/content/historical/DERIVATIVES/2026/AUG/fo05AUG2026bhav.csv.zip
2026-08-05 15:10:45,405 [WARNING]   404 — file not on NSE (holiday or wrong date)
2026-08-05 15:10:45,405 [INFO]   [1/3] GET https://archives.nseindia.com/archives/derivatives/bhavcopy/fo05AUG2026.csv.zip
2026-08-05 15:10:45,692 [WARNING]   404 — file not on NSE (holiday or wrong date)
2026-08-05 15:10:45,692 [INFO]   [1/3] GET https://nsearchives.nseindia.com/content/fo/BhavCopy_NSE_FO_0_0_0_20260805_F_0000.csv.zip
2026-08-05 15:10:46,044 [INFO]   OK 1,035,627 bytes
2026-08-05 15:10:46,131 [INFO]   Extracted 'BhavCopy_NSE_FO_0_0_0_20260805_F_0000.csv': 32,597 rows x 34 cols
2026-08-05 15:10:46,645 [INFO]   Saved -> data/fo/2026/08/2026-08-05.csv
2026-08-05 15:10:46,648 [INFO] 
-- 3/6  INDEX --
2026-08-05 15:10:46,648 [INFO]   [1/3] GET https://archives.nseindia.com/content/indices/ind_close_all_05082026.csv
2026-08-05 15:10:46,963 [INFO]   OK 15,592 bytes
2026-08-05 15:10:46,968 [INFO]   Saved -> data/index/2026/08/2026-08-05.csv
2026-08-05 15:10:46,968 [INFO] 
-- 4/6  DELIVERY --
2026-08-05 15:10:46,968 [INFO]   [1/3] GET https://archives.nseindia.com/archives/equities/mto/MTO_05082026.DAT
2026-08-05 15:10:47,316 [INFO]   OK 118,457 bytes
2026-08-05 15:10:47,321 [INFO]   [1/3] GET https://archives.nseindia.com/archives/equities/bhavcopy/sec_bhavdata05AUG2026.csv
2026-08-05 15:10:47,607 [WARNING]   404 — file not on NSE (holiday or wrong date)
2026-08-05 15:10:47,608 [INFO] 
-- 5/6  CORPORATE ACTIONS --
2026-08-05 15:10:47,608 [INFO]   [1/3] GET https://www.nseindia.com/corporates/shownCorporateActions?index=equities&from_date=29-07-2026&to_date=05-08-2026
2026-08-05 15:10:47,976 [WARNING]   404 — file not on NSE (holiday or wrong date)
2026-08-05 15:10:47,976 [INFO] 
-- 6/6  SME --
2026-08-05 15:10:47,976 [INFO]   [1/3] GET https://archives.nseindia.com/content/historical/EQUITIES/2026/AUG/SME05AUG2026BHAV.csv.zip
2026-08-05 15:10:48,315 [WARNING]   404 — file not on NSE (holiday or wrong date)
2026-08-05 15:10:48,316 [INFO]   [1/3] GET https://nsearchives.nseindia.com/content/cm/BhavCopy_NSE_SME_0_0_0_20260805_F_0000.csv.zip
2026-08-05 15:10:48,650 [WARNING]   404 — file not on NSE (holiday or wrong date)
2026-08-05 15:10:48,650 [INFO] 
-- MANIFEST --
2026-08-05 15:10:48,669 [INFO]   Manifest + summary updated.
2026-08-05 15:10:48,669 [INFO] 
============================================================
2026-08-05 15:10:48,669 [INFO]   OK  equity
2026-08-05 15:10:48,669 [INFO]   OK  fo
2026-08-05 15:10:48,669 [INFO]   OK  index
2026-08-05 15:10:48,669 [INFO]   FAIL  delivery
2026-08-05 15:10:48,669 [INFO]   FAIL  corporate_actions
2026-08-05 15:10:48,669 [INFO]   FAIL  sme
2026-08-05 15:10:48,669 [INFO] ============================================================
