2026-04-22 16:41:48,371 [INFO] ============================================================
2026-04-22 16:41:48,371 [INFO]   NSE Fetcher v2 (Cloudflare-proof) -- 2026-04-22
2026-04-22 16:41:48,371 [INFO] ============================================================
2026-04-22 16:41:48,511 [INFO]   HTTP engine: curl_cffi
2026-04-22 16:41:49,026 [INFO]   Warm-up https://www.nseindia.com -> 200
2026-04-22 16:41:51,133 [INFO]   Warm-up market-data -> 200
2026-04-22 16:41:51,708 [INFO]   Session engine: curl_cffi
2026-04-22 16:41:51,941 [INFO] 
-- 1/6  EQUITY --
2026-04-22 16:41:51,941 [INFO]   [1/3] GET https://archives.nseindia.com/content/historical/EQUITIES/2026/APR/cm22APR2026bhav.csv.zip
2026-04-22 16:41:52,379 [WARNING]   404 — file not on NSE (holiday or wrong date)
2026-04-22 16:41:52,379 [INFO]   [1/3] GET https://archives.nseindia.com/archives/equities/bhavcopy/cm22APR2026.csv.zip
2026-04-22 16:41:52,700 [WARNING]   404 — file not on NSE (holiday or wrong date)
2026-04-22 16:41:52,700 [INFO]   [1/3] GET https://nsearchives.nseindia.com/content/cm/BhavCopy_NSE_CM_0_0_0_20260422_F_0000.csv.zip
2026-04-22 16:41:54,027 [INFO]   OK 191,315 bytes
2026-04-22 16:41:54,044 [INFO]   Extracted 'BhavCopy_NSE_CM_0_0_0_20260422_F_0000.csv': 3,402 rows x 34 cols
2026-04-22 16:41:54,109 [INFO]   Saved -> data/equity/2026/04/2026-04-22.csv
2026-04-22 16:41:54,109 [INFO] 
-- 2/6  F&O --
2026-04-22 16:41:54,110 [INFO]   [1/3] GET https://archives.nseindia.com/content/historical/DERIVATIVES/2026/APR/fo22APR2026bhav.csv.zip
2026-04-22 16:41:54,437 [WARNING]   404 — file not on NSE (holiday or wrong date)
2026-04-22 16:41:54,437 [INFO]   [1/3] GET https://archives.nseindia.com/archives/derivatives/bhavcopy/fo22APR2026.csv.zip
2026-04-22 16:41:54,758 [WARNING]   404 — file not on NSE (holiday or wrong date)
2026-04-22 16:41:54,758 [INFO]   [1/3] GET https://nsearchives.nseindia.com/content/fo/BhavCopy_NSE_FO_0_0_0_20260422_F_0000.csv.zip
2026-04-22 16:41:55,258 [INFO]   OK 1,563,834 bytes
2026-04-22 16:41:55,387 [INFO]   Extracted 'BhavCopy_NSE_FO_0_0_0_20260422_F_0000.csv': 49,841 rows x 34 cols
2026-04-22 16:41:56,227 [INFO]   Saved -> data/fo/2026/04/2026-04-22.csv
2026-04-22 16:41:56,231 [INFO] 
-- 3/6  INDEX --
2026-04-22 16:41:56,232 [INFO]   [1/3] GET https://archives.nseindia.com/content/indices/ind_close_all_22042026.csv
2026-04-22 16:41:56,588 [INFO]   OK 15,677 bytes
2026-04-22 16:41:56,593 [INFO]   Saved -> data/index/2026/04/2026-04-22.csv
2026-04-22 16:41:56,593 [INFO] 
-- 4/6  DELIVERY --
2026-04-22 16:41:56,593 [INFO]   [1/3] GET https://archives.nseindia.com/archives/equities/mto/MTO_22042026.DAT
2026-04-22 16:41:57,030 [INFO]   OK 120,745 bytes
2026-04-22 16:41:57,035 [INFO]   [1/3] GET https://archives.nseindia.com/archives/equities/bhavcopy/sec_bhavdata22APR2026.csv
2026-04-22 16:41:57,388 [WARNING]   404 — file not on NSE (holiday or wrong date)
2026-04-22 16:41:57,388 [INFO] 
-- 5/6  CORPORATE ACTIONS --
2026-04-22 16:41:57,388 [INFO]   [1/3] GET https://www.nseindia.com/corporates/shownCorporateActions?index=equities&from_date=15-04-2026&to_date=22-04-2026
2026-04-22 16:41:57,687 [WARNING]   404 — file not on NSE (holiday or wrong date)
2026-04-22 16:41:57,687 [INFO] 
-- 6/6  SME --
2026-04-22 16:41:57,687 [INFO]   [1/3] GET https://archives.nseindia.com/content/historical/EQUITIES/2026/APR/SME22APR2026BHAV.csv.zip
2026-04-22 16:41:58,007 [WARNING]   404 — file not on NSE (holiday or wrong date)
2026-04-22 16:41:58,008 [INFO]   [1/3] GET https://nsearchives.nseindia.com/content/cm/BhavCopy_NSE_SME_0_0_0_20260422_F_0000.csv.zip
2026-04-22 16:41:58,567 [WARNING]   404 — file not on NSE (holiday or wrong date)
2026-04-22 16:41:58,567 [INFO] 
-- MANIFEST --
2026-04-22 16:41:58,590 [INFO]   Manifest + summary updated.
2026-04-22 16:41:58,591 [INFO] 
============================================================
2026-04-22 16:41:58,591 [INFO]   OK  equity
2026-04-22 16:41:58,591 [INFO]   OK  fo
2026-04-22 16:41:58,591 [INFO]   OK  index
2026-04-22 16:41:58,591 [INFO]   FAIL  delivery
2026-04-22 16:41:58,591 [INFO]   FAIL  corporate_actions
2026-04-22 16:41:58,591 [INFO]   FAIL  sme
2026-04-22 16:41:58,591 [INFO] ============================================================
