2026-09-11 16:40:04,126 [INFO] ============================================================
2026-09-11 16:40:04,126 [INFO]   NSE Fetcher v2 (Cloudflare-proof) -- 2026-09-11
2026-09-11 16:40:04,126 [INFO] ============================================================
2026-09-11 16:40:04,268 [INFO]   HTTP engine: curl_cffi
2026-09-11 16:40:06,419 [INFO]   Warm-up https://www.nseindia.com -> 200
2026-09-11 16:40:08,990 [INFO]   Warm-up market-data -> 200
2026-09-11 16:40:09,632 [INFO]   Session engine: curl_cffi
2026-09-11 16:40:10,709 [INFO] 
-- 1/6  EQUITY --
2026-09-11 16:40:10,709 [INFO]   [1/3] GET https://archives.nseindia.com/content/historical/EQUITIES/2026/SEP/cm11SEP2026bhav.csv.zip
2026-09-11 16:40:13,127 [WARNING]   404 — file not on NSE (holiday or wrong date)
2026-09-11 16:40:13,128 [INFO]   [1/3] GET https://archives.nseindia.com/archives/equities/bhavcopy/cm11SEP2026.csv.zip
2026-09-11 16:40:14,770 [WARNING]   404 — file not on NSE (holiday or wrong date)
2026-09-11 16:40:14,770 [INFO]   [1/3] GET https://nsearchives.nseindia.com/content/cm/BhavCopy_NSE_CM_0_0_0_20260911_F_0000.csv.zip
2026-09-11 16:40:15,103 [INFO]   OK 204,525 bytes
2026-09-11 16:40:15,119 [INFO]   Extracted 'BhavCopy_NSE_CM_0_0_0_20260911_F_0000.csv': 3,646 rows x 34 cols
2026-09-11 16:40:15,185 [INFO]   Saved -> data/equity/2026/09/2026-09-11.csv
2026-09-11 16:40:15,186 [INFO] 
-- 2/6  F&O --
2026-09-11 16:40:15,186 [INFO]   [1/3] GET https://archives.nseindia.com/content/historical/DERIVATIVES/2026/SEP/fo11SEP2026bhav.csv.zip
2026-09-11 16:40:16,752 [WARNING]   404 — file not on NSE (holiday or wrong date)
2026-09-11 16:40:16,753 [INFO]   [1/3] GET https://archives.nseindia.com/archives/derivatives/bhavcopy/fo11SEP2026.csv.zip
2026-09-11 16:40:17,857 [WARNING]   404 — file not on NSE (holiday or wrong date)
2026-09-11 16:40:17,858 [INFO]   [1/3] GET https://nsearchives.nseindia.com/content/fo/BhavCopy_NSE_FO_0_0_0_20260911_F_0000.csv.zip
2026-09-11 16:40:18,159 [INFO]   OK 1,071,973 bytes
2026-09-11 16:40:18,244 [INFO]   Extracted 'BhavCopy_NSE_FO_0_0_0_20260911_F_0000.csv': 34,088 rows x 34 cols
2026-09-11 16:40:18,792 [INFO]   Saved -> data/fo/2026/09/2026-09-11.csv
2026-09-11 16:40:18,796 [INFO] 
-- 3/6  INDEX --
2026-09-11 16:40:18,796 [INFO]   [1/3] GET https://archives.nseindia.com/content/indices/ind_close_all_11092026.csv
2026-09-11 16:40:20,155 [INFO]   OK 15,750 bytes
2026-09-11 16:40:20,159 [INFO]   Saved -> data/index/2026/09/2026-09-11.csv
2026-09-11 16:40:20,159 [INFO] 
-- 4/6  DELIVERY --
2026-09-11 16:40:20,159 [INFO]   [1/3] GET https://archives.nseindia.com/archives/equities/mto/MTO_11092026.DAT
2026-09-11 16:40:21,571 [INFO]   OK 124,392 bytes
2026-09-11 16:40:21,576 [INFO]   [1/3] GET https://archives.nseindia.com/archives/equities/bhavcopy/sec_bhavdata11SEP2026.csv
2026-09-11 16:40:22,808 [WARNING]   404 — file not on NSE (holiday or wrong date)
2026-09-11 16:40:22,808 [INFO] 
-- 5/6  CORPORATE ACTIONS --
2026-09-11 16:40:22,808 [INFO]   [1/3] GET https://www.nseindia.com/corporates/shownCorporateActions?index=equities&from_date=04-09-2026&to_date=11-09-2026
2026-09-11 16:40:25,194 [WARNING]   404 — file not on NSE (holiday or wrong date)
2026-09-11 16:40:25,194 [INFO] 
-- 6/6  SME --
2026-09-11 16:40:25,194 [INFO]   [1/3] GET https://archives.nseindia.com/content/historical/EQUITIES/2026/SEP/SME11SEP2026BHAV.csv.zip
2026-09-11 16:40:26,483 [WARNING]   404 — file not on NSE (holiday or wrong date)
2026-09-11 16:40:26,483 [INFO]   [1/3] GET https://nsearchives.nseindia.com/content/cm/BhavCopy_NSE_SME_0_0_0_20260911_F_0000.csv.zip
2026-09-11 16:40:26,748 [WARNING]   404 — file not on NSE (holiday or wrong date)
2026-09-11 16:40:26,748 [INFO] 
-- MANIFEST --
2026-09-11 16:40:26,767 [INFO]   Manifest + summary updated.
2026-09-11 16:40:26,767 [INFO] 
============================================================
2026-09-11 16:40:26,767 [INFO]   OK  equity
2026-09-11 16:40:26,767 [INFO]   OK  fo
2026-09-11 16:40:26,767 [INFO]   OK  index
2026-09-11 16:40:26,768 [INFO]   FAIL  delivery
2026-09-11 16:40:26,768 [INFO]   FAIL  corporate_actions
2026-09-11 16:40:26,768 [INFO]   FAIL  sme
2026-09-11 16:40:26,768 [INFO] ============================================================
2026-09-11 18:42:24,527 [INFO] ============================================================
2026-09-11 18:42:24,527 [INFO]   NSE Fetcher v2 (Cloudflare-proof) -- 2026-09-12
2026-09-11 18:42:24,527 [INFO] ============================================================
2026-09-11 18:42:24,527 [INFO]   Weekend -- nothing to fetch. (Use skip_holidays=true to override)
