2026-06-19 15:48:07,844 [INFO] ============================================================
2026-06-19 15:48:07,844 [INFO]   NSE Fetcher v2 (Cloudflare-proof) -- 2026-06-19
2026-06-19 15:48:07,844 [INFO] ============================================================
2026-06-19 15:48:07,909 [INFO]   HTTP engine: curl_cffi
2026-06-19 15:48:08,231 [INFO]   Warm-up https://www.nseindia.com -> 200
2026-06-19 15:48:09,963 [INFO]   Warm-up market-data -> 200
2026-06-19 15:48:10,963 [INFO]   Session engine: curl_cffi
2026-06-19 15:48:11,133 [INFO] 
-- 1/6  EQUITY --
2026-06-19 15:48:11,133 [INFO]   [1/3] GET https://archives.nseindia.com/content/historical/EQUITIES/2026/JUN/cm19JUN2026bhav.csv.zip
2026-06-19 15:48:11,557 [WARNING]   404 — file not on NSE (holiday or wrong date)
2026-06-19 15:48:11,558 [INFO]   [1/3] GET https://archives.nseindia.com/archives/equities/bhavcopy/cm19JUN2026.csv.zip
2026-06-19 15:48:11,926 [WARNING]   404 — file not on NSE (holiday or wrong date)
2026-06-19 15:48:11,926 [INFO]   [1/3] GET https://nsearchives.nseindia.com/content/cm/BhavCopy_NSE_CM_0_0_0_20260619_F_0000.csv.zip
2026-06-19 15:48:12,455 [INFO]   OK 191,944 bytes
2026-06-19 15:48:12,471 [INFO]   Extracted 'BhavCopy_NSE_CM_0_0_0_20260619_F_0000.csv': 3,403 rows x 34 cols
2026-06-19 15:48:12,531 [INFO]   Saved -> data/equity/2026/06/2026-06-19.csv
2026-06-19 15:48:12,532 [INFO] 
-- 2/6  F&O --
2026-06-19 15:48:12,532 [INFO]   [1/3] GET https://archives.nseindia.com/content/historical/DERIVATIVES/2026/JUN/fo19JUN2026bhav.csv.zip
2026-06-19 15:48:12,968 [WARNING]   404 — file not on NSE (holiday or wrong date)
2026-06-19 15:48:12,968 [INFO]   [1/3] GET https://archives.nseindia.com/archives/derivatives/bhavcopy/fo19JUN2026.csv.zip
2026-06-19 15:48:13,267 [WARNING]   404 — file not on NSE (holiday or wrong date)
2026-06-19 15:48:13,267 [INFO]   [1/3] GET https://nsearchives.nseindia.com/content/fo/BhavCopy_NSE_FO_0_0_0_20260619_F_0000.csv.zip
2026-06-19 15:48:13,969 [INFO]   OK 1,400,952 bytes
2026-06-19 15:48:14,100 [INFO]   Extracted 'BhavCopy_NSE_FO_0_0_0_20260619_F_0000.csv': 45,252 rows x 34 cols
2026-06-19 15:48:14,818 [INFO]   Saved -> data/fo/2026/06/2026-06-19.csv
2026-06-19 15:48:14,821 [INFO] 
-- 3/6  INDEX --
2026-06-19 15:48:14,821 [INFO]   [1/3] GET https://archives.nseindia.com/content/indices/ind_close_all_19062026.csv
2026-06-19 15:48:15,162 [INFO]   OK 15,743 bytes
2026-06-19 15:48:15,166 [INFO]   Saved -> data/index/2026/06/2026-06-19.csv
2026-06-19 15:48:15,166 [INFO] 
-- 4/6  DELIVERY --
2026-06-19 15:48:15,166 [INFO]   [1/3] GET https://archives.nseindia.com/archives/equities/mto/MTO_19062026.DAT
2026-06-19 15:48:16,080 [INFO]   OK 117,186 bytes
2026-06-19 15:48:16,086 [INFO]   [1/3] GET https://archives.nseindia.com/archives/equities/bhavcopy/sec_bhavdata19JUN2026.csv
2026-06-19 15:48:16,370 [WARNING]   404 — file not on NSE (holiday or wrong date)
2026-06-19 15:48:16,370 [INFO] 
-- 5/6  CORPORATE ACTIONS --
2026-06-19 15:48:16,370 [INFO]   [1/3] GET https://www.nseindia.com/corporates/shownCorporateActions?index=equities&from_date=12-06-2026&to_date=19-06-2026
2026-06-19 15:48:16,668 [WARNING]   404 — file not on NSE (holiday or wrong date)
2026-06-19 15:48:16,668 [INFO] 
-- 6/6  SME --
2026-06-19 15:48:16,668 [INFO]   [1/3] GET https://archives.nseindia.com/content/historical/EQUITIES/2026/JUN/SME19JUN2026BHAV.csv.zip
2026-06-19 15:48:16,976 [WARNING]   404 — file not on NSE (holiday or wrong date)
2026-06-19 15:48:16,976 [INFO]   [1/3] GET https://nsearchives.nseindia.com/content/cm/BhavCopy_NSE_SME_0_0_0_20260619_F_0000.csv.zip
2026-06-19 15:48:17,464 [WARNING]   404 — file not on NSE (holiday or wrong date)
2026-06-19 15:48:17,464 [INFO] 
-- MANIFEST --
2026-06-19 15:48:17,483 [INFO]   Manifest + summary updated.
2026-06-19 15:48:17,484 [INFO] 
============================================================
2026-06-19 15:48:17,484 [INFO]   OK  equity
2026-06-19 15:48:17,484 [INFO]   OK  fo
2026-06-19 15:48:17,484 [INFO]   OK  index
2026-06-19 15:48:17,484 [INFO]   FAIL  delivery
2026-06-19 15:48:17,484 [INFO]   FAIL  corporate_actions
2026-06-19 15:48:17,484 [INFO]   FAIL  sme
2026-06-19 15:48:17,484 [INFO] ============================================================
