2026-05-04 13:56:07,472 [INFO] ============================================================
2026-05-04 13:56:07,472 [INFO]   NSE Fetcher v2 (Cloudflare-proof) -- 2026-05-04
2026-05-04 13:56:07,472 [INFO] ============================================================
2026-05-04 13:56:07,541 [INFO]   HTTP engine: curl_cffi
2026-05-04 13:56:10,644 [INFO]   Warm-up https://www.nseindia.com -> 200
2026-05-04 13:56:13,160 [INFO]   Warm-up market-data -> 200
2026-05-04 13:56:13,824 [INFO]   Session engine: curl_cffi
2026-05-04 13:56:14,046 [INFO] 
-- 1/6  EQUITY --
2026-05-04 13:56:14,046 [INFO]   [1/3] GET https://archives.nseindia.com/content/historical/EQUITIES/2026/MAY/cm04MAY2026bhav.csv.zip
2026-05-04 13:56:14,887 [WARNING]   404 — file not on NSE (holiday or wrong date)
2026-05-04 13:56:14,887 [INFO]   [1/3] GET https://archives.nseindia.com/archives/equities/bhavcopy/cm04MAY2026.csv.zip
2026-05-04 13:56:15,218 [WARNING]   404 — file not on NSE (holiday or wrong date)
2026-05-04 13:56:15,218 [INFO]   [1/3] GET https://nsearchives.nseindia.com/content/cm/BhavCopy_NSE_CM_0_0_0_20260504_F_0000.csv.zip
2026-05-04 13:56:15,734 [INFO]   OK 192,957 bytes
2026-05-04 13:56:15,750 [INFO]   Extracted 'BhavCopy_NSE_CM_0_0_0_20260504_F_0000.csv': 3,435 rows x 34 cols
2026-05-04 13:56:15,812 [INFO]   Saved -> data/equity/2026/05/2026-05-04.csv
2026-05-04 13:56:15,812 [INFO] 
-- 2/6  F&O --
2026-05-04 13:56:15,812 [INFO]   [1/3] GET https://archives.nseindia.com/content/historical/DERIVATIVES/2026/MAY/fo04MAY2026bhav.csv.zip
2026-05-04 13:56:16,126 [WARNING]   404 — file not on NSE (holiday or wrong date)
2026-05-04 13:56:16,126 [INFO]   [1/3] GET https://archives.nseindia.com/archives/derivatives/bhavcopy/fo04MAY2026.csv.zip
2026-05-04 13:56:16,424 [WARNING]   404 — file not on NSE (holiday or wrong date)
2026-05-04 13:56:16,425 [INFO]   [1/3] GET https://nsearchives.nseindia.com/content/fo/BhavCopy_NSE_FO_0_0_0_20260504_F_0000.csv.zip
2026-05-04 13:56:18,509 [INFO]   OK 1,164,659 bytes
2026-05-04 13:56:18,599 [INFO]   Extracted 'BhavCopy_NSE_FO_0_0_0_20260504_F_0000.csv': 37,817 rows x 34 cols
2026-05-04 13:56:19,200 [INFO]   Saved -> data/fo/2026/05/2026-05-04.csv
2026-05-04 13:56:19,203 [INFO] 
-- 3/6  INDEX --
2026-05-04 13:56:19,203 [INFO]   [1/3] GET https://archives.nseindia.com/content/indices/ind_close_all_04052026.csv
2026-05-04 13:56:19,554 [INFO]   OK 15,163 bytes
2026-05-04 13:56:19,558 [INFO]   Saved -> data/index/2026/05/2026-05-04.csv
2026-05-04 13:56:19,558 [INFO] 
-- 4/6  DELIVERY --
2026-05-04 13:56:19,558 [INFO]   [1/3] GET https://archives.nseindia.com/archives/equities/mto/MTO_04052026.DAT
2026-05-04 13:56:20,313 [INFO]   OK 119,367 bytes
2026-05-04 13:56:20,317 [INFO]   [1/3] GET https://archives.nseindia.com/archives/equities/bhavcopy/sec_bhavdata04MAY2026.csv
2026-05-04 13:56:20,654 [WARNING]   404 — file not on NSE (holiday or wrong date)
2026-05-04 13:56:20,654 [INFO] 
-- 5/6  CORPORATE ACTIONS --
2026-05-04 13:56:20,654 [INFO]   [1/3] GET https://www.nseindia.com/corporates/shownCorporateActions?index=equities&from_date=27-04-2026&to_date=04-05-2026
2026-05-04 13:56:20,973 [WARNING]   404 — file not on NSE (holiday or wrong date)
2026-05-04 13:56:20,973 [INFO] 
-- 6/6  SME --
2026-05-04 13:56:20,973 [INFO]   [1/3] GET https://archives.nseindia.com/content/historical/EQUITIES/2026/MAY/SME04MAY2026BHAV.csv.zip
2026-05-04 13:56:21,288 [WARNING]   404 — file not on NSE (holiday or wrong date)
2026-05-04 13:56:21,289 [INFO]   [1/3] GET https://nsearchives.nseindia.com/content/cm/BhavCopy_NSE_SME_0_0_0_20260504_F_0000.csv.zip
2026-05-04 13:56:21,802 [WARNING]   404 — file not on NSE (holiday or wrong date)
2026-05-04 13:56:21,803 [INFO] 
-- MANIFEST --
2026-05-04 13:56:21,820 [INFO]   Manifest + summary updated.
2026-05-04 13:56:21,820 [INFO] 
============================================================
2026-05-04 13:56:21,820 [INFO]   OK  equity
2026-05-04 13:56:21,820 [INFO]   OK  fo
2026-05-04 13:56:21,820 [INFO]   OK  index
2026-05-04 13:56:21,820 [INFO]   FAIL  delivery
2026-05-04 13:56:21,820 [INFO]   FAIL  corporate_actions
2026-05-04 13:56:21,820 [INFO]   FAIL  sme
2026-05-04 13:56:21,820 [INFO] ============================================================
