2026-06-17 16:11:19,755 [INFO] ============================================================
2026-06-17 16:11:19,756 [INFO]   NSE Fetcher v2 (Cloudflare-proof) -- 2026-06-17
2026-06-17 16:11:19,756 [INFO] ============================================================
2026-06-17 16:11:19,900 [INFO]   HTTP engine: curl_cffi
2026-06-17 16:11:20,023 [INFO]   Warm-up https://www.nseindia.com -> 200
2026-06-17 16:11:21,606 [INFO]   Warm-up market-data -> 200
2026-06-17 16:11:22,553 [INFO]   Session engine: curl_cffi
2026-06-17 16:11:22,663 [INFO] 
-- 1/6  EQUITY --
2026-06-17 16:11:22,663 [INFO]   [1/3] GET https://archives.nseindia.com/content/historical/EQUITIES/2026/JUN/cm17JUN2026bhav.csv.zip
2026-06-17 16:11:22,931 [WARNING]   404 — file not on NSE (holiday or wrong date)
2026-06-17 16:11:22,931 [INFO]   [1/3] GET https://archives.nseindia.com/archives/equities/bhavcopy/cm17JUN2026.csv.zip
2026-06-17 16:11:23,192 [WARNING]   404 — file not on NSE (holiday or wrong date)
2026-06-17 16:11:23,192 [INFO]   [1/3] GET https://nsearchives.nseindia.com/content/cm/BhavCopy_NSE_CM_0_0_0_20260617_F_0000.csv.zip
2026-06-17 16:11:23,503 [INFO]   OK 192,928 bytes
2026-06-17 16:11:23,519 [INFO]   Extracted 'BhavCopy_NSE_CM_0_0_0_20260617_F_0000.csv': 3,434 rows x 34 cols
2026-06-17 16:11:23,581 [INFO]   Saved -> data/equity/2026/06/2026-06-17.csv
2026-06-17 16:11:23,581 [INFO] 
-- 2/6  F&O --
2026-06-17 16:11:23,581 [INFO]   [1/3] GET https://archives.nseindia.com/content/historical/DERIVATIVES/2026/JUN/fo17JUN2026bhav.csv.zip
2026-06-17 16:11:23,833 [WARNING]   404 — file not on NSE (holiday or wrong date)
2026-06-17 16:11:23,834 [INFO]   [1/3] GET https://archives.nseindia.com/archives/derivatives/bhavcopy/fo17JUN2026.csv.zip
2026-06-17 16:11:24,104 [WARNING]   404 — file not on NSE (holiday or wrong date)
2026-06-17 16:11:24,104 [INFO]   [1/3] GET https://nsearchives.nseindia.com/content/fo/BhavCopy_NSE_FO_0_0_0_20260617_F_0000.csv.zip
2026-06-17 16:11:24,577 [INFO]   OK 1,374,595 bytes
2026-06-17 16:11:24,682 [INFO]   Extracted 'BhavCopy_NSE_FO_0_0_0_20260617_F_0000.csv': 44,507 rows x 34 cols
2026-06-17 16:11:25,395 [INFO]   Saved -> data/fo/2026/06/2026-06-17.csv
2026-06-17 16:11:25,398 [INFO] 
-- 3/6  INDEX --
2026-06-17 16:11:25,398 [INFO]   [1/3] GET https://archives.nseindia.com/content/indices/ind_close_all_17062026.csv
2026-06-17 16:11:25,657 [INFO]   OK 15,630 bytes
2026-06-17 16:11:25,661 [INFO]   Saved -> data/index/2026/06/2026-06-17.csv
2026-06-17 16:11:25,661 [INFO] 
-- 4/6  DELIVERY --
2026-06-17 16:11:25,661 [INFO]   [1/3] GET https://archives.nseindia.com/archives/equities/mto/MTO_17062026.DAT
2026-06-17 16:11:25,964 [INFO]   OK 118,608 bytes
2026-06-17 16:11:25,969 [INFO]   [1/3] GET https://archives.nseindia.com/archives/equities/bhavcopy/sec_bhavdata17JUN2026.csv
2026-06-17 16:11:26,225 [WARNING]   404 — file not on NSE (holiday or wrong date)
2026-06-17 16:11:26,225 [INFO] 
-- 5/6  CORPORATE ACTIONS --
2026-06-17 16:11:26,225 [INFO]   [1/3] GET https://www.nseindia.com/corporates/shownCorporateActions?index=equities&from_date=10-06-2026&to_date=17-06-2026
2026-06-17 16:11:26,540 [WARNING]   404 — file not on NSE (holiday or wrong date)
2026-06-17 16:11:26,540 [INFO] 
-- 6/6  SME --
2026-06-17 16:11:26,540 [INFO]   [1/3] GET https://archives.nseindia.com/content/historical/EQUITIES/2026/JUN/SME17JUN2026BHAV.csv.zip
2026-06-17 16:11:26,810 [WARNING]   404 — file not on NSE (holiday or wrong date)
2026-06-17 16:11:26,810 [INFO]   [1/3] GET https://nsearchives.nseindia.com/content/cm/BhavCopy_NSE_SME_0_0_0_20260617_F_0000.csv.zip
2026-06-17 16:11:27,103 [WARNING]   404 — file not on NSE (holiday or wrong date)
2026-06-17 16:11:27,103 [INFO] 
-- MANIFEST --
2026-06-17 16:11:27,121 [INFO]   Manifest + summary updated.
2026-06-17 16:11:27,121 [INFO] 
============================================================
2026-06-17 16:11:27,121 [INFO]   OK  equity
2026-06-17 16:11:27,121 [INFO]   OK  fo
2026-06-17 16:11:27,121 [INFO]   OK  index
2026-06-17 16:11:27,121 [INFO]   FAIL  delivery
2026-06-17 16:11:27,121 [INFO]   FAIL  corporate_actions
2026-06-17 16:11:27,121 [INFO]   FAIL  sme
2026-06-17 16:11:27,122 [INFO] ============================================================
