2026-06-24 15:17:42,043 [INFO] ============================================================
2026-06-24 15:17:42,043 [INFO]   NSE Fetcher v2 (Cloudflare-proof) -- 2026-06-24
2026-06-24 15:17:42,043 [INFO] ============================================================
2026-06-24 15:17:42,113 [INFO]   HTTP engine: curl_cffi
2026-06-24 15:17:42,209 [INFO]   Warm-up https://www.nseindia.com -> 200
2026-06-24 15:17:43,563 [INFO]   Warm-up market-data -> 200
2026-06-24 15:17:44,219 [INFO]   Session engine: curl_cffi
2026-06-24 15:17:44,359 [INFO] 
-- 1/6  EQUITY --
2026-06-24 15:17:44,359 [INFO]   [1/3] GET https://archives.nseindia.com/content/historical/EQUITIES/2026/JUN/cm24JUN2026bhav.csv.zip
2026-06-24 15:17:44,789 [WARNING]   404 — file not on NSE (holiday or wrong date)
2026-06-24 15:17:44,789 [INFO]   [1/3] GET https://archives.nseindia.com/archives/equities/bhavcopy/cm24JUN2026.csv.zip
2026-06-24 15:17:45,131 [WARNING]   404 — file not on NSE (holiday or wrong date)
2026-06-24 15:17:45,131 [INFO]   [1/3] GET https://nsearchives.nseindia.com/content/cm/BhavCopy_NSE_CM_0_0_0_20260624_F_0000.csv.zip
2026-06-24 15:17:45,174 [INFO]   OK 192,019 bytes
2026-06-24 15:17:45,190 [INFO]   Extracted 'BhavCopy_NSE_CM_0_0_0_20260624_F_0000.csv': 3,417 rows x 34 cols
2026-06-24 15:17:45,252 [INFO]   Saved -> data/equity/2026/06/2026-06-24.csv
2026-06-24 15:17:45,252 [INFO] 
-- 2/6  F&O --
2026-06-24 15:17:45,252 [INFO]   [1/3] GET https://archives.nseindia.com/content/historical/DERIVATIVES/2026/JUN/fo24JUN2026bhav.csv.zip
2026-06-24 15:17:45,703 [WARNING]   404 — file not on NSE (holiday or wrong date)
2026-06-24 15:17:45,703 [INFO]   [1/3] GET https://archives.nseindia.com/archives/derivatives/bhavcopy/fo24JUN2026.csv.zip
2026-06-24 15:17:45,995 [WARNING]   404 — file not on NSE (holiday or wrong date)
2026-06-24 15:17:45,995 [INFO]   [1/3] GET https://nsearchives.nseindia.com/content/fo/BhavCopy_NSE_FO_0_0_0_20260624_F_0000.csv.zip
2026-06-24 15:17:46,389 [INFO]   OK 1,466,422 bytes
2026-06-24 15:17:46,501 [INFO]   Extracted 'BhavCopy_NSE_FO_0_0_0_20260624_F_0000.csv': 45,931 rows x 34 cols
2026-06-24 15:17:47,232 [INFO]   Saved -> data/fo/2026/06/2026-06-24.csv
2026-06-24 15:17:47,236 [INFO] 
-- 3/6  INDEX --
2026-06-24 15:17:47,236 [INFO]   [1/3] GET https://archives.nseindia.com/content/indices/ind_close_all_24062026.csv
2026-06-24 15:17:47,571 [INFO]   OK 15,638 bytes
2026-06-24 15:17:47,575 [INFO]   Saved -> data/index/2026/06/2026-06-24.csv
2026-06-24 15:17:47,575 [INFO] 
-- 4/6  DELIVERY --
2026-06-24 15:17:47,575 [INFO]   [1/3] GET https://archives.nseindia.com/archives/equities/mto/MTO_24062026.DAT
2026-06-24 15:17:47,926 [INFO]   OK 116,483 bytes
2026-06-24 15:17:47,931 [INFO]   [1/3] GET https://archives.nseindia.com/archives/equities/bhavcopy/sec_bhavdata24JUN2026.csv
2026-06-24 15:17:48,264 [WARNING]   404 — file not on NSE (holiday or wrong date)
2026-06-24 15:17:48,264 [INFO] 
-- 5/6  CORPORATE ACTIONS --
2026-06-24 15:17:48,264 [INFO]   [1/3] GET https://www.nseindia.com/corporates/shownCorporateActions?index=equities&from_date=17-06-2026&to_date=24-06-2026
2026-06-24 15:17:48,777 [WARNING]   404 — file not on NSE (holiday or wrong date)
2026-06-24 15:17:48,778 [INFO] 
-- 6/6  SME --
2026-06-24 15:17:48,778 [INFO]   [1/3] GET https://archives.nseindia.com/content/historical/EQUITIES/2026/JUN/SME24JUN2026BHAV.csv.zip
2026-06-24 15:17:49,073 [WARNING]   404 — file not on NSE (holiday or wrong date)
2026-06-24 15:17:49,073 [INFO]   [1/3] GET https://nsearchives.nseindia.com/content/cm/BhavCopy_NSE_SME_0_0_0_20260624_F_0000.csv.zip
2026-06-24 15:17:49,303 [WARNING]   404 — file not on NSE (holiday or wrong date)
2026-06-24 15:17:49,303 [INFO] 
-- MANIFEST --
2026-06-24 15:17:49,321 [INFO]   Manifest + summary updated.
2026-06-24 15:17:49,321 [INFO] 
============================================================
2026-06-24 15:17:49,321 [INFO]   OK  equity
2026-06-24 15:17:49,321 [INFO]   OK  fo
2026-06-24 15:17:49,322 [INFO]   OK  index
2026-06-24 15:17:49,322 [INFO]   FAIL  delivery
2026-06-24 15:17:49,322 [INFO]   FAIL  corporate_actions
2026-06-24 15:17:49,322 [INFO]   FAIL  sme
2026-06-24 15:17:49,322 [INFO] ============================================================
