2026-05-18 16:03:45,241 [INFO] ============================================================
2026-05-18 16:03:45,241 [INFO]   NSE Fetcher v2 (Cloudflare-proof) -- 2026-05-18
2026-05-18 16:03:45,241 [INFO] ============================================================
2026-05-18 16:03:45,398 [INFO]   HTTP engine: curl_cffi
2026-05-18 16:03:45,818 [INFO]   Warm-up https://www.nseindia.com -> 200
2026-05-18 16:03:47,503 [INFO]   Warm-up market-data -> 200
2026-05-18 16:03:48,492 [INFO]   Session engine: curl_cffi
2026-05-18 16:03:48,650 [INFO] 
-- 1/6  EQUITY --
2026-05-18 16:03:48,650 [INFO]   [1/3] GET https://archives.nseindia.com/content/historical/EQUITIES/2026/MAY/cm18MAY2026bhav.csv.zip
2026-05-18 16:03:48,949 [WARNING]   404 — file not on NSE (holiday or wrong date)
2026-05-18 16:03:48,949 [INFO]   [1/3] GET https://archives.nseindia.com/archives/equities/bhavcopy/cm18MAY2026.csv.zip
2026-05-18 16:03:49,245 [WARNING]   404 — file not on NSE (holiday or wrong date)
2026-05-18 16:03:49,245 [INFO]   [1/3] GET https://nsearchives.nseindia.com/content/cm/BhavCopy_NSE_CM_0_0_0_20260518_F_0000.csv.zip
2026-05-18 16:03:49,735 [INFO]   OK 191,619 bytes
2026-05-18 16:03:49,748 [INFO]   Extracted 'BhavCopy_NSE_CM_0_0_0_20260518_F_0000.csv': 3,417 rows x 34 cols
2026-05-18 16:03:49,797 [INFO]   Saved -> data/equity/2026/05/2026-05-18.csv
2026-05-18 16:03:49,797 [INFO] 
-- 2/6  F&O --
2026-05-18 16:03:49,797 [INFO]   [1/3] GET https://archives.nseindia.com/content/historical/DERIVATIVES/2026/MAY/fo18MAY2026bhav.csv.zip
2026-05-18 16:03:50,160 [WARNING]   404 — file not on NSE (holiday or wrong date)
2026-05-18 16:03:50,160 [INFO]   [1/3] GET https://archives.nseindia.com/archives/derivatives/bhavcopy/fo18MAY2026.csv.zip
2026-05-18 16:03:50,531 [WARNING]   404 — file not on NSE (holiday or wrong date)
2026-05-18 16:03:50,531 [INFO]   [1/3] GET https://nsearchives.nseindia.com/content/fo/BhavCopy_NSE_FO_0_0_0_20260518_F_0000.csv.zip
2026-05-18 16:03:53,056 [INFO]   OK 1,415,523 bytes
2026-05-18 16:03:53,144 [INFO]   Extracted 'BhavCopy_NSE_FO_0_0_0_20260518_F_0000.csv': 44,852 rows x 34 cols
2026-05-18 16:03:53,691 [INFO]   Saved -> data/fo/2026/05/2026-05-18.csv
2026-05-18 16:03:53,694 [INFO] 
-- 3/6  INDEX --
2026-05-18 16:03:53,694 [INFO]   [1/3] GET https://archives.nseindia.com/content/indices/ind_close_all_18052026.csv
2026-05-18 16:03:53,983 [INFO]   OK 15,795 bytes
2026-05-18 16:03:53,986 [INFO]   Saved -> data/index/2026/05/2026-05-18.csv
2026-05-18 16:03:53,986 [INFO] 
-- 4/6  DELIVERY --
2026-05-18 16:03:53,986 [INFO]   [1/3] GET https://archives.nseindia.com/archives/equities/mto/MTO_18052026.DAT
2026-05-18 16:03:54,389 [INFO]   OK 117,377 bytes
2026-05-18 16:03:54,393 [INFO]   [1/3] GET https://archives.nseindia.com/archives/equities/bhavcopy/sec_bhavdata18MAY2026.csv
2026-05-18 16:03:54,700 [WARNING]   404 — file not on NSE (holiday or wrong date)
2026-05-18 16:03:54,700 [INFO] 
-- 5/6  CORPORATE ACTIONS --
2026-05-18 16:03:54,700 [INFO]   [1/3] GET https://www.nseindia.com/corporates/shownCorporateActions?index=equities&from_date=11-05-2026&to_date=18-05-2026
2026-05-18 16:03:55,068 [WARNING]   404 — file not on NSE (holiday or wrong date)
2026-05-18 16:03:55,068 [INFO] 
-- 6/6  SME --
2026-05-18 16:03:55,068 [INFO]   [1/3] GET https://archives.nseindia.com/content/historical/EQUITIES/2026/MAY/SME18MAY2026BHAV.csv.zip
2026-05-18 16:03:55,349 [WARNING]   404 — file not on NSE (holiday or wrong date)
2026-05-18 16:03:55,349 [INFO]   [1/3] GET https://nsearchives.nseindia.com/content/cm/BhavCopy_NSE_SME_0_0_0_20260518_F_0000.csv.zip
2026-05-18 16:03:55,640 [WARNING]   404 — file not on NSE (holiday or wrong date)
2026-05-18 16:03:55,640 [INFO] 
-- MANIFEST --
2026-05-18 16:03:55,654 [INFO]   Manifest + summary updated.
2026-05-18 16:03:55,654 [INFO] 
============================================================
2026-05-18 16:03:55,654 [INFO]   OK  equity
2026-05-18 16:03:55,654 [INFO]   OK  fo
2026-05-18 16:03:55,654 [INFO]   OK  index
2026-05-18 16:03:55,654 [INFO]   FAIL  delivery
2026-05-18 16:03:55,654 [INFO]   FAIL  corporate_actions
2026-05-18 16:03:55,654 [INFO]   FAIL  sme
2026-05-18 16:03:55,654 [INFO] ============================================================
