2026-06-12 15:47:23,062 [INFO] ============================================================
2026-06-12 15:47:23,062 [INFO]   NSE Fetcher v2 (Cloudflare-proof) -- 2026-06-12
2026-06-12 15:47:23,062 [INFO] ============================================================
2026-06-12 15:47:23,191 [INFO]   HTTP engine: curl_cffi
2026-06-12 15:47:23,575 [INFO]   Warm-up https://www.nseindia.com -> 200
2026-06-12 15:47:25,534 [INFO]   Warm-up market-data -> 200
2026-06-12 15:47:26,383 [INFO]   Session engine: curl_cffi
2026-06-12 15:47:26,515 [INFO] 
-- 1/6  EQUITY --
2026-06-12 15:47:26,515 [INFO]   [1/3] GET https://archives.nseindia.com/content/historical/EQUITIES/2026/JUN/cm12JUN2026bhav.csv.zip
2026-06-12 15:47:26,850 [WARNING]   404 — file not on NSE (holiday or wrong date)
2026-06-12 15:47:26,850 [INFO]   [1/3] GET https://archives.nseindia.com/archives/equities/bhavcopy/cm12JUN2026.csv.zip
2026-06-12 15:47:27,169 [WARNING]   404 — file not on NSE (holiday or wrong date)
2026-06-12 15:47:27,170 [INFO]   [1/3] GET https://nsearchives.nseindia.com/content/cm/BhavCopy_NSE_CM_0_0_0_20260612_F_0000.csv.zip
2026-06-12 15:47:27,577 [INFO]   OK 190,709 bytes
2026-06-12 15:47:27,593 [INFO]   Extracted 'BhavCopy_NSE_CM_0_0_0_20260612_F_0000.csv': 3,396 rows x 34 cols
2026-06-12 15:47:27,653 [INFO]   Saved -> data/equity/2026/06/2026-06-12.csv
2026-06-12 15:47:27,654 [INFO] 
-- 2/6  F&O --
2026-06-12 15:47:27,654 [INFO]   [1/3] GET https://archives.nseindia.com/content/historical/DERIVATIVES/2026/JUN/fo12JUN2026bhav.csv.zip
2026-06-12 15:47:28,015 [WARNING]   404 — file not on NSE (holiday or wrong date)
2026-06-12 15:47:28,015 [INFO]   [1/3] GET https://archives.nseindia.com/archives/derivatives/bhavcopy/fo12JUN2026.csv.zip
2026-06-12 15:47:28,322 [WARNING]   404 — file not on NSE (holiday or wrong date)
2026-06-12 15:47:28,322 [INFO]   [1/3] GET https://nsearchives.nseindia.com/content/fo/BhavCopy_NSE_FO_0_0_0_20260612_F_0000.csv.zip
2026-06-12 15:47:28,667 [INFO]   OK 1,321,994 bytes
2026-06-12 15:47:28,774 [INFO]   Extracted 'BhavCopy_NSE_FO_0_0_0_20260612_F_0000.csv': 42,881 rows x 34 cols
2026-06-12 15:47:29,452 [INFO]   Saved -> data/fo/2026/06/2026-06-12.csv
2026-06-12 15:47:29,456 [INFO] 
-- 3/6  INDEX --
2026-06-12 15:47:29,456 [INFO]   [1/3] GET https://archives.nseindia.com/content/indices/ind_close_all_12062026.csv
2026-06-12 15:47:29,754 [INFO]   OK 15,783 bytes
2026-06-12 15:47:29,758 [INFO]   Saved -> data/index/2026/06/2026-06-12.csv
2026-06-12 15:47:29,758 [INFO] 
-- 4/6  DELIVERY --
2026-06-12 15:47:29,758 [INFO]   [1/3] GET https://archives.nseindia.com/archives/equities/mto/MTO_12062026.DAT
2026-06-12 15:47:30,164 [INFO]   OK 117,340 bytes
2026-06-12 15:47:30,169 [INFO]   [1/3] GET https://archives.nseindia.com/archives/equities/bhavcopy/sec_bhavdata12JUN2026.csv
2026-06-12 15:47:30,487 [WARNING]   404 — file not on NSE (holiday or wrong date)
2026-06-12 15:47:30,487 [INFO] 
-- 5/6  CORPORATE ACTIONS --
2026-06-12 15:47:30,487 [INFO]   [1/3] GET https://www.nseindia.com/corporates/shownCorporateActions?index=equities&from_date=05-06-2026&to_date=12-06-2026
2026-06-12 15:48:30,488 [WARNING]   Error: Failed to perform, curl: (28) Operation timed out after 60001 milliseconds with 0 bytes received. See https://curl.se/libcurl/c/libcurl-errors.html first for more details.
2026-06-12 15:48:30,488 [INFO]   Sleeping 5.0s...
2026-06-12 15:48:35,532 [INFO]   [2/3] GET https://www.nseindia.com/corporates/shownCorporateActions?index=equities&from_date=05-06-2026&to_date=12-06-2026
2026-06-12 15:49:35,533 [WARNING]   Error: Failed to perform, curl: (28) Operation timed out after 60002 milliseconds with 0 bytes received. See https://curl.se/libcurl/c/libcurl-errors.html first for more details.
2026-06-12 15:49:35,534 [INFO]   Sleeping 8.1s...
2026-06-12 15:49:43,587 [INFO]   [3/3] GET https://www.nseindia.com/corporates/shownCorporateActions?index=equities&from_date=05-06-2026&to_date=12-06-2026
2026-06-12 15:50:43,590 [WARNING]   Error: Failed to perform, curl: (28) Operation timed out after 60002 milliseconds with 0 bytes received. See https://curl.se/libcurl/c/libcurl-errors.html first for more details.
2026-06-12 15:50:43,590 [INFO]   Sleeping 13.8s...
2026-06-12 15:50:57,414 [ERROR]   All 3 attempts failed
2026-06-12 15:50:57,414 [INFO] 
-- 6/6  SME --
2026-06-12 15:50:57,414 [INFO]   [1/3] GET https://archives.nseindia.com/content/historical/EQUITIES/2026/JUN/SME12JUN2026BHAV.csv.zip
2026-06-12 15:50:57,956 [WARNING]   404 — file not on NSE (holiday or wrong date)
2026-06-12 15:50:57,956 [INFO]   [1/3] GET https://nsearchives.nseindia.com/content/cm/BhavCopy_NSE_SME_0_0_0_20260612_F_0000.csv.zip
2026-06-12 15:51:57,958 [WARNING]   Error: Failed to perform, curl: (28) Operation timed out after 60002 milliseconds with 0 bytes received. See https://curl.se/libcurl/c/libcurl-errors.html first for more details.
2026-06-12 15:51:57,958 [INFO]   Sleeping 5.2s...
2026-06-12 15:52:03,129 [INFO]   [2/3] GET https://nsearchives.nseindia.com/content/cm/BhavCopy_NSE_SME_0_0_0_20260612_F_0000.csv.zip
2026-06-12 15:53:03,132 [WARNING]   Error: Failed to perform, curl: (28) Operation timed out after 60002 milliseconds with 0 bytes received. See https://curl.se/libcurl/c/libcurl-errors.html first for more details.
2026-06-12 15:53:03,132 [INFO]   Sleeping 9.6s...
2026-06-12 15:53:12,729 [INFO]   [3/3] GET https://nsearchives.nseindia.com/content/cm/BhavCopy_NSE_SME_0_0_0_20260612_F_0000.csv.zip
2026-06-12 15:54:12,730 [WARNING]   Error: Failed to perform, curl: (28) Operation timed out after 60002 milliseconds with 0 bytes received. See https://curl.se/libcurl/c/libcurl-errors.html first for more details.
2026-06-12 15:54:12,731 [INFO]   Sleeping 13.0s...
2026-06-12 15:54:25,729 [ERROR]   All 3 attempts failed
2026-06-12 15:54:25,729 [INFO] 
-- MANIFEST --
2026-06-12 15:54:25,747 [INFO]   Manifest + summary updated.
2026-06-12 15:54:25,747 [INFO] 
============================================================
2026-06-12 15:54:25,747 [INFO]   OK  equity
2026-06-12 15:54:25,747 [INFO]   OK  fo
2026-06-12 15:54:25,747 [INFO]   OK  index
2026-06-12 15:54:25,748 [INFO]   FAIL  delivery
2026-06-12 15:54:25,748 [INFO]   FAIL  corporate_actions
2026-06-12 15:54:25,748 [INFO]   FAIL  sme
2026-06-12 15:54:25,748 [INFO] ============================================================
