2026-07-14 14:23:08,505 [INFO] ============================================================
2026-07-14 14:23:08,505 [INFO]   NSE Fetcher v2 (Cloudflare-proof) -- 2026-07-14
2026-07-14 14:23:08,505 [INFO] ============================================================
2026-07-14 14:23:08,571 [INFO]   HTTP engine: curl_cffi
2026-07-14 14:23:08,688 [INFO]   Warm-up https://www.nseindia.com -> 200
2026-07-14 14:23:10,280 [INFO]   Warm-up market-data -> 200
2026-07-14 14:23:11,126 [INFO]   Session engine: curl_cffi
2026-07-14 14:23:11,179 [INFO] 
-- 1/6  EQUITY --
2026-07-14 14:23:11,179 [INFO]   [1/3] GET https://archives.nseindia.com/content/historical/EQUITIES/2026/JUL/cm14JUL2026bhav.csv.zip
2026-07-14 14:23:11,478 [WARNING]   404 — file not on NSE (holiday or wrong date)
2026-07-14 14:23:11,478 [INFO]   [1/3] GET https://archives.nseindia.com/archives/equities/bhavcopy/cm14JUL2026.csv.zip
2026-07-14 14:23:11,875 [WARNING]   404 — file not on NSE (holiday or wrong date)
2026-07-14 14:23:11,875 [INFO]   [1/3] GET https://nsearchives.nseindia.com/content/cm/BhavCopy_NSE_CM_0_0_0_20260714_F_0000.csv.zip
2026-07-14 14:23:12,104 [INFO]   OK 191,173 bytes
2026-07-14 14:23:12,120 [INFO]   Extracted 'BhavCopy_NSE_CM_0_0_0_20260714_F_0000.csv': 3,418 rows x 34 cols
2026-07-14 14:23:12,184 [INFO]   Saved -> data/equity/2026/07/2026-07-14.csv
2026-07-14 14:23:12,184 [INFO] 
-- 2/6  F&O --
2026-07-14 14:23:12,184 [INFO]   [1/3] GET https://archives.nseindia.com/content/historical/DERIVATIVES/2026/JUL/fo14JUL2026bhav.csv.zip
2026-07-14 14:23:12,493 [WARNING]   404 — file not on NSE (holiday or wrong date)
2026-07-14 14:23:12,493 [INFO]   [1/3] GET https://archives.nseindia.com/archives/derivatives/bhavcopy/fo14JUL2026.csv.zip
2026-07-14 14:23:12,828 [WARNING]   404 — file not on NSE (holiday or wrong date)
2026-07-14 14:23:12,828 [INFO]   [1/3] GET https://nsearchives.nseindia.com/content/fo/BhavCopy_NSE_FO_0_0_0_20260714_F_0000.csv.zip
2026-07-14 14:23:13,055 [WARNING]   404 — file not on NSE (holiday or wrong date)
2026-07-14 14:23:13,055 [INFO]   [1/3] GET https://nsearchives.nseindia.com/archives/derivatives/bhavcopy/fo14JUL2026.csv.zip
2026-07-14 14:23:13,531 [WARNING]   404 — file not on NSE (holiday or wrong date)
2026-07-14 14:23:13,531 [INFO] 
-- 3/6  INDEX --
2026-07-14 14:23:13,531 [INFO]   [1/3] GET https://archives.nseindia.com/content/indices/ind_close_all_14072026.csv
2026-07-14 14:23:13,995 [INFO]   OK 15,868 bytes
2026-07-14 14:23:14,000 [INFO]   Saved -> data/index/2026/07/2026-07-14.csv
2026-07-14 14:23:14,000 [INFO] 
-- 4/6  DELIVERY --
2026-07-14 14:23:14,000 [INFO]   [1/3] GET https://archives.nseindia.com/archives/equities/mto/MTO_14072026.DAT
2026-07-14 14:23:14,387 [INFO]   OK 115,188 bytes
2026-07-14 14:23:14,392 [INFO]   [1/3] GET https://archives.nseindia.com/archives/equities/bhavcopy/sec_bhavdata14JUL2026.csv
2026-07-14 14:23:14,719 [WARNING]   404 — file not on NSE (holiday or wrong date)
2026-07-14 14:23:14,719 [INFO] 
-- 5/6  CORPORATE ACTIONS --
2026-07-14 14:23:14,719 [INFO]   [1/3] GET https://www.nseindia.com/corporates/shownCorporateActions?index=equities&from_date=07-07-2026&to_date=14-07-2026
2026-07-14 14:23:15,098 [WARNING]   404 — file not on NSE (holiday or wrong date)
2026-07-14 14:23:15,098 [INFO] 
-- 6/6  SME --
2026-07-14 14:23:15,098 [INFO]   [1/3] GET https://archives.nseindia.com/content/historical/EQUITIES/2026/JUL/SME14JUL2026BHAV.csv.zip
2026-07-14 14:23:15,401 [WARNING]   404 — file not on NSE (holiday or wrong date)
2026-07-14 14:23:15,401 [INFO]   [1/3] GET https://nsearchives.nseindia.com/content/cm/BhavCopy_NSE_SME_0_0_0_20260714_F_0000.csv.zip
2026-07-14 14:23:15,717 [WARNING]   404 — file not on NSE (holiday or wrong date)
2026-07-14 14:23:15,717 [INFO] 
-- MANIFEST --
2026-07-14 14:23:15,736 [INFO]   Manifest + summary updated.
2026-07-14 14:23:15,737 [INFO] 
============================================================
2026-07-14 14:23:15,737 [INFO]   OK  equity
2026-07-14 14:23:15,737 [INFO]   FAIL  fo
2026-07-14 14:23:15,737 [INFO]   OK  index
2026-07-14 14:23:15,737 [INFO]   FAIL  delivery
2026-07-14 14:23:15,737 [INFO]   FAIL  corporate_actions
2026-07-14 14:23:15,737 [INFO]   FAIL  sme
2026-07-14 14:23:15,737 [INFO] ============================================================
