2026-08-24 13:42:33,120 [INFO] ============================================================
2026-08-24 13:42:33,121 [INFO]   NSE Fetcher v2 (Cloudflare-proof) -- 2026-08-24
2026-08-24 13:42:33,121 [INFO] ============================================================
2026-08-24 13:42:33,190 [INFO]   HTTP engine: curl_cffi
2026-08-24 13:42:33,589 [INFO]   Warm-up https://www.nseindia.com -> 200
2026-08-24 13:42:35,145 [INFO]   Warm-up market-data -> 200
2026-08-24 13:42:35,911 [INFO]   Session engine: curl_cffi
2026-08-24 13:42:36,041 [INFO] 
-- 1/6  EQUITY --
2026-08-24 13:42:36,041 [INFO]   [1/3] GET https://archives.nseindia.com/content/historical/EQUITIES/2026/AUG/cm24AUG2026bhav.csv.zip
2026-08-24 13:42:36,843 [WARNING]   404 — file not on NSE (holiday or wrong date)
2026-08-24 13:42:36,843 [INFO]   [1/3] GET https://archives.nseindia.com/archives/equities/bhavcopy/cm24AUG2026.csv.zip
2026-08-24 13:42:37,151 [WARNING]   404 — file not on NSE (holiday or wrong date)
2026-08-24 13:42:37,151 [INFO]   [1/3] GET https://nsearchives.nseindia.com/content/cm/BhavCopy_NSE_CM_0_0_0_20260824_F_0000.csv.zip
2026-08-24 13:42:37,711 [INFO]   OK 205,812 bytes
2026-08-24 13:42:37,728 [INFO]   Extracted 'BhavCopy_NSE_CM_0_0_0_20260824_F_0000.csv': 3,676 rows x 34 cols
2026-08-24 13:42:37,798 [INFO]   Saved -> data/equity/2026/08/2026-08-24.csv
2026-08-24 13:42:37,798 [INFO] 
-- 2/6  F&O --
2026-08-24 13:42:37,798 [INFO]   [1/3] GET https://archives.nseindia.com/content/historical/DERIVATIVES/2026/AUG/fo24AUG2026bhav.csv.zip
2026-08-24 13:42:38,081 [WARNING]   404 — file not on NSE (holiday or wrong date)
2026-08-24 13:42:38,081 [INFO]   [1/3] GET https://archives.nseindia.com/archives/derivatives/bhavcopy/fo24AUG2026.csv.zip
2026-08-24 13:42:38,426 [WARNING]   404 — file not on NSE (holiday or wrong date)
2026-08-24 13:42:38,426 [INFO]   [1/3] GET https://nsearchives.nseindia.com/content/fo/BhavCopy_NSE_FO_0_0_0_20260824_F_0000.csv.zip
2026-08-24 13:42:38,714 [WARNING]   404 — file not on NSE (holiday or wrong date)
2026-08-24 13:42:38,714 [INFO]   [1/3] GET https://nsearchives.nseindia.com/archives/derivatives/bhavcopy/fo24AUG2026.csv.zip
2026-08-24 13:42:39,056 [WARNING]   404 — file not on NSE (holiday or wrong date)
2026-08-24 13:42:39,057 [INFO] 
-- 3/6  INDEX --
2026-08-24 13:42:39,057 [INFO]   [1/3] GET https://archives.nseindia.com/content/indices/ind_close_all_24082026.csv
2026-08-24 13:42:39,543 [INFO]   OK 16,736 bytes
2026-08-24 13:42:39,547 [INFO]   Saved -> data/index/2026/08/2026-08-24.csv
2026-08-24 13:42:39,547 [INFO] 
-- 4/6  DELIVERY --
2026-08-24 13:42:39,547 [INFO]   [1/3] GET https://archives.nseindia.com/archives/equities/mto/MTO_24082026.DAT
2026-08-24 13:42:40,053 [INFO]   OK 127,407 bytes
2026-08-24 13:42:40,058 [INFO]   [1/3] GET https://archives.nseindia.com/archives/equities/bhavcopy/sec_bhavdata24AUG2026.csv
2026-08-24 13:42:40,365 [WARNING]   404 — file not on NSE (holiday or wrong date)
2026-08-24 13:42:40,365 [INFO] 
-- 5/6  CORPORATE ACTIONS --
2026-08-24 13:42:40,365 [INFO]   [1/3] GET https://www.nseindia.com/corporates/shownCorporateActions?index=equities&from_date=17-08-2026&to_date=24-08-2026
2026-08-24 13:42:40,671 [WARNING]   404 — file not on NSE (holiday or wrong date)
2026-08-24 13:42:40,671 [INFO] 
-- 6/6  SME --
2026-08-24 13:42:40,672 [INFO]   [1/3] GET https://archives.nseindia.com/content/historical/EQUITIES/2026/AUG/SME24AUG2026BHAV.csv.zip
2026-08-24 13:42:40,996 [WARNING]   404 — file not on NSE (holiday or wrong date)
2026-08-24 13:42:40,996 [INFO]   [1/3] GET https://nsearchives.nseindia.com/content/cm/BhavCopy_NSE_SME_0_0_0_20260824_F_0000.csv.zip
2026-08-24 13:42:41,344 [WARNING]   404 — file not on NSE (holiday or wrong date)
2026-08-24 13:42:41,344 [INFO] 
-- MANIFEST --
2026-08-24 13:42:41,364 [INFO]   Manifest + summary updated.
2026-08-24 13:42:41,364 [INFO] 
============================================================
2026-08-24 13:42:41,364 [INFO]   OK  equity
2026-08-24 13:42:41,364 [INFO]   FAIL  fo
2026-08-24 13:42:41,364 [INFO]   OK  index
2026-08-24 13:42:41,364 [INFO]   FAIL  delivery
2026-08-24 13:42:41,364 [INFO]   FAIL  corporate_actions
2026-08-24 13:42:41,364 [INFO]   FAIL  sme
2026-08-24 13:42:41,365 [INFO] ============================================================
