2026-05-29 16:14:24,696 [INFO] ============================================================
2026-05-29 16:14:24,696 [INFO]   NSE Fetcher v2 (Cloudflare-proof) -- 2026-05-29
2026-05-29 16:14:24,696 [INFO] ============================================================
2026-05-29 16:14:24,757 [INFO]   HTTP engine: curl_cffi
2026-05-29 16:14:25,148 [INFO]   Warm-up https://www.nseindia.com -> 200
2026-05-29 16:14:26,682 [INFO]   Warm-up market-data -> 200
2026-05-29 16:14:27,331 [INFO]   Session engine: curl_cffi
2026-05-29 16:14:27,501 [INFO] 
-- 1/6  EQUITY --
2026-05-29 16:14:27,501 [INFO]   [1/3] GET https://archives.nseindia.com/content/historical/EQUITIES/2026/MAY/cm29MAY2026bhav.csv.zip
2026-05-29 16:14:27,882 [WARNING]   404 — file not on NSE (holiday or wrong date)
2026-05-29 16:14:27,883 [INFO]   [1/3] GET https://archives.nseindia.com/archives/equities/bhavcopy/cm29MAY2026.csv.zip
2026-05-29 16:14:28,220 [WARNING]   404 — file not on NSE (holiday or wrong date)
2026-05-29 16:14:28,221 [INFO]   [1/3] GET https://nsearchives.nseindia.com/content/cm/BhavCopy_NSE_CM_0_0_0_20260529_F_0000.csv.zip
2026-05-29 16:14:28,697 [INFO]   OK 193,536 bytes
2026-05-29 16:14:28,714 [INFO]   Extracted 'BhavCopy_NSE_CM_0_0_0_20260529_F_0000.csv': 3,426 rows x 34 cols
2026-05-29 16:14:28,776 [INFO]   Saved -> data/equity/2026/05/2026-05-29.csv
2026-05-29 16:14:28,776 [INFO] 
-- 2/6  F&O --
2026-05-29 16:14:28,776 [INFO]   [1/3] GET https://archives.nseindia.com/content/historical/DERIVATIVES/2026/MAY/fo29MAY2026bhav.csv.zip
2026-05-29 16:14:29,958 [WARNING]   404 — file not on NSE (holiday or wrong date)
2026-05-29 16:14:29,958 [INFO]   [1/3] GET https://archives.nseindia.com/archives/derivatives/bhavcopy/fo29MAY2026.csv.zip
2026-05-29 16:14:30,261 [WARNING]   404 — file not on NSE (holiday or wrong date)
2026-05-29 16:14:30,261 [INFO]   [1/3] GET https://nsearchives.nseindia.com/content/fo/BhavCopy_NSE_FO_0_0_0_20260529_F_0000.csv.zip
2026-05-29 16:14:31,359 [INFO]   OK 1,100,124 bytes
2026-05-29 16:14:31,447 [INFO]   Extracted 'BhavCopy_NSE_FO_0_0_0_20260529_F_0000.csv': 35,580 rows x 34 cols
2026-05-29 16:14:32,001 [INFO]   Saved -> data/fo/2026/05/2026-05-29.csv
2026-05-29 16:14:32,005 [INFO] 
-- 3/6  INDEX --
2026-05-29 16:14:32,005 [INFO]   [1/3] GET https://archives.nseindia.com/content/indices/ind_close_all_29052026.csv
2026-05-29 16:14:32,451 [INFO]   OK 16,110 bytes
2026-05-29 16:14:32,455 [INFO]   Saved -> data/index/2026/05/2026-05-29.csv
2026-05-29 16:14:32,455 [INFO] 
-- 4/6  DELIVERY --
2026-05-29 16:14:32,455 [INFO]   [1/3] GET https://archives.nseindia.com/archives/equities/mto/MTO_29052026.DAT
2026-05-29 16:14:33,298 [INFO]   OK 120,682 bytes
2026-05-29 16:14:33,303 [INFO]   [1/3] GET https://archives.nseindia.com/archives/equities/bhavcopy/sec_bhavdata29MAY2026.csv
2026-05-29 16:14:33,699 [WARNING]   404 — file not on NSE (holiday or wrong date)
2026-05-29 16:14:33,699 [INFO] 
-- 5/6  CORPORATE ACTIONS --
2026-05-29 16:14:33,699 [INFO]   [1/3] GET https://www.nseindia.com/corporates/shownCorporateActions?index=equities&from_date=22-05-2026&to_date=29-05-2026
2026-05-29 16:14:34,042 [WARNING]   404 — file not on NSE (holiday or wrong date)
2026-05-29 16:14:34,042 [INFO] 
-- 6/6  SME --
2026-05-29 16:14:34,043 [INFO]   [1/3] GET https://archives.nseindia.com/content/historical/EQUITIES/2026/MAY/SME29MAY2026BHAV.csv.zip
2026-05-29 16:14:34,351 [WARNING]   404 — file not on NSE (holiday or wrong date)
2026-05-29 16:14:34,351 [INFO]   [1/3] GET https://nsearchives.nseindia.com/content/cm/BhavCopy_NSE_SME_0_0_0_20260529_F_0000.csv.zip
2026-05-29 16:14:34,641 [WARNING]   404 — file not on NSE (holiday or wrong date)
2026-05-29 16:14:34,641 [INFO] 
-- MANIFEST --
2026-05-29 16:14:34,660 [INFO]   Manifest + summary updated.
2026-05-29 16:14:34,660 [INFO] 
============================================================
2026-05-29 16:14:34,660 [INFO]   OK  equity
2026-05-29 16:14:34,660 [INFO]   OK  fo
2026-05-29 16:14:34,660 [INFO]   OK  index
2026-05-29 16:14:34,660 [INFO]   FAIL  delivery
2026-05-29 16:14:34,660 [INFO]   FAIL  corporate_actions
2026-05-29 16:14:34,660 [INFO]   FAIL  sme
2026-05-29 16:14:34,660 [INFO] ============================================================
