2026-09-08 16:47:30,843 [INFO] ============================================================
2026-09-08 16:47:30,843 [INFO]   NSE Fetcher v2 (Cloudflare-proof) -- 2026-09-08
2026-09-08 16:47:30,844 [INFO] ============================================================
2026-09-08 16:47:30,910 [INFO]   HTTP engine: curl_cffi
2026-09-08 16:47:30,983 [INFO]   Warm-up https://www.nseindia.com -> 403
2026-09-08 16:47:32,917 [INFO]   Warm-up market-data -> 200
2026-09-08 16:47:33,502 [INFO]   Session engine: curl_cffi
2026-09-08 16:47:33,611 [INFO] 
-- 1/6  EQUITY --
2026-09-08 16:47:33,611 [INFO]   [1/3] GET https://archives.nseindia.com/content/historical/EQUITIES/2026/SEP/cm08SEP2026bhav.csv.zip
2026-09-08 16:47:33,888 [WARNING]   404 — file not on NSE (holiday or wrong date)
2026-09-08 16:47:33,888 [INFO]   [1/3] GET https://archives.nseindia.com/archives/equities/bhavcopy/cm08SEP2026.csv.zip
2026-09-08 16:47:34,182 [WARNING]   404 — file not on NSE (holiday or wrong date)
2026-09-08 16:47:34,182 [INFO]   [1/3] GET https://nsearchives.nseindia.com/content/cm/BhavCopy_NSE_CM_0_0_0_20260908_F_0000.csv.zip
2026-09-08 16:47:34,267 [INFO]   OK 204,444 bytes
2026-09-08 16:47:34,283 [INFO]   Extracted 'BhavCopy_NSE_CM_0_0_0_20260908_F_0000.csv': 3,652 rows x 34 cols
2026-09-08 16:47:34,349 [INFO]   Saved -> data/equity/2026/09/2026-09-08.csv
2026-09-08 16:47:34,349 [INFO] 
-- 2/6  F&O --
2026-09-08 16:47:34,350 [INFO]   [1/3] GET https://archives.nseindia.com/content/historical/DERIVATIVES/2026/SEP/fo08SEP2026bhav.csv.zip
2026-09-08 16:47:34,627 [WARNING]   404 — file not on NSE (holiday or wrong date)
2026-09-08 16:47:34,627 [INFO]   [1/3] GET https://archives.nseindia.com/archives/derivatives/bhavcopy/fo08SEP2026.csv.zip
2026-09-08 16:47:34,902 [WARNING]   404 — file not on NSE (holiday or wrong date)
2026-09-08 16:47:34,903 [INFO]   [1/3] GET https://nsearchives.nseindia.com/content/fo/BhavCopy_NSE_FO_0_0_0_20260908_F_0000.csv.zip
2026-09-08 16:47:35,153 [INFO]   OK 1,013,779 bytes
2026-09-08 16:47:35,236 [INFO]   Extracted 'BhavCopy_NSE_FO_0_0_0_20260908_F_0000.csv': 32,958 rows x 34 cols
2026-09-08 16:47:35,759 [INFO]   Saved -> data/fo/2026/09/2026-09-08.csv
2026-09-08 16:47:35,761 [INFO] 
-- 3/6  INDEX --
2026-09-08 16:47:35,761 [INFO]   [1/3] GET https://archives.nseindia.com/content/indices/ind_close_all_08092026.csv
2026-09-08 16:47:36,180 [INFO]   OK 15,603 bytes
2026-09-08 16:47:36,184 [INFO]   Saved -> data/index/2026/09/2026-09-08.csv
2026-09-08 16:47:36,184 [INFO] 
-- 4/6  DELIVERY --
2026-09-08 16:47:36,184 [INFO]   [1/3] GET https://archives.nseindia.com/archives/equities/mto/MTO_08092026.DAT
2026-09-08 16:47:37,064 [INFO]   OK 126,595 bytes
2026-09-08 16:47:37,069 [INFO]   [1/3] GET https://archives.nseindia.com/archives/equities/bhavcopy/sec_bhavdata08SEP2026.csv
2026-09-08 16:47:37,371 [WARNING]   404 — file not on NSE (holiday or wrong date)
2026-09-08 16:47:37,371 [INFO] 
-- 5/6  CORPORATE ACTIONS --
2026-09-08 16:47:37,371 [INFO]   [1/3] GET https://www.nseindia.com/corporates/shownCorporateActions?index=equities&from_date=01-09-2026&to_date=08-09-2026
2026-09-08 16:47:37,657 [WARNING]   404 — file not on NSE (holiday or wrong date)
2026-09-08 16:47:37,657 [INFO] 
-- 6/6  SME --
2026-09-08 16:47:37,657 [INFO]   [1/3] GET https://archives.nseindia.com/content/historical/EQUITIES/2026/SEP/SME08SEP2026BHAV.csv.zip
2026-09-08 16:47:37,968 [WARNING]   404 — file not on NSE (holiday or wrong date)
2026-09-08 16:47:37,968 [INFO]   [1/3] GET https://nsearchives.nseindia.com/content/cm/BhavCopy_NSE_SME_0_0_0_20260908_F_0000.csv.zip
2026-09-08 16:47:38,279 [WARNING]   404 — file not on NSE (holiday or wrong date)
2026-09-08 16:47:38,279 [INFO] 
-- MANIFEST --
2026-09-08 16:47:38,298 [INFO]   Manifest + summary updated.
2026-09-08 16:47:38,298 [INFO] 
============================================================
2026-09-08 16:47:38,298 [INFO]   OK  equity
2026-09-08 16:47:38,298 [INFO]   OK  fo
2026-09-08 16:47:38,298 [INFO]   OK  index
2026-09-08 16:47:38,298 [INFO]   FAIL  delivery
2026-09-08 16:47:38,298 [INFO]   FAIL  corporate_actions
2026-09-08 16:47:38,298 [INFO]   FAIL  sme
2026-09-08 16:47:38,298 [INFO] ============================================================
