2026-04-28 13:00:22,668 [INFO] ============================================================
2026-04-28 13:00:22,668 [INFO]   NSE Fetcher v2 (Cloudflare-proof) -- 2026-04-28
2026-04-28 13:00:22,668 [INFO] ============================================================
2026-04-28 13:00:22,726 [INFO]   HTTP engine: curl_cffi
2026-04-28 13:00:23,317 [INFO]   Warm-up https://www.nseindia.com -> 200
2026-04-28 13:00:25,339 [INFO]   Warm-up market-data -> 200
2026-04-28 13:00:26,208 [INFO]   Session engine: curl_cffi
2026-04-28 13:00:26,330 [INFO] 
-- 1/6  EQUITY --
2026-04-28 13:00:26,330 [INFO]   [1/3] GET https://archives.nseindia.com/content/historical/EQUITIES/2026/APR/cm28APR2026bhav.csv.zip
2026-04-28 13:00:26,640 [WARNING]   404 — file not on NSE (holiday or wrong date)
2026-04-28 13:00:26,640 [INFO]   [1/3] GET https://archives.nseindia.com/archives/equities/bhavcopy/cm28APR2026.csv.zip
2026-04-28 13:00:26,928 [WARNING]   404 — file not on NSE (holiday or wrong date)
2026-04-28 13:00:26,929 [INFO]   [1/3] GET https://nsearchives.nseindia.com/content/cm/BhavCopy_NSE_CM_0_0_0_20260428_F_0000.csv.zip
2026-04-28 13:00:27,334 [INFO]   OK 190,314 bytes
2026-04-28 13:00:27,350 [INFO]   Extracted 'BhavCopy_NSE_CM_0_0_0_20260428_F_0000.csv': 3,383 rows x 34 cols
2026-04-28 13:00:27,412 [INFO]   Saved -> data/equity/2026/04/2026-04-28.csv
2026-04-28 13:00:27,412 [INFO] 
-- 2/6  F&O --
2026-04-28 13:00:27,412 [INFO]   [1/3] GET https://archives.nseindia.com/content/historical/DERIVATIVES/2026/APR/fo28APR2026bhav.csv.zip
2026-04-28 13:00:27,704 [WARNING]   404 — file not on NSE (holiday or wrong date)
2026-04-28 13:00:27,704 [INFO]   [1/3] GET https://archives.nseindia.com/archives/derivatives/bhavcopy/fo28APR2026.csv.zip
2026-04-28 13:00:28,012 [WARNING]   404 — file not on NSE (holiday or wrong date)
2026-04-28 13:00:28,012 [INFO]   [1/3] GET https://nsearchives.nseindia.com/content/fo/BhavCopy_NSE_FO_0_0_0_20260428_F_0000.csv.zip
2026-04-28 13:00:28,316 [WARNING]   404 — file not on NSE (holiday or wrong date)
2026-04-28 13:00:28,316 [INFO]   [1/3] GET https://nsearchives.nseindia.com/archives/derivatives/bhavcopy/fo28APR2026.csv.zip
2026-04-28 13:00:29,250 [WARNING]   404 — file not on NSE (holiday or wrong date)
2026-04-28 13:00:29,250 [INFO] 
-- 3/6  INDEX --
2026-04-28 13:00:29,250 [INFO]   [1/3] GET https://archives.nseindia.com/content/indices/ind_close_all_28042026.csv
2026-04-28 13:00:29,561 [INFO]   OK 14,421 bytes
2026-04-28 13:00:29,565 [INFO]   Saved -> data/index/2026/04/2026-04-28.csv
2026-04-28 13:00:29,565 [INFO] 
-- 4/6  DELIVERY --
2026-04-28 13:00:29,566 [INFO]   [1/3] GET https://archives.nseindia.com/archives/equities/mto/MTO_28042026.DAT
2026-04-28 13:00:29,918 [INFO]   OK 119,114 bytes
2026-04-28 13:00:29,923 [INFO]   [1/3] GET https://archives.nseindia.com/archives/equities/bhavcopy/sec_bhavdata28APR2026.csv
2026-04-28 13:00:30,244 [WARNING]   404 — file not on NSE (holiday or wrong date)
2026-04-28 13:00:30,244 [INFO] 
-- 5/6  CORPORATE ACTIONS --
2026-04-28 13:00:30,244 [INFO]   [1/3] GET https://www.nseindia.com/corporates/shownCorporateActions?index=equities&from_date=21-04-2026&to_date=28-04-2026
2026-04-28 13:00:30,669 [WARNING]   404 — file not on NSE (holiday or wrong date)
2026-04-28 13:00:30,669 [INFO] 
-- 6/6  SME --
2026-04-28 13:00:30,670 [INFO]   [1/3] GET https://archives.nseindia.com/content/historical/EQUITIES/2026/APR/SME28APR2026BHAV.csv.zip
2026-04-28 13:00:30,958 [WARNING]   404 — file not on NSE (holiday or wrong date)
2026-04-28 13:00:30,958 [INFO]   [1/3] GET https://nsearchives.nseindia.com/content/cm/BhavCopy_NSE_SME_0_0_0_20260428_F_0000.csv.zip
2026-04-28 13:00:31,298 [WARNING]   404 — file not on NSE (holiday or wrong date)
2026-04-28 13:00:31,298 [INFO] 
-- MANIFEST --
2026-04-28 13:00:31,318 [INFO]   Manifest + summary updated.
2026-04-28 13:00:31,318 [INFO] 
============================================================
2026-04-28 13:00:31,318 [INFO]   OK  equity
2026-04-28 13:00:31,318 [INFO]   FAIL  fo
2026-04-28 13:00:31,318 [INFO]   OK  index
2026-04-28 13:00:31,318 [INFO]   FAIL  delivery
2026-04-28 13:00:31,318 [INFO]   FAIL  corporate_actions
2026-04-28 13:00:31,318 [INFO]   FAIL  sme
2026-04-28 13:00:31,318 [INFO] ============================================================
