2026-07-17 14:12:05,494 [INFO] ============================================================
2026-07-17 14:12:05,494 [INFO]   NSE Fetcher v2 (Cloudflare-proof) -- 2026-07-17
2026-07-17 14:12:05,494 [INFO] ============================================================
2026-07-17 14:12:05,650 [INFO]   HTTP engine: curl_cffi
2026-07-17 14:12:06,072 [INFO]   Warm-up https://www.nseindia.com -> 200
2026-07-17 14:12:08,264 [INFO]   Warm-up market-data -> 200
2026-07-17 14:12:08,782 [INFO]   Session engine: curl_cffi
2026-07-17 14:12:08,943 [INFO] 
-- 1/6  EQUITY --
2026-07-17 14:12:08,943 [INFO]   [1/3] GET https://archives.nseindia.com/content/historical/EQUITIES/2026/JUL/cm17JUL2026bhav.csv.zip
2026-07-17 14:12:09,272 [WARNING]   404 — file not on NSE (holiday or wrong date)
2026-07-17 14:12:09,273 [INFO]   [1/3] GET https://archives.nseindia.com/archives/equities/bhavcopy/cm17JUL2026.csv.zip
2026-07-17 14:12:09,556 [WARNING]   404 — file not on NSE (holiday or wrong date)
2026-07-17 14:12:09,556 [INFO]   [1/3] GET https://nsearchives.nseindia.com/content/cm/BhavCopy_NSE_CM_0_0_0_20260717_F_0000.csv.zip
2026-07-17 14:12:10,047 [INFO]   OK 192,147 bytes
2026-07-17 14:12:10,065 [INFO]   Extracted 'BhavCopy_NSE_CM_0_0_0_20260717_F_0000.csv': 3,426 rows x 34 cols
2026-07-17 14:12:10,127 [INFO]   Saved -> data/equity/2026/07/2026-07-17.csv
2026-07-17 14:12:10,128 [INFO] 
-- 2/6  F&O --
2026-07-17 14:12:10,128 [INFO]   [1/3] GET https://archives.nseindia.com/content/historical/DERIVATIVES/2026/JUL/fo17JUL2026bhav.csv.zip
2026-07-17 14:12:10,511 [WARNING]   404 — file not on NSE (holiday or wrong date)
2026-07-17 14:12:10,511 [INFO]   [1/3] GET https://archives.nseindia.com/archives/derivatives/bhavcopy/fo17JUL2026.csv.zip
2026-07-17 14:12:10,853 [WARNING]   404 — file not on NSE (holiday or wrong date)
2026-07-17 14:12:10,854 [INFO]   [1/3] GET https://nsearchives.nseindia.com/content/fo/BhavCopy_NSE_FO_0_0_0_20260717_F_0000.csv.zip
2026-07-17 14:12:11,224 [INFO]   OK 1,216,686 bytes
2026-07-17 14:12:11,316 [INFO]   Extracted 'BhavCopy_NSE_FO_0_0_0_20260717_F_0000.csv': 37,819 rows x 34 cols
2026-07-17 14:12:11,902 [INFO]   Saved -> data/fo/2026/07/2026-07-17.csv
2026-07-17 14:12:11,905 [INFO] 
-- 3/6  INDEX --
2026-07-17 14:12:11,905 [INFO]   [1/3] GET https://archives.nseindia.com/content/indices/ind_close_all_17072026.csv
2026-07-17 14:12:12,292 [INFO]   OK 16,584 bytes
2026-07-17 14:12:12,296 [INFO]   Saved -> data/index/2026/07/2026-07-17.csv
2026-07-17 14:12:12,296 [INFO] 
-- 4/6  DELIVERY --
2026-07-17 14:12:12,296 [INFO]   [1/3] GET https://archives.nseindia.com/archives/equities/mto/MTO_17072026.DAT
2026-07-17 14:12:12,641 [INFO]   OK 115,707 bytes
2026-07-17 14:12:12,646 [INFO]   [1/3] GET https://archives.nseindia.com/archives/equities/bhavcopy/sec_bhavdata17JUL2026.csv
2026-07-17 14:12:12,994 [WARNING]   404 — file not on NSE (holiday or wrong date)
2026-07-17 14:12:12,995 [INFO] 
-- 5/6  CORPORATE ACTIONS --
2026-07-17 14:12:12,995 [INFO]   [1/3] GET https://www.nseindia.com/corporates/shownCorporateActions?index=equities&from_date=10-07-2026&to_date=17-07-2026
2026-07-17 14:12:13,396 [WARNING]   404 — file not on NSE (holiday or wrong date)
2026-07-17 14:12:13,396 [INFO] 
-- 6/6  SME --
2026-07-17 14:12:13,396 [INFO]   [1/3] GET https://archives.nseindia.com/content/historical/EQUITIES/2026/JUL/SME17JUL2026BHAV.csv.zip
2026-07-17 14:12:13,819 [WARNING]   404 — file not on NSE (holiday or wrong date)
2026-07-17 14:12:13,819 [INFO]   [1/3] GET https://nsearchives.nseindia.com/content/cm/BhavCopy_NSE_SME_0_0_0_20260717_F_0000.csv.zip
2026-07-17 14:12:14,338 [WARNING]   404 — file not on NSE (holiday or wrong date)
2026-07-17 14:12:14,339 [INFO] 
-- MANIFEST --
2026-07-17 14:12:14,357 [INFO]   Manifest + summary updated.
2026-07-17 14:12:14,357 [INFO] 
============================================================
2026-07-17 14:12:14,357 [INFO]   OK  equity
2026-07-17 14:12:14,357 [INFO]   OK  fo
2026-07-17 14:12:14,357 [INFO]   OK  index
2026-07-17 14:12:14,357 [INFO]   FAIL  delivery
2026-07-17 14:12:14,357 [INFO]   FAIL  corporate_actions
2026-07-17 14:12:14,358 [INFO]   FAIL  sme
2026-07-17 14:12:14,358 [INFO] ============================================================
