2026-06-23 15:31:03,091 [INFO] ============================================================
2026-06-23 15:31:03,091 [INFO]   NSE Fetcher v2 (Cloudflare-proof) -- 2026-06-23
2026-06-23 15:31:03,091 [INFO] ============================================================
2026-06-23 15:31:03,274 [INFO]   HTTP engine: curl_cffi
2026-06-23 15:31:03,778 [INFO]   Warm-up https://www.nseindia.com -> 200
2026-06-23 15:31:05,834 [INFO]   Warm-up market-data -> 200
2026-06-23 15:31:06,630 [INFO]   Session engine: curl_cffi
2026-06-23 15:31:06,723 [INFO] 
-- 1/6  EQUITY --
2026-06-23 15:31:06,723 [INFO]   [1/3] GET https://archives.nseindia.com/content/historical/EQUITIES/2026/JUN/cm23JUN2026bhav.csv.zip
2026-06-23 15:31:07,099 [WARNING]   404 — file not on NSE (holiday or wrong date)
2026-06-23 15:31:07,099 [INFO]   [1/3] GET https://archives.nseindia.com/archives/equities/bhavcopy/cm23JUN2026.csv.zip
2026-06-23 15:31:07,413 [WARNING]   404 — file not on NSE (holiday or wrong date)
2026-06-23 15:31:07,413 [INFO]   [1/3] GET https://nsearchives.nseindia.com/content/cm/BhavCopy_NSE_CM_0_0_0_20260623_F_0000.csv.zip
2026-06-23 15:31:07,546 [INFO]   OK 191,810 bytes
2026-06-23 15:31:07,562 [INFO]   Extracted 'BhavCopy_NSE_CM_0_0_0_20260623_F_0000.csv': 3,404 rows x 34 cols
2026-06-23 15:31:07,627 [INFO]   Saved -> data/equity/2026/06/2026-06-23.csv
2026-06-23 15:31:07,627 [INFO] 
-- 2/6  F&O --
2026-06-23 15:31:07,627 [INFO]   [1/3] GET https://archives.nseindia.com/content/historical/DERIVATIVES/2026/JUN/fo23JUN2026bhav.csv.zip
2026-06-23 15:31:07,935 [WARNING]   404 — file not on NSE (holiday or wrong date)
2026-06-23 15:31:07,935 [INFO]   [1/3] GET https://archives.nseindia.com/archives/derivatives/bhavcopy/fo23JUN2026.csv.zip
2026-06-23 15:31:08,245 [WARNING]   404 — file not on NSE (holiday or wrong date)
2026-06-23 15:31:08,246 [INFO]   [1/3] GET https://nsearchives.nseindia.com/content/fo/BhavCopy_NSE_FO_0_0_0_20260623_F_0000.csv.zip
2026-06-23 15:31:09,750 [INFO]   OK 1,442,659 bytes
2026-06-23 15:31:09,863 [INFO]   Extracted 'BhavCopy_NSE_FO_0_0_0_20260623_F_0000.csv': 45,630 rows x 34 cols
2026-06-23 15:31:10,617 [INFO]   Saved -> data/fo/2026/06/2026-06-23.csv
2026-06-23 15:31:10,620 [INFO] 
-- 3/6  INDEX --
2026-06-23 15:31:10,620 [INFO]   [1/3] GET https://archives.nseindia.com/content/indices/ind_close_all_23062026.csv
2026-06-23 15:31:10,930 [INFO]   OK 15,934 bytes
2026-06-23 15:31:10,934 [INFO]   Saved -> data/index/2026/06/2026-06-23.csv
2026-06-23 15:31:10,934 [INFO] 
-- 4/6  DELIVERY --
2026-06-23 15:31:10,934 [INFO]   [1/3] GET https://archives.nseindia.com/archives/equities/mto/MTO_23062026.DAT
2026-06-23 15:31:11,499 [INFO]   OK 117,150 bytes
2026-06-23 15:31:11,504 [INFO]   [1/3] GET https://archives.nseindia.com/archives/equities/bhavcopy/sec_bhavdata23JUN2026.csv
2026-06-23 15:31:11,879 [WARNING]   404 — file not on NSE (holiday or wrong date)
2026-06-23 15:31:11,879 [INFO] 
-- 5/6  CORPORATE ACTIONS --
2026-06-23 15:31:11,879 [INFO]   [1/3] GET https://www.nseindia.com/corporates/shownCorporateActions?index=equities&from_date=16-06-2026&to_date=23-06-2026
2026-06-23 15:31:12,199 [WARNING]   404 — file not on NSE (holiday or wrong date)
2026-06-23 15:31:12,199 [INFO] 
-- 6/6  SME --
2026-06-23 15:31:12,199 [INFO]   [1/3] GET https://archives.nseindia.com/content/historical/EQUITIES/2026/JUN/SME23JUN2026BHAV.csv.zip
2026-06-23 15:31:12,574 [WARNING]   404 — file not on NSE (holiday or wrong date)
2026-06-23 15:31:12,574 [INFO]   [1/3] GET https://nsearchives.nseindia.com/content/cm/BhavCopy_NSE_SME_0_0_0_20260623_F_0000.csv.zip
2026-06-23 15:31:12,824 [WARNING]   404 — file not on NSE (holiday or wrong date)
2026-06-23 15:31:12,824 [INFO] 
-- MANIFEST --
2026-06-23 15:31:12,842 [INFO]   Manifest + summary updated.
2026-06-23 15:31:12,843 [INFO] 
============================================================
2026-06-23 15:31:12,843 [INFO]   OK  equity
2026-06-23 15:31:12,843 [INFO]   OK  fo
2026-06-23 15:31:12,843 [INFO]   OK  index
2026-06-23 15:31:12,843 [INFO]   FAIL  delivery
2026-06-23 15:31:12,843 [INFO]   FAIL  corporate_actions
2026-06-23 15:31:12,843 [INFO]   FAIL  sme
2026-06-23 15:31:12,843 [INFO] ============================================================
