2026-09-17 17:12:24,549 [INFO] ============================================================
2026-09-17 17:12:24,549 [INFO]   NSE Fetcher v2 (Cloudflare-proof) -- 2026-09-17
2026-09-17 17:12:24,549 [INFO] ============================================================
2026-09-17 17:12:24,704 [INFO]   HTTP engine: curl_cffi
2026-09-17 17:12:25,002 [INFO]   Warm-up https://www.nseindia.com -> 200
2026-09-17 17:12:26,766 [INFO]   Warm-up market-data -> 200
2026-09-17 17:12:27,433 [INFO]   Session engine: curl_cffi
2026-09-17 17:12:27,647 [INFO] 
-- 1/6  EQUITY --
2026-09-17 17:12:27,647 [INFO]   [1/3] GET https://archives.nseindia.com/content/historical/EQUITIES/2026/SEP/cm17SEP2026bhav.csv.zip
2026-09-17 17:12:27,951 [WARNING]   404 — file not on NSE (holiday or wrong date)
2026-09-17 17:12:27,951 [INFO]   [1/3] GET https://archives.nseindia.com/archives/equities/bhavcopy/cm17SEP2026.csv.zip
2026-09-17 17:12:28,256 [WARNING]   404 — file not on NSE (holiday or wrong date)
2026-09-17 17:12:28,256 [INFO]   [1/3] GET https://nsearchives.nseindia.com/content/cm/BhavCopy_NSE_CM_0_0_0_20260917_F_0000.csv.zip
2026-09-17 17:12:28,496 [INFO]   OK 203,981 bytes
2026-09-17 17:12:28,513 [INFO]   Extracted 'BhavCopy_NSE_CM_0_0_0_20260917_F_0000.csv': 3,658 rows x 34 cols
2026-09-17 17:12:28,582 [INFO]   Saved -> data/equity/2026/09/2026-09-17.csv
2026-09-17 17:12:28,583 [INFO] 
-- 2/6  F&O --
2026-09-17 17:12:28,583 [INFO]   [1/3] GET https://archives.nseindia.com/content/historical/DERIVATIVES/2026/SEP/fo17SEP2026bhav.csv.zip
2026-09-17 17:12:28,882 [WARNING]   404 — file not on NSE (holiday or wrong date)
2026-09-17 17:12:28,882 [INFO]   [1/3] GET https://archives.nseindia.com/archives/derivatives/bhavcopy/fo17SEP2026.csv.zip
2026-09-17 17:12:29,195 [WARNING]   404 — file not on NSE (holiday or wrong date)
2026-09-17 17:12:29,195 [INFO]   [1/3] GET https://nsearchives.nseindia.com/content/fo/BhavCopy_NSE_FO_0_0_0_20260917_F_0000.csv.zip
2026-09-17 17:12:29,711 [INFO]   OK 1,127,158 bytes
2026-09-17 17:12:29,801 [INFO]   Extracted 'BhavCopy_NSE_FO_0_0_0_20260917_F_0000.csv': 35,879 rows x 34 cols
2026-09-17 17:12:30,373 [INFO]   Saved -> data/fo/2026/09/2026-09-17.csv
2026-09-17 17:12:30,376 [INFO] 
-- 3/6  INDEX --
2026-09-17 17:12:30,376 [INFO]   [1/3] GET https://archives.nseindia.com/content/indices/ind_close_all_17092026.csv
2026-09-17 17:12:30,711 [INFO]   OK 15,570 bytes
2026-09-17 17:12:30,715 [INFO]   Saved -> data/index/2026/09/2026-09-17.csv
2026-09-17 17:12:30,715 [INFO] 
-- 4/6  DELIVERY --
2026-09-17 17:12:30,715 [INFO]   [1/3] GET https://archives.nseindia.com/archives/equities/mto/MTO_17092026.DAT
2026-09-17 17:12:31,059 [INFO]   OK 126,225 bytes
2026-09-17 17:12:31,064 [INFO]   [1/3] GET https://archives.nseindia.com/archives/equities/bhavcopy/sec_bhavdata17SEP2026.csv
2026-09-17 17:12:31,336 [WARNING]   404 — file not on NSE (holiday or wrong date)
2026-09-17 17:12:31,336 [INFO] 
-- 5/6  CORPORATE ACTIONS --
2026-09-17 17:12:31,336 [INFO]   [1/3] GET https://www.nseindia.com/corporates/shownCorporateActions?index=equities&from_date=10-09-2026&to_date=17-09-2026
2026-09-17 17:12:31,667 [WARNING]   404 — file not on NSE (holiday or wrong date)
2026-09-17 17:12:31,668 [INFO] 
-- 6/6  SME --
2026-09-17 17:12:31,668 [INFO]   [1/3] GET https://archives.nseindia.com/content/historical/EQUITIES/2026/SEP/SME17SEP2026BHAV.csv.zip
2026-09-17 17:12:31,965 [WARNING]   404 — file not on NSE (holiday or wrong date)
2026-09-17 17:12:31,965 [INFO]   [1/3] GET https://nsearchives.nseindia.com/content/cm/BhavCopy_NSE_SME_0_0_0_20260917_F_0000.csv.zip
2026-09-17 17:12:32,451 [WARNING]   404 — file not on NSE (holiday or wrong date)
2026-09-17 17:12:32,451 [INFO] 
-- MANIFEST --
2026-09-17 17:12:32,469 [INFO]   Manifest + summary updated.
2026-09-17 17:12:32,469 [INFO] 
============================================================
2026-09-17 17:12:32,469 [INFO]   OK  equity
2026-09-17 17:12:32,470 [INFO]   OK  fo
2026-09-17 17:12:32,470 [INFO]   OK  index
2026-09-17 17:12:32,470 [INFO]   FAIL  delivery
2026-09-17 17:12:32,470 [INFO]   FAIL  corporate_actions
2026-09-17 17:12:32,470 [INFO]   FAIL  sme
2026-09-17 17:12:32,470 [INFO] ============================================================
