2026-08-18 13:18:32,670 [INFO] ============================================================
2026-08-18 13:18:32,670 [INFO]   NSE Fetcher v2 (Cloudflare-proof) -- 2026-08-18
2026-08-18 13:18:32,670 [INFO] ============================================================
2026-08-18 13:18:32,754 [INFO]   HTTP engine: curl_cffi
2026-08-18 13:18:33,204 [INFO]   Warm-up https://www.nseindia.com -> 200
2026-08-18 13:18:34,784 [INFO]   Warm-up market-data -> 200
2026-08-18 13:18:35,295 [INFO]   Session engine: curl_cffi
2026-08-18 13:18:35,486 [INFO] 
-- 1/6  EQUITY --
2026-08-18 13:18:35,487 [INFO]   [1/3] GET https://archives.nseindia.com/content/historical/EQUITIES/2026/AUG/cm18AUG2026bhav.csv.zip
2026-08-18 13:18:35,795 [WARNING]   404 — file not on NSE (holiday or wrong date)
2026-08-18 13:18:35,795 [INFO]   [1/3] GET https://archives.nseindia.com/archives/equities/bhavcopy/cm18AUG2026.csv.zip
2026-08-18 13:18:36,111 [WARNING]   404 — file not on NSE (holiday or wrong date)
2026-08-18 13:18:36,111 [INFO]   [1/3] GET https://nsearchives.nseindia.com/content/cm/BhavCopy_NSE_CM_0_0_0_20260818_F_0000.csv.zip
2026-08-18 13:18:37,937 [INFO]   OK 200,709 bytes
2026-08-18 13:18:37,952 [INFO]   Extracted 'BhavCopy_NSE_CM_0_0_0_20260818_F_0000.csv': 3,586 rows x 34 cols
2026-08-18 13:18:38,005 [INFO]   Saved -> data/equity/2026/08/2026-08-18.csv
2026-08-18 13:18:38,006 [INFO] 
-- 2/6  F&O --
2026-08-18 13:18:38,006 [INFO]   [1/3] GET https://archives.nseindia.com/content/historical/DERIVATIVES/2026/AUG/fo18AUG2026bhav.csv.zip
2026-08-18 13:18:38,305 [WARNING]   404 — file not on NSE (holiday or wrong date)
2026-08-18 13:18:38,305 [INFO]   [1/3] GET https://archives.nseindia.com/archives/derivatives/bhavcopy/fo18AUG2026.csv.zip
2026-08-18 13:18:38,613 [WARNING]   404 — file not on NSE (holiday or wrong date)
2026-08-18 13:18:38,613 [INFO]   [1/3] GET https://nsearchives.nseindia.com/content/fo/BhavCopy_NSE_FO_0_0_0_20260818_F_0000.csv.zip
2026-08-18 13:18:38,860 [WARNING]   404 — file not on NSE (holiday or wrong date)
2026-08-18 13:18:38,860 [INFO]   [1/3] GET https://nsearchives.nseindia.com/archives/derivatives/bhavcopy/fo18AUG2026.csv.zip
2026-08-18 13:18:39,989 [WARNING]   404 — file not on NSE (holiday or wrong date)
2026-08-18 13:18:39,989 [INFO] 
-- 3/6  INDEX --
2026-08-18 13:18:39,989 [INFO]   [1/3] GET https://archives.nseindia.com/content/indices/ind_close_all_18082026.csv
2026-08-18 13:18:40,436 [INFO]   OK 16,869 bytes
2026-08-18 13:18:40,439 [INFO]   Saved -> data/index/2026/08/2026-08-18.csv
2026-08-18 13:18:40,440 [INFO] 
-- 4/6  DELIVERY --
2026-08-18 13:18:40,440 [INFO]   [1/3] GET https://archives.nseindia.com/archives/equities/mto/MTO_18082026.DAT
2026-08-18 13:18:40,897 [INFO]   OK 124,447 bytes
2026-08-18 13:18:40,902 [INFO]   [1/3] GET https://archives.nseindia.com/archives/equities/bhavcopy/sec_bhavdata18AUG2026.csv
2026-08-18 13:18:41,208 [WARNING]   404 — file not on NSE (holiday or wrong date)
2026-08-18 13:18:41,208 [INFO] 
-- 5/6  CORPORATE ACTIONS --
2026-08-18 13:18:41,208 [INFO]   [1/3] GET https://www.nseindia.com/corporates/shownCorporateActions?index=equities&from_date=11-08-2026&to_date=18-08-2026
2026-08-18 13:18:41,527 [WARNING]   404 — file not on NSE (holiday or wrong date)
2026-08-18 13:18:41,527 [INFO] 
-- 6/6  SME --
2026-08-18 13:18:41,527 [INFO]   [1/3] GET https://archives.nseindia.com/content/historical/EQUITIES/2026/AUG/SME18AUG2026BHAV.csv.zip
2026-08-18 13:18:41,851 [WARNING]   404 — file not on NSE (holiday or wrong date)
2026-08-18 13:18:41,851 [INFO]   [1/3] GET https://nsearchives.nseindia.com/content/cm/BhavCopy_NSE_SME_0_0_0_20260818_F_0000.csv.zip
2026-08-18 13:18:42,138 [WARNING]   404 — file not on NSE (holiday or wrong date)
2026-08-18 13:18:42,138 [INFO] 
-- MANIFEST --
2026-08-18 13:18:42,225 [INFO]   Manifest + summary updated.
2026-08-18 13:18:42,225 [INFO] 
============================================================
2026-08-18 13:18:42,225 [INFO]   OK  equity
2026-08-18 13:18:42,225 [INFO]   FAIL  fo
2026-08-18 13:18:42,225 [INFO]   OK  index
2026-08-18 13:18:42,225 [INFO]   FAIL  delivery
2026-08-18 13:18:42,225 [INFO]   FAIL  corporate_actions
2026-08-18 13:18:42,225 [INFO]   FAIL  sme
2026-08-18 13:18:42,225 [INFO] ============================================================
