2026-09-22 17:15:13,385 [INFO] ============================================================
2026-09-22 17:15:13,386 [INFO]   NSE Fetcher v2 (Cloudflare-proof) -- 2026-09-22
2026-09-22 17:15:13,386 [INFO] ============================================================
2026-09-22 17:15:13,457 [INFO]   HTTP engine: curl_cffi
2026-09-22 17:15:14,076 [INFO]   Warm-up https://www.nseindia.com -> 200
2026-09-22 17:15:15,433 [INFO]   Warm-up market-data -> 200
2026-09-22 17:15:16,280 [INFO]   Session engine: curl_cffi
2026-09-22 17:15:16,343 [INFO] 
-- 1/6  EQUITY --
2026-09-22 17:15:16,343 [INFO]   [1/3] GET https://archives.nseindia.com/content/historical/EQUITIES/2026/SEP/cm22SEP2026bhav.csv.zip
2026-09-22 17:15:16,734 [WARNING]   404 — file not on NSE (holiday or wrong date)
2026-09-22 17:15:16,734 [INFO]   [1/3] GET https://archives.nseindia.com/archives/equities/bhavcopy/cm22SEP2026.csv.zip
2026-09-22 17:15:17,012 [WARNING]   404 — file not on NSE (holiday or wrong date)
2026-09-22 17:15:17,012 [INFO]   [1/3] GET https://nsearchives.nseindia.com/content/cm/BhavCopy_NSE_CM_0_0_0_20260922_F_0000.csv.zip
2026-09-22 17:15:17,147 [INFO]   OK 205,560 bytes
2026-09-22 17:15:17,164 [INFO]   Extracted 'BhavCopy_NSE_CM_0_0_0_20260922_F_0000.csv': 3,676 rows x 34 cols
2026-09-22 17:15:17,234 [INFO]   Saved -> data/equity/2026/09/2026-09-22.csv
2026-09-22 17:15:17,235 [INFO] 
-- 2/6  F&O --
2026-09-22 17:15:17,235 [INFO]   [1/3] GET https://archives.nseindia.com/content/historical/DERIVATIVES/2026/SEP/fo22SEP2026bhav.csv.zip
2026-09-22 17:15:17,639 [WARNING]   404 — file not on NSE (holiday or wrong date)
2026-09-22 17:15:17,639 [INFO]   [1/3] GET https://archives.nseindia.com/archives/derivatives/bhavcopy/fo22SEP2026.csv.zip
2026-09-22 17:15:17,965 [WARNING]   404 — file not on NSE (holiday or wrong date)
2026-09-22 17:15:17,965 [INFO]   [1/3] GET https://nsearchives.nseindia.com/content/fo/BhavCopy_NSE_FO_0_0_0_20260922_F_0000.csv.zip
2026-09-22 17:15:18,265 [INFO]   OK 1,163,359 bytes
2026-09-22 17:15:18,359 [INFO]   Extracted 'BhavCopy_NSE_FO_0_0_0_20260922_F_0000.csv': 36,219 rows x 34 cols
2026-09-22 17:15:18,971 [INFO]   Saved -> data/fo/2026/09/2026-09-22.csv
2026-09-22 17:15:18,974 [INFO] 
-- 3/6  INDEX --
2026-09-22 17:15:18,974 [INFO]   [1/3] GET https://archives.nseindia.com/content/indices/ind_close_all_22092026.csv
2026-09-22 17:15:19,295 [INFO]   OK 15,702 bytes
2026-09-22 17:15:19,299 [INFO]   Saved -> data/index/2026/09/2026-09-22.csv
2026-09-22 17:15:19,300 [INFO] 
-- 4/6  DELIVERY --
2026-09-22 17:15:19,300 [INFO]   [1/3] GET https://archives.nseindia.com/archives/equities/mto/MTO_22092026.DAT
2026-09-22 17:15:19,860 [INFO]   OK 127,515 bytes
2026-09-22 17:15:19,865 [INFO]   [1/3] GET https://archives.nseindia.com/archives/equities/bhavcopy/sec_bhavdata22SEP2026.csv
2026-09-22 17:15:20,151 [WARNING]   404 — file not on NSE (holiday or wrong date)
2026-09-22 17:15:20,151 [INFO] 
-- 5/6  CORPORATE ACTIONS --
2026-09-22 17:15:20,151 [INFO]   [1/3] GET https://www.nseindia.com/corporates/shownCorporateActions?index=equities&from_date=15-09-2026&to_date=22-09-2026
2026-09-22 17:15:20,435 [WARNING]   404 — file not on NSE (holiday or wrong date)
2026-09-22 17:15:20,435 [INFO] 
-- 6/6  SME --
2026-09-22 17:15:20,435 [INFO]   [1/3] GET https://archives.nseindia.com/content/historical/EQUITIES/2026/SEP/SME22SEP2026BHAV.csv.zip
2026-09-22 17:15:20,711 [WARNING]   404 — file not on NSE (holiday or wrong date)
2026-09-22 17:15:20,711 [INFO]   [1/3] GET https://nsearchives.nseindia.com/content/cm/BhavCopy_NSE_SME_0_0_0_20260922_F_0000.csv.zip
2026-09-22 17:15:20,979 [WARNING]   404 — file not on NSE (holiday or wrong date)
2026-09-22 17:15:20,979 [INFO] 
-- MANIFEST --
2026-09-22 17:15:20,998 [INFO]   Manifest + summary updated.
2026-09-22 17:15:20,998 [INFO] 
============================================================
2026-09-22 17:15:20,998 [INFO]   OK  equity
2026-09-22 17:15:20,998 [INFO]   OK  fo
2026-09-22 17:15:20,999 [INFO]   OK  index
2026-09-22 17:15:20,999 [INFO]   FAIL  delivery
2026-09-22 17:15:20,999 [INFO]   FAIL  corporate_actions
2026-09-22 17:15:20,999 [INFO]   FAIL  sme
2026-09-22 17:15:20,999 [INFO] ============================================================
