2026-04-16 16:58:28,837 [INFO] ============================================================
2026-04-16 16:58:28,837 [INFO]   NSE Fetcher v2 (Cloudflare-proof) -- 2026-04-16
2026-04-16 16:58:28,837 [INFO] ============================================================
2026-04-16 16:58:29,059 [INFO]   HTTP engine: curl_cffi
2026-04-16 16:58:29,352 [INFO]   Warm-up https://www.nseindia.com -> 200
2026-04-16 16:58:30,984 [INFO]   Warm-up market-data -> 200
2026-04-16 16:58:31,765 [INFO]   Session engine: curl_cffi
2026-04-16 16:58:31,815 [INFO] 
-- 1/6  EQUITY --
2026-04-16 16:58:31,815 [INFO]   [1/3] GET https://archives.nseindia.com/content/historical/EQUITIES/2026/APR/cm16APR2026bhav.csv.zip
2026-04-16 16:58:32,194 [WARNING]   404 — file not on NSE (holiday or wrong date)
2026-04-16 16:58:32,194 [INFO]   [1/3] GET https://archives.nseindia.com/archives/equities/bhavcopy/cm16APR2026.csv.zip
2026-04-16 16:58:32,500 [WARNING]   404 — file not on NSE (holiday or wrong date)
2026-04-16 16:58:32,501 [INFO]   [1/3] GET https://nsearchives.nseindia.com/content/cm/BhavCopy_NSE_CM_0_0_0_20260416_F_0000.csv.zip
2026-04-16 16:58:32,777 [INFO]   OK 187,794 bytes
2026-04-16 16:58:32,793 [INFO]   Extracted 'BhavCopy_NSE_CM_0_0_0_20260416_F_0000.csv': 3,330 rows x 34 cols
2026-04-16 16:58:32,853 [INFO]   Saved -> data/equity/2026/04/2026-04-16.csv
2026-04-16 16:58:32,854 [INFO] 
-- 2/6  F&O --
2026-04-16 16:58:32,854 [INFO]   [1/3] GET https://archives.nseindia.com/content/historical/DERIVATIVES/2026/APR/fo16APR2026bhav.csv.zip
2026-04-16 16:58:33,197 [WARNING]   404 — file not on NSE (holiday or wrong date)
2026-04-16 16:58:33,198 [INFO]   [1/3] GET https://archives.nseindia.com/archives/derivatives/bhavcopy/fo16APR2026.csv.zip
2026-04-16 16:58:33,583 [WARNING]   404 — file not on NSE (holiday or wrong date)
2026-04-16 16:58:33,583 [INFO]   [1/3] GET https://nsearchives.nseindia.com/content/fo/BhavCopy_NSE_FO_0_0_0_20260416_F_0000.csv.zip
2026-04-16 16:58:33,822 [INFO]   OK 1,452,574 bytes
2026-04-16 16:58:33,934 [INFO]   Extracted 'BhavCopy_NSE_FO_0_0_0_20260416_F_0000.csv': 47,157 rows x 34 cols
2026-04-16 16:58:34,679 [INFO]   Saved -> data/fo/2026/04/2026-04-16.csv
2026-04-16 16:58:34,682 [INFO] 
-- 3/6  INDEX --
2026-04-16 16:58:34,682 [INFO]   [1/3] GET https://archives.nseindia.com/content/indices/ind_close_all_16042026.csv
2026-04-16 16:58:34,991 [INFO]   OK 15,189 bytes
2026-04-16 16:58:34,995 [INFO]   Saved -> data/index/2026/04/2026-04-16.csv
2026-04-16 16:58:34,995 [INFO] 
-- 4/6  DELIVERY --
2026-04-16 16:58:34,995 [INFO]   [1/3] GET https://archives.nseindia.com/archives/equities/mto/MTO_16042026.DAT
2026-04-16 16:58:35,371 [INFO]   OK 120,760 bytes
2026-04-16 16:58:35,376 [INFO]   [1/3] GET https://archives.nseindia.com/archives/equities/bhavcopy/sec_bhavdata16APR2026.csv
2026-04-16 16:58:35,649 [WARNING]   404 — file not on NSE (holiday or wrong date)
2026-04-16 16:58:35,649 [INFO] 
-- 5/6  CORPORATE ACTIONS --
2026-04-16 16:58:35,649 [INFO]   [1/3] GET https://www.nseindia.com/corporates/shownCorporateActions?index=equities&from_date=09-04-2026&to_date=16-04-2026
2026-04-16 16:58:35,949 [WARNING]   404 — file not on NSE (holiday or wrong date)
2026-04-16 16:58:35,949 [INFO] 
-- 6/6  SME --
2026-04-16 16:58:35,949 [INFO]   [1/3] GET https://archives.nseindia.com/content/historical/EQUITIES/2026/APR/SME16APR2026BHAV.csv.zip
2026-04-16 16:58:36,254 [WARNING]   404 — file not on NSE (holiday or wrong date)
2026-04-16 16:58:36,254 [INFO]   [1/3] GET https://nsearchives.nseindia.com/content/cm/BhavCopy_NSE_SME_0_0_0_20260416_F_0000.csv.zip
2026-04-16 16:58:36,510 [WARNING]   404 — file not on NSE (holiday or wrong date)
2026-04-16 16:58:36,510 [INFO] 
-- MANIFEST --
2026-04-16 16:58:36,528 [INFO]   Manifest + summary updated.
2026-04-16 16:58:36,528 [INFO] 
============================================================
2026-04-16 16:58:36,528 [INFO]   OK  equity
2026-04-16 16:58:36,528 [INFO]   OK  fo
2026-04-16 16:58:36,528 [INFO]   OK  index
2026-04-16 16:58:36,528 [INFO]   FAIL  delivery
2026-04-16 16:58:36,528 [INFO]   FAIL  corporate_actions
2026-04-16 16:58:36,528 [INFO]   FAIL  sme
2026-04-16 16:58:36,528 [INFO] ============================================================
