2026-08-21 13:25:45,031 [INFO] ============================================================
2026-08-21 13:25:45,031 [INFO]   NSE Fetcher v2 (Cloudflare-proof) -- 2026-08-21
2026-08-21 13:25:45,031 [INFO] ============================================================
2026-08-21 13:25:45,103 [INFO]   HTTP engine: curl_cffi
2026-08-21 13:25:45,589 [INFO]   Warm-up https://www.nseindia.com -> 200
2026-08-21 13:25:47,619 [INFO]   Warm-up market-data -> 200
2026-08-21 13:25:48,300 [INFO]   Session engine: curl_cffi
2026-08-21 13:25:48,377 [INFO] 
-- 1/6  EQUITY --
2026-08-21 13:25:48,377 [INFO]   [1/3] GET https://archives.nseindia.com/content/historical/EQUITIES/2026/AUG/cm21AUG2026bhav.csv.zip
2026-08-21 13:25:48,613 [WARNING]   404 — file not on NSE (holiday or wrong date)
2026-08-21 13:25:48,613 [INFO]   [1/3] GET https://archives.nseindia.com/archives/equities/bhavcopy/cm21AUG2026.csv.zip
2026-08-21 13:25:48,859 [WARNING]   404 — file not on NSE (holiday or wrong date)
2026-08-21 13:25:48,859 [INFO]   [1/3] GET https://nsearchives.nseindia.com/content/cm/BhavCopy_NSE_CM_0_0_0_20260821_F_0000.csv.zip
2026-08-21 13:25:48,986 [INFO]   OK 203,755 bytes
2026-08-21 13:25:49,002 [INFO]   Extracted 'BhavCopy_NSE_CM_0_0_0_20260821_F_0000.csv': 3,649 rows x 34 cols
2026-08-21 13:25:49,071 [INFO]   Saved -> data/equity/2026/08/2026-08-21.csv
2026-08-21 13:25:49,071 [INFO] 
-- 2/6  F&O --
2026-08-21 13:25:49,071 [INFO]   [1/3] GET https://archives.nseindia.com/content/historical/DERIVATIVES/2026/AUG/fo21AUG2026bhav.csv.zip
2026-08-21 13:25:49,323 [WARNING]   404 — file not on NSE (holiday or wrong date)
2026-08-21 13:25:49,323 [INFO]   [1/3] GET https://archives.nseindia.com/archives/derivatives/bhavcopy/fo21AUG2026.csv.zip
2026-08-21 13:25:49,597 [WARNING]   404 — file not on NSE (holiday or wrong date)
2026-08-21 13:25:49,597 [INFO]   [1/3] GET https://nsearchives.nseindia.com/content/fo/BhavCopy_NSE_FO_0_0_0_20260821_F_0000.csv.zip
2026-08-21 13:25:50,372 [WARNING]   404 — file not on NSE (holiday or wrong date)
2026-08-21 13:25:50,372 [INFO]   [1/3] GET https://nsearchives.nseindia.com/archives/derivatives/bhavcopy/fo21AUG2026.csv.zip
2026-08-21 13:25:51,472 [WARNING]   404 — file not on NSE (holiday or wrong date)
2026-08-21 13:25:51,472 [INFO] 
-- 3/6  INDEX --
2026-08-21 13:25:51,472 [INFO]   [1/3] GET https://archives.nseindia.com/content/indices/ind_close_all_21082026.csv
2026-08-21 13:25:51,769 [INFO]   OK 16,740 bytes
2026-08-21 13:25:51,773 [INFO]   Saved -> data/index/2026/08/2026-08-21.csv
2026-08-21 13:25:51,773 [INFO] 
-- 4/6  DELIVERY --
2026-08-21 13:25:51,773 [INFO]   [1/3] GET https://archives.nseindia.com/archives/equities/mto/MTO_21082026.DAT
2026-08-21 13:25:52,210 [INFO]   OK 126,515 bytes
2026-08-21 13:25:52,215 [INFO]   [1/3] GET https://archives.nseindia.com/archives/equities/bhavcopy/sec_bhavdata21AUG2026.csv
2026-08-21 13:25:52,483 [WARNING]   404 — file not on NSE (holiday or wrong date)
2026-08-21 13:25:52,484 [INFO] 
-- 5/6  CORPORATE ACTIONS --
2026-08-21 13:25:52,484 [INFO]   [1/3] GET https://www.nseindia.com/corporates/shownCorporateActions?index=equities&from_date=14-08-2026&to_date=21-08-2026
2026-08-21 13:25:52,779 [WARNING]   404 — file not on NSE (holiday or wrong date)
2026-08-21 13:25:52,780 [INFO] 
-- 6/6  SME --
2026-08-21 13:25:52,780 [INFO]   [1/3] GET https://archives.nseindia.com/content/historical/EQUITIES/2026/AUG/SME21AUG2026BHAV.csv.zip
2026-08-21 13:25:53,226 [WARNING]   404 — file not on NSE (holiday or wrong date)
2026-08-21 13:25:53,226 [INFO]   [1/3] GET https://nsearchives.nseindia.com/content/cm/BhavCopy_NSE_SME_0_0_0_20260821_F_0000.csv.zip
2026-08-21 13:25:53,500 [WARNING]   404 — file not on NSE (holiday or wrong date)
2026-08-21 13:25:53,501 [INFO] 
-- MANIFEST --
2026-08-21 13:25:53,520 [INFO]   Manifest + summary updated.
2026-08-21 13:25:53,521 [INFO] 
============================================================
2026-08-21 13:25:53,521 [INFO]   OK  equity
2026-08-21 13:25:53,521 [INFO]   FAIL  fo
2026-08-21 13:25:53,521 [INFO]   OK  index
2026-08-21 13:25:53,521 [INFO]   FAIL  delivery
2026-08-21 13:25:53,521 [INFO]   FAIL  corporate_actions
2026-08-21 13:25:53,521 [INFO]   FAIL  sme
2026-08-21 13:25:53,521 [INFO] ============================================================
