2026-09-15 17:11:45,116 [INFO] ============================================================
2026-09-15 17:11:45,116 [INFO]   NSE Fetcher v2 (Cloudflare-proof) -- 2026-09-15
2026-09-15 17:11:45,116 [INFO] ============================================================
2026-09-15 17:11:45,247 [INFO]   HTTP engine: curl_cffi
2026-09-15 17:11:45,735 [INFO]   Warm-up https://www.nseindia.com -> 200
2026-09-15 17:11:48,000 [INFO]   Warm-up market-data -> 200
2026-09-15 17:11:48,917 [INFO]   Session engine: curl_cffi
2026-09-15 17:11:49,077 [INFO] 
-- 1/6  EQUITY --
2026-09-15 17:11:49,077 [INFO]   [1/3] GET https://archives.nseindia.com/content/historical/EQUITIES/2026/SEP/cm15SEP2026bhav.csv.zip
2026-09-15 17:11:49,534 [WARNING]   404 — file not on NSE (holiday or wrong date)
2026-09-15 17:11:49,534 [INFO]   [1/3] GET https://archives.nseindia.com/archives/equities/bhavcopy/cm15SEP2026.csv.zip
2026-09-15 17:11:49,817 [WARNING]   404 — file not on NSE (holiday or wrong date)
2026-09-15 17:11:49,817 [INFO]   [1/3] GET https://nsearchives.nseindia.com/content/cm/BhavCopy_NSE_CM_0_0_0_20260915_F_0000.csv.zip
2026-09-15 17:11:49,916 [INFO]   OK 206,785 bytes
2026-09-15 17:11:49,933 [INFO]   Extracted 'BhavCopy_NSE_CM_0_0_0_20260915_F_0000.csv': 3,692 rows x 34 cols
2026-09-15 17:11:49,999 [INFO]   Saved -> data/equity/2026/09/2026-09-15.csv
2026-09-15 17:11:49,999 [INFO] 
-- 2/6  F&O --
2026-09-15 17:11:49,999 [INFO]   [1/3] GET https://archives.nseindia.com/content/historical/DERIVATIVES/2026/SEP/fo15SEP2026bhav.csv.zip
2026-09-15 17:11:50,328 [WARNING]   404 — file not on NSE (holiday or wrong date)
2026-09-15 17:11:50,328 [INFO]   [1/3] GET https://archives.nseindia.com/archives/derivatives/bhavcopy/fo15SEP2026.csv.zip
2026-09-15 17:11:50,638 [WARNING]   404 — file not on NSE (holiday or wrong date)
2026-09-15 17:11:50,639 [INFO]   [1/3] GET https://nsearchives.nseindia.com/content/fo/BhavCopy_NSE_FO_0_0_0_20260915_F_0000.csv.zip
2026-09-15 17:11:51,111 [INFO]   OK 1,097,093 bytes
2026-09-15 17:11:51,210 [INFO]   Extracted 'BhavCopy_NSE_FO_0_0_0_20260915_F_0000.csv': 34,647 rows x 34 cols
2026-09-15 17:11:51,759 [INFO]   Saved -> data/fo/2026/09/2026-09-15.csv
2026-09-15 17:11:51,762 [INFO] 
-- 3/6  INDEX --
2026-09-15 17:11:51,763 [INFO]   [1/3] GET https://archives.nseindia.com/content/indices/ind_close_all_15092026.csv
2026-09-15 17:11:52,135 [INFO]   OK 15,947 bytes
2026-09-15 17:11:52,140 [INFO]   Saved -> data/index/2026/09/2026-09-15.csv
2026-09-15 17:11:52,140 [INFO] 
-- 4/6  DELIVERY --
2026-09-15 17:11:52,140 [INFO]   [1/3] GET https://archives.nseindia.com/archives/equities/mto/MTO_15092026.DAT
2026-09-15 17:11:53,002 [INFO]   OK 127,991 bytes
2026-09-15 17:11:53,008 [INFO]   [1/3] GET https://archives.nseindia.com/archives/equities/bhavcopy/sec_bhavdata15SEP2026.csv
2026-09-15 17:11:53,363 [WARNING]   404 — file not on NSE (holiday or wrong date)
2026-09-15 17:11:53,364 [INFO] 
-- 5/6  CORPORATE ACTIONS --
2026-09-15 17:11:53,364 [INFO]   [1/3] GET https://www.nseindia.com/corporates/shownCorporateActions?index=equities&from_date=08-09-2026&to_date=15-09-2026
2026-09-15 17:11:53,774 [WARNING]   404 — file not on NSE (holiday or wrong date)
2026-09-15 17:11:53,774 [INFO] 
-- 6/6  SME --
2026-09-15 17:11:53,774 [INFO]   [1/3] GET https://archives.nseindia.com/content/historical/EQUITIES/2026/SEP/SME15SEP2026BHAV.csv.zip
2026-09-15 17:11:54,090 [WARNING]   404 — file not on NSE (holiday or wrong date)
2026-09-15 17:11:54,090 [INFO]   [1/3] GET https://nsearchives.nseindia.com/content/cm/BhavCopy_NSE_SME_0_0_0_20260915_F_0000.csv.zip
2026-09-15 17:11:54,445 [WARNING]   404 — file not on NSE (holiday or wrong date)
2026-09-15 17:11:54,445 [INFO] 
-- MANIFEST --
2026-09-15 17:11:54,463 [INFO]   Manifest + summary updated.
2026-09-15 17:11:54,463 [INFO] 
============================================================
2026-09-15 17:11:54,463 [INFO]   OK  equity
2026-09-15 17:11:54,463 [INFO]   OK  fo
2026-09-15 17:11:54,463 [INFO]   OK  index
2026-09-15 17:11:54,464 [INFO]   FAIL  delivery
2026-09-15 17:11:54,464 [INFO]   FAIL  corporate_actions
2026-09-15 17:11:54,464 [INFO]   FAIL  sme
2026-09-15 17:11:54,464 [INFO] ============================================================
