2026-09-18 16:37:38,808 [INFO] ============================================================
2026-09-18 16:37:38,808 [INFO]   NSE Fetcher v2 (Cloudflare-proof) -- 2026-09-18
2026-09-18 16:37:38,808 [INFO] ============================================================
2026-09-18 16:37:38,872 [INFO]   HTTP engine: curl_cffi
2026-09-18 16:37:39,655 [INFO]   Warm-up https://www.nseindia.com -> 200
2026-09-18 16:37:42,354 [INFO]   Warm-up market-data -> 200
2026-09-18 16:37:43,050 [INFO]   Session engine: curl_cffi
2026-09-18 16:37:43,264 [INFO] 
-- 1/6  EQUITY --
2026-09-18 16:37:43,265 [INFO]   [1/3] GET https://archives.nseindia.com/content/historical/EQUITIES/2026/SEP/cm18SEP2026bhav.csv.zip
2026-09-18 16:37:43,624 [WARNING]   404 — file not on NSE (holiday or wrong date)
2026-09-18 16:37:43,624 [INFO]   [1/3] GET https://archives.nseindia.com/archives/equities/bhavcopy/cm18SEP2026.csv.zip
2026-09-18 16:37:43,926 [WARNING]   404 — file not on NSE (holiday or wrong date)
2026-09-18 16:37:43,926 [INFO]   [1/3] GET https://nsearchives.nseindia.com/content/cm/BhavCopy_NSE_CM_0_0_0_20260918_F_0000.csv.zip
2026-09-18 16:37:44,361 [INFO]   OK 204,944 bytes
2026-09-18 16:37:44,377 [INFO]   Extracted 'BhavCopy_NSE_CM_0_0_0_20260918_F_0000.csv': 3,660 rows x 34 cols
2026-09-18 16:37:44,445 [INFO]   Saved -> data/equity/2026/09/2026-09-18.csv
2026-09-18 16:37:44,445 [INFO] 
-- 2/6  F&O --
2026-09-18 16:37:44,445 [INFO]   [1/3] GET https://archives.nseindia.com/content/historical/DERIVATIVES/2026/SEP/fo18SEP2026bhav.csv.zip
2026-09-18 16:37:44,761 [WARNING]   404 — file not on NSE (holiday or wrong date)
2026-09-18 16:37:44,761 [INFO]   [1/3] GET https://archives.nseindia.com/archives/derivatives/bhavcopy/fo18SEP2026.csv.zip
2026-09-18 16:37:45,064 [WARNING]   404 — file not on NSE (holiday or wrong date)
2026-09-18 16:37:45,064 [INFO]   [1/3] GET https://nsearchives.nseindia.com/content/fo/BhavCopy_NSE_FO_0_0_0_20260918_F_0000.csv.zip
2026-09-18 16:37:45,353 [INFO]   OK 1,139,451 bytes
2026-09-18 16:37:45,440 [INFO]   Extracted 'BhavCopy_NSE_FO_0_0_0_20260918_F_0000.csv': 35,960 rows x 34 cols
2026-09-18 16:37:46,025 [INFO]   Saved -> data/fo/2026/09/2026-09-18.csv
2026-09-18 16:37:46,028 [INFO] 
-- 3/6  INDEX --
2026-09-18 16:37:46,028 [INFO]   [1/3] GET https://archives.nseindia.com/content/indices/ind_close_all_18092026.csv
2026-09-18 16:37:46,351 [INFO]   OK 15,645 bytes
2026-09-18 16:37:46,355 [INFO]   Saved -> data/index/2026/09/2026-09-18.csv
2026-09-18 16:37:46,356 [INFO] 
-- 4/6  DELIVERY --
2026-09-18 16:37:46,356 [INFO]   [1/3] GET https://archives.nseindia.com/archives/equities/mto/MTO_18092026.DAT
2026-09-18 16:37:46,690 [INFO]   OK 126,572 bytes
2026-09-18 16:37:46,694 [INFO]   [1/3] GET https://archives.nseindia.com/archives/equities/bhavcopy/sec_bhavdata18SEP2026.csv
2026-09-18 16:37:47,028 [WARNING]   404 — file not on NSE (holiday or wrong date)
2026-09-18 16:37:47,028 [INFO] 
-- 5/6  CORPORATE ACTIONS --
2026-09-18 16:37:47,028 [INFO]   [1/3] GET https://www.nseindia.com/corporates/shownCorporateActions?index=equities&from_date=11-09-2026&to_date=18-09-2026
2026-09-18 16:37:48,734 [WARNING]   404 — file not on NSE (holiday or wrong date)
2026-09-18 16:37:48,734 [INFO] 
-- 6/6  SME --
2026-09-18 16:37:48,734 [INFO]   [1/3] GET https://archives.nseindia.com/content/historical/EQUITIES/2026/SEP/SME18SEP2026BHAV.csv.zip
2026-09-18 16:37:49,045 [WARNING]   404 — file not on NSE (holiday or wrong date)
2026-09-18 16:37:49,045 [INFO]   [1/3] GET https://nsearchives.nseindia.com/content/cm/BhavCopy_NSE_SME_0_0_0_20260918_F_0000.csv.zip
2026-09-18 16:37:49,451 [WARNING]   404 — file not on NSE (holiday or wrong date)
2026-09-18 16:37:49,451 [INFO] 
-- MANIFEST --
2026-09-18 16:37:49,469 [INFO]   Manifest + summary updated.
2026-09-18 16:37:49,469 [INFO] 
============================================================
2026-09-18 16:37:49,470 [INFO]   OK  equity
2026-09-18 16:37:49,470 [INFO]   OK  fo
2026-09-18 16:37:49,470 [INFO]   OK  index
2026-09-18 16:37:49,470 [INFO]   FAIL  delivery
2026-09-18 16:37:49,470 [INFO]   FAIL  corporate_actions
2026-09-18 16:37:49,470 [INFO]   FAIL  sme
2026-09-18 16:37:49,470 [INFO] ============================================================
