2026-06-02 17:00:58,337 [INFO] ============================================================
2026-06-02 17:00:58,337 [INFO]   NSE Fetcher v2 (Cloudflare-proof) -- 2026-06-02
2026-06-02 17:00:58,337 [INFO] ============================================================
2026-06-02 17:00:58,404 [INFO]   HTTP engine: curl_cffi
2026-06-02 17:00:58,797 [INFO]   Warm-up https://www.nseindia.com -> 200
2026-06-02 17:01:00,237 [INFO]   Warm-up market-data -> 200
2026-06-02 17:01:00,793 [INFO]   Session engine: curl_cffi
2026-06-02 17:01:01,218 [INFO] 
-- 1/6  EQUITY --
2026-06-02 17:01:01,218 [INFO]   [1/3] GET https://archives.nseindia.com/content/historical/EQUITIES/2026/JUN/cm02JUN2026bhav.csv.zip
2026-06-02 17:01:02,567 [WARNING]   404 — file not on NSE (holiday or wrong date)
2026-06-02 17:01:02,568 [INFO]   [1/3] GET https://archives.nseindia.com/archives/equities/bhavcopy/cm02JUN2026.csv.zip
2026-06-02 17:01:02,934 [WARNING]   404 — file not on NSE (holiday or wrong date)
2026-06-02 17:01:02,934 [INFO]   [1/3] GET https://nsearchives.nseindia.com/content/cm/BhavCopy_NSE_CM_0_0_0_20260602_F_0000.csv.zip
2026-06-02 17:01:03,222 [INFO]   OK 192,788 bytes
2026-06-02 17:01:03,238 [INFO]   Extracted 'BhavCopy_NSE_CM_0_0_0_20260602_F_0000.csv': 3,433 rows x 34 cols
2026-06-02 17:01:03,302 [INFO]   Saved -> data/equity/2026/06/2026-06-02.csv
2026-06-02 17:01:03,302 [INFO] 
-- 2/6  F&O --
2026-06-02 17:01:03,302 [INFO]   [1/3] GET https://archives.nseindia.com/content/historical/DERIVATIVES/2026/JUN/fo02JUN2026bhav.csv.zip
2026-06-02 17:01:03,571 [WARNING]   404 — file not on NSE (holiday or wrong date)
2026-06-02 17:01:03,571 [INFO]   [1/3] GET https://archives.nseindia.com/archives/derivatives/bhavcopy/fo02JUN2026.csv.zip
2026-06-02 17:01:03,857 [WARNING]   404 — file not on NSE (holiday or wrong date)
2026-06-02 17:01:03,857 [INFO]   [1/3] GET https://nsearchives.nseindia.com/content/fo/BhavCopy_NSE_FO_0_0_0_20260602_F_0000.csv.zip
2026-06-02 17:01:04,090 [INFO]   OK 1,180,505 bytes
2026-06-02 17:01:04,192 [INFO]   Extracted 'BhavCopy_NSE_FO_0_0_0_20260602_F_0000.csv': 38,724 rows x 34 cols
2026-06-02 17:01:04,845 [INFO]   Saved -> data/fo/2026/06/2026-06-02.csv
2026-06-02 17:01:04,848 [INFO] 
-- 3/6  INDEX --
2026-06-02 17:01:04,849 [INFO]   [1/3] GET https://archives.nseindia.com/content/indices/ind_close_all_02062026.csv
2026-06-02 17:01:05,219 [INFO]   OK 15,657 bytes
2026-06-02 17:01:05,223 [INFO]   Saved -> data/index/2026/06/2026-06-02.csv
2026-06-02 17:01:05,223 [INFO] 
-- 4/6  DELIVERY --
2026-06-02 17:01:05,223 [INFO]   [1/3] GET https://archives.nseindia.com/archives/equities/mto/MTO_02062026.DAT
2026-06-02 17:01:06,136 [INFO]   OK 119,412 bytes
2026-06-02 17:01:06,142 [INFO]   [1/3] GET https://archives.nseindia.com/archives/equities/bhavcopy/sec_bhavdata02JUN2026.csv
2026-06-02 17:01:06,443 [WARNING]   404 — file not on NSE (holiday or wrong date)
2026-06-02 17:01:06,444 [INFO] 
-- 5/6  CORPORATE ACTIONS --
2026-06-02 17:01:06,444 [INFO]   [1/3] GET https://www.nseindia.com/corporates/shownCorporateActions?index=equities&from_date=26-05-2026&to_date=02-06-2026
2026-06-02 17:01:06,737 [WARNING]   404 — file not on NSE (holiday or wrong date)
2026-06-02 17:01:06,737 [INFO] 
-- 6/6  SME --
2026-06-02 17:01:06,737 [INFO]   [1/3] GET https://archives.nseindia.com/content/historical/EQUITIES/2026/JUN/SME02JUN2026BHAV.csv.zip
2026-06-02 17:01:07,009 [WARNING]   404 — file not on NSE (holiday or wrong date)
2026-06-02 17:01:07,009 [INFO]   [1/3] GET https://nsearchives.nseindia.com/content/cm/BhavCopy_NSE_SME_0_0_0_20260602_F_0000.csv.zip
2026-06-02 17:01:07,291 [WARNING]   404 — file not on NSE (holiday or wrong date)
2026-06-02 17:01:07,291 [INFO] 
-- MANIFEST --
2026-06-02 17:01:07,310 [INFO]   Manifest + summary updated.
2026-06-02 17:01:07,310 [INFO] 
============================================================
2026-06-02 17:01:07,310 [INFO]   OK  equity
2026-06-02 17:01:07,311 [INFO]   OK  fo
2026-06-02 17:01:07,311 [INFO]   OK  index
2026-06-02 17:01:07,311 [INFO]   FAIL  delivery
2026-06-02 17:01:07,311 [INFO]   FAIL  corporate_actions
2026-06-02 17:01:07,311 [INFO]   FAIL  sme
2026-06-02 17:01:07,311 [INFO] ============================================================
