2026-07-24 14:20:00,930 [INFO] ============================================================
2026-07-24 14:20:00,930 [INFO]   NSE Fetcher v2 (Cloudflare-proof) -- 2026-07-24
2026-07-24 14:20:00,930 [INFO] ============================================================
2026-07-24 14:20:01,188 [INFO]   HTTP engine: curl_cffi
2026-07-24 14:20:01,670 [INFO]   Warm-up https://www.nseindia.com -> 200
2026-07-24 14:20:03,472 [INFO]   Warm-up market-data -> 200
2026-07-24 14:20:03,985 [INFO]   Session engine: curl_cffi
2026-07-24 14:20:04,047 [INFO] 
-- 1/6  EQUITY --
2026-07-24 14:20:04,048 [INFO]   [1/3] GET https://archives.nseindia.com/content/historical/EQUITIES/2026/JUL/cm24JUL2026bhav.csv.zip
2026-07-24 14:20:04,459 [WARNING]   404 — file not on NSE (holiday or wrong date)
2026-07-24 14:20:04,459 [INFO]   [1/3] GET https://archives.nseindia.com/archives/equities/bhavcopy/cm24JUL2026.csv.zip
2026-07-24 14:20:04,744 [WARNING]   404 — file not on NSE (holiday or wrong date)
2026-07-24 14:20:04,744 [INFO]   [1/3] GET https://nsearchives.nseindia.com/content/cm/BhavCopy_NSE_CM_0_0_0_20260724_F_0000.csv.zip
2026-07-24 14:20:05,234 [INFO]   OK 192,194 bytes
2026-07-24 14:20:05,250 [INFO]   Extracted 'BhavCopy_NSE_CM_0_0_0_20260724_F_0000.csv': 3,432 rows x 34 cols
2026-07-24 14:20:05,313 [INFO]   Saved -> data/equity/2026/07/2026-07-24.csv
2026-07-24 14:20:05,314 [INFO] 
-- 2/6  F&O --
2026-07-24 14:20:05,314 [INFO]   [1/3] GET https://archives.nseindia.com/content/historical/DERIVATIVES/2026/JUL/fo24JUL2026bhav.csv.zip
2026-07-24 14:20:05,566 [WARNING]   404 — file not on NSE (holiday or wrong date)
2026-07-24 14:20:05,566 [INFO]   [1/3] GET https://archives.nseindia.com/archives/derivatives/bhavcopy/fo24JUL2026.csv.zip
2026-07-24 14:20:05,837 [WARNING]   404 — file not on NSE (holiday or wrong date)
2026-07-24 14:20:05,838 [INFO]   [1/3] GET https://nsearchives.nseindia.com/content/fo/BhavCopy_NSE_FO_0_0_0_20260724_F_0000.csv.zip
2026-07-24 14:20:06,060 [INFO]   OK 1,306,833 bytes
2026-07-24 14:20:06,156 [INFO]   Extracted 'BhavCopy_NSE_FO_0_0_0_20260724_F_0000.csv': 38,800 rows x 34 cols
2026-07-24 14:20:06,794 [INFO]   Saved -> data/fo/2026/07/2026-07-24.csv
2026-07-24 14:20:06,797 [INFO] 
-- 3/6  INDEX --
2026-07-24 14:20:06,797 [INFO]   [1/3] GET https://archives.nseindia.com/content/indices/ind_close_all_24072026.csv
2026-07-24 14:20:07,141 [INFO]   OK 16,610 bytes
2026-07-24 14:20:07,145 [INFO]   Saved -> data/index/2026/07/2026-07-24.csv
2026-07-24 14:20:07,145 [INFO] 
-- 4/6  DELIVERY --
2026-07-24 14:20:07,145 [INFO]   [1/3] GET https://archives.nseindia.com/archives/equities/mto/MTO_24072026.DAT
2026-07-24 14:20:07,407 [INFO]   OK 115,627 bytes
2026-07-24 14:20:07,413 [INFO]   [1/3] GET https://archives.nseindia.com/archives/equities/bhavcopy/sec_bhavdata24JUL2026.csv
2026-07-24 14:20:07,696 [WARNING]   404 — file not on NSE (holiday or wrong date)
2026-07-24 14:20:07,696 [INFO] 
-- 5/6  CORPORATE ACTIONS --
2026-07-24 14:20:07,696 [INFO]   [1/3] GET https://www.nseindia.com/corporates/shownCorporateActions?index=equities&from_date=17-07-2026&to_date=24-07-2026
2026-07-24 14:20:07,996 [WARNING]   404 — file not on NSE (holiday or wrong date)
2026-07-24 14:20:07,996 [INFO] 
-- 6/6  SME --
2026-07-24 14:20:07,996 [INFO]   [1/3] GET https://archives.nseindia.com/content/historical/EQUITIES/2026/JUL/SME24JUL2026BHAV.csv.zip
2026-07-24 14:20:08,269 [WARNING]   404 — file not on NSE (holiday or wrong date)
2026-07-24 14:20:08,269 [INFO]   [1/3] GET https://nsearchives.nseindia.com/content/cm/BhavCopy_NSE_SME_0_0_0_20260724_F_0000.csv.zip
2026-07-24 14:20:08,611 [WARNING]   404 — file not on NSE (holiday or wrong date)
2026-07-24 14:20:08,611 [INFO] 
-- MANIFEST --
2026-07-24 14:20:08,628 [INFO]   Manifest + summary updated.
2026-07-24 14:20:08,629 [INFO] 
============================================================
2026-07-24 14:20:08,629 [INFO]   OK  equity
2026-07-24 14:20:08,629 [INFO]   OK  fo
2026-07-24 14:20:08,629 [INFO]   OK  index
2026-07-24 14:20:08,629 [INFO]   FAIL  delivery
2026-07-24 14:20:08,629 [INFO]   FAIL  corporate_actions
2026-07-24 14:20:08,629 [INFO]   FAIL  sme
2026-07-24 14:20:08,629 [INFO] ============================================================
